Component: ARM Compiler 6.16 Tool: armlink [5dfeaa00]

==============================================================================

Section Cross References

    startup_stm32f334x8.o(STACK) refers (Special) to heapauxi.o(.text) for __use_two_region_memory
    startup_stm32f334x8.o(HEAP) refers (Special) to heapauxi.o(.text) for __use_two_region_memory
    startup_stm32f334x8.o(RESET) refers (Special) to heapauxi.o(.text) for __use_two_region_memory
    startup_stm32f334x8.o(RESET) refers to startup_stm32f334x8.o(STACK) for __initial_sp
    startup_stm32f334x8.o(RESET) refers to startup_stm32f334x8.o(.text) for Reset_Handler
    startup_stm32f334x8.o(RESET) refers to stm32f3xx_it.o(.text.NMI_Handler) for NMI_Handler
    startup_stm32f334x8.o(RESET) refers to stm32f3xx_it.o(.text.HardFault_Handler) for HardFault_Handler
    startup_stm32f334x8.o(RESET) refers to stm32f3xx_it.o(.text.MemManage_Handler) for MemManage_Handler
    startup_stm32f334x8.o(RESET) refers to stm32f3xx_it.o(.text.BusFault_Handler) for BusFault_Handler
    startup_stm32f334x8.o(RESET) refers to stm32f3xx_it.o(.text.UsageFault_Handler) for UsageFault_Handler
    startup_stm32f334x8.o(RESET) refers to stm32f3xx_it.o(.text.SVC_Handler) for SVC_Handler
    startup_stm32f334x8.o(RESET) refers to stm32f3xx_it.o(.text.DebugMon_Handler) for DebugMon_Handler
    startup_stm32f334x8.o(RESET) refers to stm32f3xx_it.o(.text.PendSV_Handler) for PendSV_Handler
    startup_stm32f334x8.o(RESET) refers to stm32f3xx_it.o(.text.SysTick_Handler) for SysTick_Handler
    startup_stm32f334x8.o(RESET) refers to stm32f3xx_it.o(.text.DMA1_Channel1_IRQHandler) for DMA1_Channel1_IRQHandler
    startup_stm32f334x8.o(RESET) refers to stm32f3xx_it.o(.text.TIM1_TRG_COM_TIM17_IRQHandler) for TIM1_TRG_COM_TIM17_IRQHandler
    startup_stm32f334x8.o(RESET) refers to stm32f3xx_it.o(.text.HRTIM1_Master_IRQHandler) for HRTIM1_Master_IRQHandler
    startup_stm32f334x8.o(.text) refers (Special) to heapauxi.o(.text) for __use_two_region_memory
    startup_stm32f334x8.o(.text) refers to system_stm32f3xx.o(.text.SystemInit) for SystemInit
    startup_stm32f334x8.o(.text) refers to __main.o(!!!main) for __main
    startup_stm32f334x8.o(.text) refers to startup_stm32f334x8.o(HEAP) for Heap_Mem
    startup_stm32f334x8.o(.text) refers to startup_stm32f334x8.o(STACK) for Stack_Mem
    oled.o(.text.OLED_Set_Pos) refers to oled.o(.text.OLED_Write_Cmd) for OLED_Write_Cmd
    oled.o(.ARM.exidx.text.OLED_Set_Pos) refers to oled.o(.text.OLED_Set_Pos) for [Anonymous Symbol]
    oled.o(.text.OLED_Write_Cmd) refers to i2c.o(.bss.hi2c1) for hi2c1
    oled.o(.text.OLED_Write_Cmd) refers to stm32f3xx_hal_i2c.o(.text.HAL_I2C_Master_Transmit) for HAL_I2C_Master_Transmit
    oled.o(.ARM.exidx.text.OLED_Write_Cmd) refers to oled.o(.text.OLED_Write_Cmd) for [Anonymous Symbol]
    oled.o(.text.OLED_Display_On) refers to oled.o(.text.OLED_Write_Cmd) for OLED_Write_Cmd
    oled.o(.ARM.exidx.text.OLED_Display_On) refers to oled.o(.text.OLED_Display_On) for [Anonymous Symbol]
    oled.o(.text.OLED_Display_Off) refers to oled.o(.text.OLED_Write_Cmd) for OLED_Write_Cmd
    oled.o(.ARM.exidx.text.OLED_Display_Off) refers to oled.o(.text.OLED_Display_Off) for [Anonymous Symbol]
    oled.o(.text.OLED_Clear) refers to oled.o(.text.OLED_Write_Cmd) for OLED_Write_Cmd
    oled.o(.text.OLED_Clear) refers to oled.o(.text.OLED_Write_Dat) for OLED_Write_Dat
    oled.o(.ARM.exidx.text.OLED_Clear) refers to oled.o(.text.OLED_Clear) for [Anonymous Symbol]
    oled.o(.text.OLED_Write_Dat) refers to i2c.o(.bss.hi2c1) for hi2c1
    oled.o(.text.OLED_Write_Dat) refers to stm32f3xx_hal_i2c.o(.text.HAL_I2C_Master_Transmit) for HAL_I2C_Master_Transmit
    oled.o(.ARM.exidx.text.OLED_Write_Dat) refers to oled.o(.text.OLED_Write_Dat) for [Anonymous Symbol]
    oled.o(.text.OLED_On) refers to oled.o(.text.OLED_Write_Cmd) for OLED_Write_Cmd
    oled.o(.text.OLED_On) refers to oled.o(.text.OLED_Write_Dat) for OLED_Write_Dat
    oled.o(.ARM.exidx.text.OLED_On) refers to oled.o(.text.OLED_On) for [Anonymous Symbol]
    oled.o(.text.OLED_ShowChar) refers to oled.o(.text.OLED_Set_Pos) for OLED_Set_Pos
    oled.o(.text.OLED_ShowChar) refers to oled.o(.rodata.F8X16) for F8X16
    oled.o(.text.OLED_ShowChar) refers to oled.o(.text.OLED_Write_Dat) for OLED_Write_Dat
    oled.o(.text.OLED_ShowChar) refers to oled.o(.rodata.F6x8) for F6x8
    oled.o(.ARM.exidx.text.OLED_ShowChar) refers to oled.o(.text.OLED_ShowChar) for [Anonymous Symbol]
    oled.o(.text.OLED_ShowNum) refers to oled.o(.text.oled_pow) for oled_pow
    oled.o(.text.OLED_ShowNum) refers to oled.o(.text.OLED_ShowChar) for OLED_ShowChar
    oled.o(.ARM.exidx.text.OLED_ShowNum) refers to oled.o(.text.OLED_ShowNum) for [Anonymous Symbol]
    oled.o(.ARM.exidx.text.oled_pow) refers to oled.o(.text.oled_pow) for [Anonymous Symbol]
    oled.o(.text.OLED_ShowString) refers to oled.o(.text.OLED_ShowChar) for OLED_ShowChar
[...]
    __cxa_finalize                            - Undefined Weak Reference
    __sigvec_lookup                           - Undefined Weak Reference
    _atexit_init                              - Undefined Weak Reference
    _call_atexit_fns                          - Undefined Weak Reference
    _clock_init                               - Undefined Weak Reference
    _fp_trap_init                             - Undefined Weak Reference
    _fp_trap_shutdown                         - Undefined Weak Reference
    _get_lc_collate                           - Undefined Weak Reference
    _get_lc_monetary                          - Undefined Weak Reference
    _get_lc_time                              - Undefined Weak Reference
    _getenv_init                              - Undefined Weak Reference
    _handle_redirection                       - Undefined Weak Reference
    _init_alloc                               - Undefined Weak Reference
    _init_user_alloc                          - Undefined Weak Reference
    _initio                                   - Undefined Weak Reference
    _printf_mbtowc                            - Undefined Weak Reference
    _printf_wc                                - Undefined Weak Reference
    _rand_init                                - Undefined Weak Reference
    _signal_finish                            - Undefined Weak Reference
    _signal_init                              - Undefined Weak Reference
    _terminate_alloc                          - Undefined Weak Reference
    _terminate_user_alloc                     - Undefined Weak Reference
    _terminateio                              - Undefined Weak Reference
    __Vectors_Size                           0x00000188   Number         0  startup_stm32f334x8.o ABSOLUTE
    __Vectors                                0x08000000   Data           4  startup_stm32f334x8.o(RESET)
    __Vectors_End                            0x08000188   Data           0  startup_stm32f334x8.o(RESET)
    __main                                   0x08000189   Thumb Code     8  __main.o(!!!main)
    __scatterload                            0x08000191   Thumb Code     0  __scatter.o(!!!scatter)
    __scatterload_rt2                        0x08000191   Thumb Code    44  __scatter.o(!!!scatter)
    __scatterload_rt2_thumb_only             0x08000191   Thumb Code     0  __scatter.o(!!!scatter)
    __scatterload_null                       0x0800019f   Thumb Code     0  __scatter.o(!!!scatter)
    __scatterload_copy                       0x080001c5   Thumb Code    26  __scatter_copy.o(!!handler_copy)
    __scatterload_zeroinit                   0x080001e1   Thumb Code    28  __scatter_zi.o(!!handler_zi)
    _printf_n                                0x080001fd   Thumb Code     0  _printf_n.o(.ARM.Collect$$_printf_percent$$00000001)
    _printf_percent                          0x080001fd   Thumb Code     0  _printf_percent.o(.ARM.Collect$$_printf_percent$$00000000)
    _printf_p                                0x08000203   Thumb Code     0  _printf_p.o(.ARM.Collect$$_printf_percent$$00000002)
    _printf_f                                0x08000209   Thumb Code     0  _printf_f.o(.ARM.Collect$$_printf_percent$$00000003)
    _printf_e                                0x0800020f   Thumb Code     0  _printf_e.o(.ARM.Collect$$_printf_percent$$00000004)
    _printf_g                                0x08000215   Thumb Code     0  _printf_g.o(.ARM.Collect$$_printf_percent$$00000005)
    _printf_a                                0x0800021b   Thumb Code     0  _printf_a.o(.ARM.Collect$$_printf_percent$$00000006)
    _printf_ll                               0x08000221   Thumb Code     0  _printf_ll.o(.ARM.Collect$$_printf_percent$$00000007)
    _printf_i                                0x0800022b   Thumb Code     0  _printf_i.o(.ARM.Collect$$_printf_percent$$00000008)
    _printf_d                                0x08000231   Thumb Code     0  _printf_d.o(.ARM.Collect$$_printf_percent$$00000009)
    _printf_u                                0x08000237   Thumb Code     0  _printf_u.o(.ARM.Collect$$_printf_percent$$0000000A)
    _printf_o                                0x0800023d   Thumb Code     0  _printf_o.o(.ARM.Collect$$_printf_percent$$0000000B)
    _printf_x                                0x08000243   Thumb Code     0  _printf_x.o(.ARM.Collect$$_printf_percent$$0000000C)
    _printf_lli                              0x08000249   Thumb Code     0  _printf_lli.o(.ARM.Collect$$_printf_percent$$0000000D)
    _printf_lld                              0x0800024f   Thumb Code     0  _printf_lld.o(.ARM.Collect$$_printf_percent$$0000000E)
    _printf_llu                              0x08000255   Thumb Code     0  _printf_llu.o(.ARM.Collect$$_printf_percent$$0000000F)
    _printf_llo                              0x0800025b   Thumb Code     0  _printf_llo.o(.ARM.Collect$$_printf_percent$$00000010)
    _printf_llx                              0x08000261   Thumb Code     0  _printf_llx.o(.ARM.Collect$$_printf_percent$$00000011)
    _printf_l                                0x08000267   Thumb Code     0  _printf_l.o(.ARM.Collect$$_printf_percent$$00000012)
    _printf_c                                0x08000271   Thumb Code     0  _printf_c.o(.ARM.Collect$$_printf_percent$$00000013)
    _printf_s                                0x08000277   Thumb Code     0  _printf_s.o(.ARM.Collect$$_printf_percent$$00000014)
    _printf_lc                               0x0800027d   Thumb Code     0  _printf_lc.o(.ARM.Collect$$_printf_percent$$00000015)
    _printf_ls                               0x08000283   Thumb Code     0  _printf_ls.o(.ARM.Collect$$_printf_percent$$00000016)
    _printf_percent_end                      0x08000289   Thumb Code     0  _printf_percent_end.o(.ARM.Collect$$_printf_percent$$00000017)
    __rt_lib_init                            0x0800028d   Thumb Code     0  libinit.o(.ARM.Collect$$libinit$$00000000)
    __rt_lib_init_fp_1                       0x0800028f   Thumb Code     0  libinit2.o(.ARM.Collect$$libinit$$00000001)
    __rt_lib_init_heap_1                     0x08000293   Thumb Code     0  libinit2.o(.ARM.Collect$$libinit$$0000000A)
    __rt_lib_init_lc_common                  0x08000293   Thumb Code     0  libinit2.o(.ARM.Collect$$libinit$$0000000F)
    __rt_lib_init_preinit_1                  0x08000293   Thumb Code     0  libinit2.o(.ARM.Collect$$libinit$$00000004)
    __rt_lib_init_rand_1                     0x08000293   Thumb Code     0  libinit2.o(.ARM.Collect$$libinit$$0000000E)
    __rt_lib_init_user_alloc_1               0x08000293   Thumb Code     0  libinit2.o(.ARM.Collect$$libinit$$0000000C)
    __rt_lib_init_lc_collate_1               0x08000299   Thumb Code     0  libinit2.o(.ARM.Collect$$libinit$$00000011)
    __rt_lib_init_lc_ctype_2                 0x08000299   Thumb Code     0  libinit2.o(.ARM.Collect$$libinit$$00000012)
    __rt_lib_init_lc_ctype_1                 0x080002a5   Thumb Code     0  libinit2.o(.ARM.Collect$$libinit$$00000013)
    __rt_lib_init_lc_monetary_1              0x080002a5   Thumb Code     0  libinit2.o(.ARM.Collect$$libinit$$00000015)
    __rt_lib_init_lc_numeric_2               0x080002a5   Thumb Code     0  libinit2.o(.ARM.Collect$$libinit$$00000016)
    __rt_lib_init_alloca_1                   0x080002af   Thumb Code     0  libinit2.o(.ARM.Collect$$libinit$$0000002E)
    __rt_lib_init_argv_1                     0x080002af   Thumb Code     0  libinit2.o(.ARM.Collect$$libinit$$0000002C)
    __rt_lib_init_atexit_1                   0x080002af   Thumb Code     0  libinit2.o(.ARM.Collect$$libinit$$0000001B)
    __rt_lib_init_clock_1                    0x080002af   Thumb Code     0  libinit2.o(.ARM.Collect$$libinit$$00000021)
    __rt_lib_init_cpp_1                      0x080002af   Thumb Code     0  libinit2.o(.ARM.Collect$$libinit$$00000032)
    __rt_lib_init_exceptions_1               0x080002af   Thumb Code     0  libinit2.o(.ARM.Collect$$libinit$$00000030)
    __rt_lib_init_fp_trap_1                  0x080002af   Thumb Code     0  libinit2.o(.ARM.Collect$$libinit$$0000001F)
    __rt_lib_init_getenv_1                   0x080002af   Thumb Code     0  libinit2.o(.ARM.Collect$$libinit$$00000023)
    __rt_lib_init_lc_numeric_1               0x080002af   Thumb Code     0  libinit2.o(.ARM.Collect$$libinit$$00000017)
    __rt_lib_init_lc_time_1                  0x080002af   Thumb Code     0  libinit2.o(.ARM.Collect$$libinit$$00000019)
    __rt_lib_init_return                     0x080002af   Thumb Code     0  libinit2.o(.ARM.Collect$$libinit$$00000033)
    __rt_lib_init_signal_1                   0x080002af   Thumb Code     0  libinit2.o(.ARM.Collect$$libinit$$0000001D)
    __rt_lib_init_stdio_1                    0x080002af   Thumb Code     0  libinit2.o(.ARM.Collect$$libinit$$00000025)
    __rt_lib_shutdown                        0x080002b1   Thumb Code     0  libshutdown.o(.ARM.Collect$$libshutdown$$00000000)
    __rt_lib_shutdown_cpp_1                  0x080002b3   Thumb Code     0  libshutdown2.o(.ARM.Collect$$libshutdown$$00000002)
    __rt_lib_shutdown_fp_trap_1              0x080002b3   Thumb Code     0  libshutdown2.o(.ARM.Collect$$libshutdown$$00000007)
    __rt_lib_shutdown_heap_1                 0x080002b3   Thumb Code     0  libshutdown2.o(.ARM.Collect$$libshutdown$$0000000F)
    __rt_lib_shutdown_return                 0x080002b3   Thumb Code     0  libshutdown2.o(.ARM.Collect$$libshutdown$$00000010)
    __rt_lib_shutdown_signal_1               0x080002b3   Thumb Code     0  libshutdown2.o(.ARM.Collect$$libshutdown$$0000000A)
    __rt_lib_shutdown_stdio_1                0x080002b3   Thumb Code     0  libshutdown2.o(.ARM.Collect$$libshutdown$$00000004)
    __rt_lib_shutdown_user_alloc_1           0x080002b3   Thumb Code     0  libshutdown2.o(.ARM.Collect$$libshutdown$$0000000C)
    __rt_entry                               0x080002b5   Thumb Code     0  __rtentry.o(.ARM.Collect$$rtentry$$00000000)
    __rt_entry_presh_1                       0x080002b5   Thumb Code     0  __rtentry2.o(.ARM.Collect$$rtentry$$00000002)
    __rt_entry_sh                            0x080002b5   Thumb Code     0  __rtentry4.o(.ARM.Collect$$rtentry$$00000004)
    __rt_entry_li                            0x080002bb   Thumb Code     0  __rtentry2.o(.ARM.Collect$$rtentry$$0000000A)
    __rt_entry_postsh_1                      0x080002bb   Thumb Code     0  __rtentry2.o(.ARM.Collect$$rtentry$$00000009)
    __rt_entry_main                          0x080002bf   Thumb Code     0  __rtentry2.o(.ARM.Collect$$rtentry$$0000000D)
    __rt_entry_postli_1                      0x080002bf   Thumb Code     0  __rtentry2.o(.ARM.Collect$$rtentry$$0000000C)
    __rt_exit                                0x080002c7   Thumb Code     0  rtexit.o(.ARM.Collect$$rtexit$$00000000)
    __rt_exit_ls                             0x080002c9   Thumb Code     0  rtexit2.o(.ARM.Collect$$rtexit$$00000003)
    __rt_exit_prels_1                        0x080002c9   Thumb Code     0  rtexit2.o(.ARM.Collect$$rtexit$$00000002)
    __rt_exit_exit                           0x080002cd   Thumb Code     0  rtexit2.o(.ARM.Collect$$rtexit$$00000004)
    Reset_Handler                            0x080002d5   Thumb Code     8  startup_stm32f334x8.o(.text)
    ADC1_2_IRQHandler                        0x080002ef   Thumb Code     0  startup_stm32f334x8.o(.text)
    CAN_RX0_IRQHandler                       0x080002ef   Thumb Code     0  startup_stm32f334x8.o(.text)
    CAN_RX1_IRQHandler                       0x080002ef   Thumb Code     0  startup_stm32f334x8.o(.text)
    CAN_SCE_IRQHandler                       0x080002ef   Thumb Code     0  startup_stm32f334x8.o(.text)
    CAN_TX_IRQHandler                        0x080002ef   Thumb Code     0  startup_stm32f334x8.o(.text)
    COMP2_IRQHandler                         0x080002ef   Thumb Code     0  startup_stm32f334x8.o(.text)
    COMP4_6_IRQHandler                       0x080002ef   Thumb Code     0  startup_stm32f334x8.o(.text)
    DMA1_Channel2_IRQHandler                 0x080002ef   Thumb Code     0  startup_stm32f334x8.o(.text)
    DMA1_Channel3_IRQHandler                 0x080002ef   Thumb Code     0  startup_stm32f334x8.o(.text)
    DMA1_Channel4_IRQHandler                 0x080002ef   Thumb Code     0  startup_stm32f334x8.o(.text)
    DMA1_Channel5_IRQHandler                 0x080002ef   Thumb Code     0  startup_stm32f334x8.o(.text)
    DMA1_Channel6_IRQHandler                 0x080002ef   Thumb Code     0  startup_stm32f334x8.o(.text)
    DMA1_Channel7_IRQHandler                 0x080002ef   Thumb Code     0  startup_stm32f334x8.o(.text)
    EXTI0_IRQHandler                         0x080002ef   Thumb Code     0  startup_stm32f334x8.o(.text)
    EXTI15_10_IRQHandler                     0x080002ef   Thumb Code     0  startup_stm32f334x8.o(.text)
    EXTI1_IRQHandler                         0x080002ef   Thumb Code     0  startup_stm32f334x8.o(.text)
    EXTI2_TSC_IRQHandler                     0x080002ef   Thumb Code     0  startup_stm32f334x8.o(.text)
    EXTI3_IRQHandler                         0x080002ef   Thumb Code     0  startup_stm32f334x8.o(.text)
    EXTI4_IRQHandler                         0x080002ef   Thumb Code     0  startup_stm32f334x8.o(.text)
    EXTI9_5_IRQHandler                       0x080002ef   Thumb Code     0  startup_stm32f334x8.o(.text)
    FLASH_IRQHandler                         0x080002ef   Thumb Code     0  startup_stm32f334x8.o(.text)
    FPU_IRQHandler                           0x080002ef   Thumb Code     0  startup_stm32f334x8.o(.text)
    HRTIM1_FLT_IRQHandler                    0x080002ef   Thumb Code     0  startup_stm32f334x8.o(.text)
    HRTIM1_TIMA_IRQHandler                   0x080002ef   Thumb Code     0  startup_stm32f334x8.o(.text)
    HRTIM1_TIMB_IRQHandler                   0x080002ef   Thumb Code     0  startup_stm32f334x8.o(.text)
    HRTIM1_TIMC_IRQHandler                   0x080002ef   Thumb Code     0  startup_stm32f334x8.o(.text)
    HRTIM1_TIMD_IRQHandler                   0x080002ef   Thumb Code     0  startup_stm32f334x8.o(.text)
    HRTIM1_TIME_IRQHandler                   0x080002ef   Thumb Code     0  startup_stm32f334x8.o(.text)
    I2C1_ER_IRQHandler                       0x080002ef   Thumb Code     0  startup_stm32f334x8.o(.text)
    I2C1_EV_IRQHandler                       0x080002ef   Thumb Code     0  startup_stm32f334x8.o(.text)
    PVD_IRQHandler                           0x080002ef   Thumb Code     0  startup_stm32f334x8.o(.text)
    RCC_IRQHandler                           0x080002ef   Thumb Code     0  startup_stm32f334x8.o(.text)
    RTC_Alarm_IRQHandler                     0x080002ef   Thumb Code     0  startup_stm32f334x8.o(.text)
    RTC_WKUP_IRQHandler                      0x080002ef   Thumb Code     0  startup_stm32f334x8.o(.text)
    SPI1_IRQHandler                          0x080002ef   Thumb Code     0  startup_stm32f334x8.o(.text)
    TAMP_STAMP_IRQHandler                    0x080002ef   Thumb Code     0  startup_stm32f334x8.o(.text)
    TIM1_BRK_TIM15_IRQHandler                0x080002ef   Thumb Code     0  startup_stm32f334x8.o(.text)
    TIM1_CC_IRQHandler                       0x080002ef   Thumb Code     0  startup_stm32f334x8.o(.text)
    TIM1_UP_TIM16_IRQHandler                 0x080002ef   Thumb Code     0  startup_stm32f334x8.o(.text)
    TIM2_IRQHandler                          0x080002ef   Thumb Code     0  startup_stm32f334x8.o(.text)
    TIM3_IRQHandler                          0x080002ef   Thumb Code     0  startup_stm32f334x8.o(.text)
    TIM6_DAC1_IRQHandler                     0x080002ef   Thumb Code     0  startup_stm32f334x8.o(.text)
    TIM7_DAC2_IRQHandler                     0x080002ef   Thumb Code     0  startup_stm32f334x8.o(.text)
    USART1_IRQHandler                        0x080002ef   Thumb Code     0  startup_stm32f334x8.o(.text)
    USART2_IRQHandler                        0x080002ef   Thumb Code     0  startup_stm32f334x8.o(.text)
    USART3_IRQHandler                        0x080002ef   Thumb Code     0  startup_stm32f334x8.o(.text)
    WWDG_IRQHandler                          0x080002ef   Thumb Code     0  startup_stm32f334x8.o(.text)
    __user_initial_stackheap                 0x080002f1   Thumb Code     0  startup_stm32f334x8.o(.text)
    __aeabi_uldivmod                         0x08000315   Thumb Code     0  lludivv7m.o(.text)
    _ll_udiv                                 0x08000315   Thumb Code   240  lludivv7m.o(.text)
    vsprintf                                 0x08000405   Thumb Code    32  vsprintf.o(.text)
    __aeabi_memclr                           0x08000429   Thumb Code     0  rt_memclr.o(.text)
    __rt_memclr                              0x08000429   Thumb Code     0  rt_memclr.o(.text)
    _memset                                  0x0800042d   Thumb Code    64  rt_memclr.o(.text)
    __aeabi_memclr4                          0x0800046d   Thumb Code     0  rt_memclr_w.o(.text)
    __aeabi_memclr8                          0x0800046d   Thumb Code     0  rt_memclr_w.o(.text)
    __rt_memclr_w                            0x0800046d   Thumb Code     0  rt_memclr_w.o(.text)
    _memset_w                                0x08000471   Thumb Code    74  rt_memclr_w.o(.text)
    __use_two_region_memory                  0x080004bb   Thumb Code     2  heapauxi.o(.text)
    __rt_heap_escrow$2region                 0x080004bd   Thumb Code     2  heapauxi.o(.text)
    __rt_heap_expand$2region                 0x080004bf   Thumb Code     2  heapauxi.o(.text)
    _printf_pre_padding                      0x080004c1   Thumb Code    44  _printf_pad.o(.text)
    _printf_post_padding                     0x080004ed   Thumb Code    34  _printf_pad.o(.text)
    _printf_truncate_signed                  0x0800050f   Thumb Code    18  _printf_truncate.o(.text)
    _printf_truncate_unsigned                0x08000521   Thumb Code    18  _printf_truncate.o(.text)
    _printf_str                              0x08000533   Thumb Code    82  _printf_str.o(.text)
    _printf_int_dec                          0x08000585   Thumb Code   104  _printf_dec.o(.text)
    _printf_charcount                        0x080005fd   Thumb Code    40  _printf_charcount.o(.text)
    _printf_char_common                      0x0800062f   Thumb Code    32  _printf_char_common.o(.text)
    _sputc                                   0x08000655   Thumb Code    10  _sputc.o(.text)
    _printf_wctomb                           0x08000661   Thumb Code   182  _printf_wctomb.o(.text)
    _printf_longlong_dec                     0x0800071d   Thumb Code   108  _printf_longlong_dec.o(.text)
    _printf_longlong_oct                     0x08000799   Thumb Code    68  _printf_oct_int_ll.o(.text)
    _printf_int_oct                          0x080007dd   Thumb Code    24  _printf_oct_int_ll.o(.text)
    _printf_ll_oct                           0x080007f5   Thumb Code    12  _printf_oct_int_ll.o(.text)
    _printf_longlong_hex                     0x08000809   Thumb Code    86  _printf_hex_int_ll_ptr.o(.text)
    _printf_int_hex                          0x0800085f   Thumb Code    28  _printf_hex_int_ll_ptr.o(.text)
    _printf_ll_hex                           0x0800087b   Thumb Code    12  _printf_hex_int_ll_ptr.o(.text)
    _printf_hex_ptr                          0x08000887   Thumb Code    18  _printf_hex_int_ll_ptr.o(.text)
    __printf                                 0x0800089d   Thumb Code   388  __printf_flags_ss_wp.o(.text)
    _ll_udiv10                               0x08000a25   Thumb Code   138  lludiv10.o(.text)
    _printf_int_common                       0x08000aaf   Thumb Code   178  _printf_intcommon.o(.text)
    _printf_fp_dec_real                      0x08000d11   Thumb Code   620  _printf_fp_dec.o(.text)
    _printf_fp_hex_real                      0x08000f7d   Thumb Code   756  _printf_fp_hex.o(.text)
    _printf_cs_common                        0x08001279   Thumb Code    20  _printf_char.o(.text)
    _printf_char                             0x0800128d   Thumb Code    16  _printf_char.o(.text)
    _printf_string                           0x0800129d   Thumb Code     8  _printf_char.o(.text)
    _printf_lcs_common                       0x080012a5   Thumb Code    20  _printf_wchar.o(.text)
    _printf_wchar                            0x080012b9   Thumb Code    16  _printf_wchar.o(.text)
    _printf_wstring                          0x080012c9   Thumb Code     8  _printf_wchar.o(.text)
    _c32rtomb                                0x080012d1   Thumb Code    72  _c32rtomb.o(.text)
    _wcrtomb                                 0x080012d1   Thumb Code     0  _c32rtomb.o(.text)
    __user_setup_stackheap                   0x08001319   Thumb Code    74  sys_stackheap_outer.o(.text)
    __rt_ctype_table                         0x08001365   Thumb Code    16  rt_ctype_table.o(.text)
    __rt_locale                              0x08001375   Thumb Code     8  rt_locale_intlibspace.o(.text)
    _printf_fp_infnan                        0x0800137d   Thumb Code   112  _printf_fp_infnan.o(.text)
    _btod_etento                             0x080013fd   Thumb Code   224  bigflt0.o(.text)
    exit                                     0x080014e1   Thumb Code    18  exit.o(.text)
    __user_libspace                          0x080014f5   Thumb Code     8  libspace.o(.text)
    __user_perproc_libspace                  0x080014f5   Thumb Code     0  libspace.o(.text)
    __user_perthread_libspace                0x080014f5   Thumb Code     0  libspace.o(.text)
    strcmp                                   0x08001501   Thumb Code   124  strcmpv7em.o(.text)
    _sys_exit                                0x0800157d   Thumb Code     8  sys_exit.o(.text)
    __I$use$semihosting                      0x08001589   Thumb Code     0  use_no_semi.o(.text)
    __use_no_semihosting_swi                 0x08001589   Thumb Code     2  use_no_semi.o(.text)
    __semihosting_library_function           0x0800158b   Thumb Code     0  indicate_semi.o(.text)
    BusFault_Handler                         0x080017b9   Thumb Code     4  stm32f3xx_it.o(.text.BusFault_Handler)
    DMA1_Channel1_IRQHandler                 0x080017bd   Thumb Code    16  stm32f3xx_it.o(.text.DMA1_Channel1_IRQHandler)
    DebugMon_Handler                         0x08001855   Thumb Code     2  stm32f3xx_it.o(.text.DebugMon_Handler)
    Error_Handler                            0x08001859   Thumb Code    14  main.o(.text.Error_Handler)
    HAL_ADCEx_MultiModeConfigChannel         0x08001869   Thumb Code   416  stm32f3xx_hal_adc_ex.o(.text.HAL_ADCEx_MultiModeConfigChannel)
    HAL_ADC_ConfigChannel                    0x08001a09   Thumb Code  1304  stm32f3xx_hal_adc_ex.o(.text.HAL_ADC_ConfigChannel)
    HAL_ADC_ConvCpltCallback                 0x08001f21   Thumb Code   268  main.o(.text.HAL_ADC_ConvCpltCallback)
    HAL_ADC_ConvHalfCpltCallback             0x0800202d   Thumb Code     8  stm32f3xx_hal_adc.o(.text.HAL_ADC_ConvHalfCpltCallback)
    HAL_ADC_ErrorCallback                    0x08002035   Thumb Code     8  stm32f3xx_hal_adc.o(.text.HAL_ADC_ErrorCallback)
    HAL_ADC_Init                             0x0800203d   Thumb Code   806  stm32f3xx_hal_adc_ex.o(.text.HAL_ADC_Init)
    HAL_ADC_MspInit                          0x08002365   Thumb Code   256  adc.o(.text.HAL_ADC_MspInit)
    HAL_ADC_Start_DMA                        0x08002465   Thumb Code   468  stm32f3xx_hal_adc_ex.o(.text.HAL_ADC_Start_DMA)
    HAL_DMA_IRQHandler                       0x08002639   Thumb Code   308  stm32f3xx_hal_dma.o(.text.HAL_DMA_IRQHandler)
    HAL_DMA_Init                             0x0800276d   Thumb Code   124  stm32f3xx_hal_dma.o(.text.HAL_DMA_Init)
    HAL_DMA_Start_IT                         0x080027e9   Thumb Code   180  stm32f3xx_hal_dma.o(.text.HAL_DMA_Start_IT)
    HAL_Delay                                0x0800289d   Thumb Code    66  stm32f3xx_hal.o(.text.HAL_Delay)
    HAL_GPIO_Init                            0x080028e1   Thumb Code   818  stm32f3xx_hal_gpio.o(.text.HAL_GPIO_Init)
    HAL_GPIO_WritePin                        0x08002c15   Thumb Code    40  stm32f3xx_hal_gpio.o(.text.HAL_GPIO_WritePin)
    HAL_GetTick                              0x08002c3d   Thumb Code    12  stm32f3xx_hal.o(.text.HAL_GetTick)
    HAL_HRTIM_ADCTriggerConfig               0x08002c49   Thumb Code   334  stm32f3xx_hal_hrtim.o(.text.HAL_HRTIM_ADCTriggerConfig)
    HAL_HRTIM_BurstModePeriodCallback        0x08002d99   Thumb Code     8  stm32f3xx_hal_hrtim.o(.text.HAL_HRTIM_BurstModePeriodCallback)
    HAL_HRTIM_Capture1EventCallback          0x08002da1   Thumb Code    10  stm32f3xx_hal_hrtim.o(.text.HAL_HRTIM_Capture1EventCallback)
    HAL_HRTIM_Capture2EventCallback          0x08002dad   Thumb Code    10  stm32f3xx_hal_hrtim.o(.text.HAL_HRTIM_Capture2EventCallback)
    HAL_HRTIM_Compare1EventCallback          0x08002db9   Thumb Code    10  stm32f3xx_hal_hrtim.o(.text.HAL_HRTIM_Compare1EventCallback)
    HAL_HRTIM_Compare2EventCallback          0x08002dc5   Thumb Code    10  stm32f3xx_hal_hrtim.o(.text.HAL_HRTIM_Compare2EventCallback)
    HAL_HRTIM_Compare3EventCallback          0x08002dd1   Thumb Code    10  stm32f3xx_hal_hrtim.o(.text.HAL_HRTIM_Compare3EventCallback)
    HAL_HRTIM_Compare4EventCallback          0x08002ddd   Thumb Code    10  stm32f3xx_hal_hrtim.o(.text.HAL_HRTIM_Compare4EventCallback)
    HAL_HRTIM_CounterResetCallback           0x08002de9   Thumb Code    10  stm32f3xx_hal_hrtim.o(.text.HAL_HRTIM_CounterResetCallback)
    HAL_HRTIM_DLLCalibrationReadyCallback    0x08002df5   Thumb Code     8  stm32f3xx_hal_hrtim.o(.text.HAL_HRTIM_DLLCalibrationReadyCallback)
    HAL_HRTIM_DLLCalibrationStart            0x08002dfd   Thumb Code   166  stm32f3xx_hal_hrtim.o(.text.HAL_HRTIM_DLLCalibrationStart)
    HAL_HRTIM_DeadTimeConfig                 0x08002ea5   Thumb Code   268  stm32f3xx_hal_hrtim.o(.text.HAL_HRTIM_DeadTimeConfig)
    HAL_HRTIM_DelayedProtectionCallback      0x08002fb1   Thumb Code    10  stm32f3xx_hal_hrtim.o(.text.HAL_HRTIM_DelayedProtectionCallback)
    HAL_HRTIM_Fault1Callback                 0x08002fbd   Thumb Code     8  stm32f3xx_hal_hrtim.o(.text.HAL_HRTIM_Fault1Callback)
    HAL_HRTIM_Fault2Callback                 0x08002fc5   Thumb Code     8  stm32f3xx_hal_hrtim.o(.text.HAL_HRTIM_Fault2Callback)
    HAL_HRTIM_Fault3Callback                 0x08002fcd   Thumb Code     8  stm32f3xx_hal_hrtim.o(.text.HAL_HRTIM_Fault3Callback)
    HAL_HRTIM_Fault4Callback                 0x08002fd5   Thumb Code     8  stm32f3xx_hal_hrtim.o(.text.HAL_HRTIM_Fault4Callback)
    HAL_HRTIM_Fault5Callback                 0x08002fdd   Thumb Code     8  stm32f3xx_hal_hrtim.o(.text.HAL_HRTIM_Fault5Callback)
    HAL_HRTIM_IRQHandler                     0x08002fe5   Thumb Code    56  stm32f3xx_hal_hrtim.o(.text.HAL_HRTIM_IRQHandler)
    HAL_HRTIM_Init                           0x0800301d   Thumb Code   406  stm32f3xx_hal_hrtim.o(.text.HAL_HRTIM_Init)
    HAL_HRTIM_MspInit                        0x080031b5   Thumb Code    78  hrtim.o(.text.HAL_HRTIM_MspInit)
    HAL_HRTIM_MspPostInit                    0x08003205   Thumb Code   186  hrtim.o(.text.HAL_HRTIM_MspPostInit)
    HAL_HRTIM_Output1ResetCallback           0x080032c1   Thumb Code    10  stm32f3xx_hal_hrtim.o(.text.HAL_HRTIM_Output1ResetCallback)
    HAL_HRTIM_Output1SetCallback             0x080032cd   Thumb Code    10  stm32f3xx_hal_hrtim.o(.text.HAL_HRTIM_Output1SetCallback)
    HAL_HRTIM_Output2ResetCallback           0x080032d9   Thumb Code    10  stm32f3xx_hal_hrtim.o(.text.HAL_HRTIM_Output2ResetCallback)
    HAL_HRTIM_Output2SetCallback             0x080032e5   Thumb Code    10  stm32f3xx_hal_hrtim.o(.text.HAL_HRTIM_Output2SetCallback)
    HAL_HRTIM_PollForDLLCalibration          0x080032f1   Thumb Code   118  stm32f3xx_hal_hrtim.o(.text.HAL_HRTIM_PollForDLLCalibration)
    HAL_HRTIM_RegistersUpdateCallback        0x08003369   Thumb Code   198  main.o(.text.HAL_HRTIM_RegistersUpdateCallback)
    HAL_HRTIM_RepetitionEventCallback        0x08003431   Thumb Code    10  stm32f3xx_hal_hrtim.o(.text.HAL_HRTIM_RepetitionEventCallback)
    HAL_HRTIM_SynchronizationEventCallback   0x0800343d   Thumb Code     8  stm32f3xx_hal_hrtim.o(.text.HAL_HRTIM_SynchronizationEventCallback)
    HAL_HRTIM_SystemFaultCallback            0x08003445   Thumb Code     8  stm32f3xx_hal_hrtim.o(.text.HAL_HRTIM_SystemFaultCallback)
    HAL_HRTIM_TimeBaseConfig                 0x0800344d   Thumb Code    86  stm32f3xx_hal_hrtim.o(.text.HAL_HRTIM_TimeBaseConfig)
    HAL_HRTIM_WaveformCompareConfig          0x080034a5   Thumb Code   692  stm32f3xx_hal_hrtim.o(.text.HAL_HRTIM_WaveformCompareConfig)
    HAL_HRTIM_WaveformCountStart             0x08003759   Thumb Code    90  stm32f3xx_hal_hrtim.o(.text.HAL_HRTIM_WaveformCountStart)
    HAL_HRTIM_WaveformCountStart_IT          0x080037b5   Thumb Code   222  stm32f3xx_hal_hrtim.o(.text.HAL_HRTIM_WaveformCountStart_IT)
    HAL_HRTIM_WaveformOutputConfig           0x08003895   Thumb Code   114  stm32f3xx_hal_hrtim.o(.text.HAL_HRTIM_WaveformOutputConfig)
    HAL_HRTIM_WaveformOutputStart            0x08003909   Thumb Code    94  stm32f3xx_hal_hrtim.o(.text.HAL_HRTIM_WaveformOutputStart)
    HAL_HRTIM_WaveformTimerConfig            0x08003969   Thumb Code   228  stm32f3xx_hal_hrtim.o(.text.HAL_HRTIM_WaveformTimerConfig)
    HAL_I2CEx_ConfigAnalogFilter             0x08003a4d   Thumb Code   132  stm32f3xx_hal_i2c_ex.o(.text.HAL_I2CEx_ConfigAnalogFilter)
    HAL_I2CEx_ConfigDigitalFilter            0x08003ad1   Thumb Code   142  stm32f3xx_hal_i2c_ex.o(.text.HAL_I2CEx_ConfigDigitalFilter)
    HAL_I2C_Init                             0x08003b61   Thumb Code   244  stm32f3xx_hal_i2c.o(.text.HAL_I2C_Init)
    HAL_I2C_Master_Transmit                  0x08003c55   Thumb Code   506  stm32f3xx_hal_i2c.o(.text.HAL_I2C_Master_Transmit)
    HAL_I2C_MspInit                          0x08003e51   Thumb Code   216  i2c.o(.text.HAL_I2C_MspInit)
    HAL_IncTick                              0x08003f29   Thumb Code    26  stm32f3xx_hal.o(.text.HAL_IncTick)
    HAL_Init                                 0x08003f45   Thumb Code    44  stm32f3xx_hal.o(.text.HAL_Init)
    HAL_InitTick                             0x08003f71   Thumb Code   104  stm32f3xx_hal.o(.text.HAL_InitTick)
    HAL_MspInit                              0x08003fd9   Thumb Code    66  stm32f3xx_hal_msp.o(.text.HAL_MspInit)
    HAL_NVIC_EnableIRQ                       0x0800401d   Thumb Code    16  stm32f3xx_hal_cortex.o(.text.HAL_NVIC_EnableIRQ)
    HAL_NVIC_SetPriority                     0x0800402d   Thumb Code    46  stm32f3xx_hal_cortex.o(.text.HAL_NVIC_SetPriority)
    HAL_NVIC_SetPriorityGrouping             0x0800405d   Thumb Code    16  stm32f3xx_hal_cortex.o(.text.HAL_NVIC_SetPriorityGrouping)
    HAL_RCCEx_PeriphCLKConfig                0x0800406d   Thumb Code   628  stm32f3xx_hal_rcc_ex.o(.text.HAL_RCCEx_PeriphCLKConfig)
    HAL_RCC_ClockConfig                      0x080042e1   Thumb Code   760  stm32f3xx_hal_rcc.o(.text.HAL_RCC_ClockConfig)
    HAL_RCC_GetHCLKFreq                      0x080045d9   Thumb Code    12  stm32f3xx_hal_rcc.o(.text.HAL_RCC_GetHCLKFreq)
    HAL_RCC_GetPCLK1Freq                     0x080045e5   Thumb Code    34  stm32f3xx_hal_rcc.o(.text.HAL_RCC_GetPCLK1Freq)
    HAL_RCC_GetPCLK2Freq                     0x08004609   Thumb Code    34  stm32f3xx_hal_rcc.o(.text.HAL_RCC_GetPCLK2Freq)
    HAL_RCC_GetSysClockFreq                  0x0800462d   Thumb Code   194  stm32f3xx_hal_rcc.o(.text.HAL_RCC_GetSysClockFreq)
    HAL_RCC_OscConfig                        0x080046f1   Thumb Code  2626  stm32f3xx_hal_rcc.o(.text.HAL_RCC_OscConfig)
    HAL_SYSTICK_Config                       0x08005135   Thumb Code    16  stm32f3xx_hal_cortex.o(.text.HAL_SYSTICK_Config)
    HAL_TIMEx_Break2Callback                 0x08005145   Thumb Code     8  stm32f3xx_hal_tim_ex.o(.text.HAL_TIMEx_Break2Callback)
    HAL_TIMEx_BreakCallback                  0x0800514d   Thumb Code     8  stm32f3xx_hal_tim_ex.o(.text.HAL_TIMEx_BreakCallback)
    HAL_TIMEx_CommutCallback                 0x08005155   Thumb Code     8  stm32f3xx_hal_tim_ex.o(.text.HAL_TIMEx_CommutCallback)
    HAL_TIM_Base_Init                        0x0800515d   Thumb Code   132  stm32f3xx_hal_tim.o(.text.HAL_TIM_Base_Init)
    HAL_TIM_Base_MspInit                     0x080051e1   Thumb Code    78  tim.o(.text.HAL_TIM_Base_MspInit)
    HAL_TIM_Base_Start_IT                    0x08005231   Thumb Code   180  stm32f3xx_hal_tim.o(.text.HAL_TIM_Base_Start_IT)
    HAL_TIM_IC_CaptureCallback               0x080052e5   Thumb Code     8  stm32f3xx_hal_tim.o(.text.HAL_TIM_IC_CaptureCallback)
    HAL_TIM_IRQHandler                       0x080052ed   Thumb Code   692  stm32f3xx_hal_tim.o(.text.HAL_TIM_IRQHandler)
    HAL_TIM_OC_DelayElapsedCallback          0x080055a1   Thumb Code     8  stm32f3xx_hal_tim.o(.text.HAL_TIM_OC_DelayElapsedCallback)
    HAL_TIM_PWM_PulseFinishedCallback        0x080055a9   Thumb Code     8  stm32f3xx_hal_tim.o(.text.HAL_TIM_PWM_PulseFinishedCallback)
    HAL_TIM_PeriodElapsedCallback            0x080055b1   Thumb Code    26  main.o(.text.HAL_TIM_PeriodElapsedCallback)
    HAL_TIM_TriggerCallback                  0x080055cd   Thumb Code     8  stm32f3xx_hal_tim.o(.text.HAL_TIM_TriggerCallback)
    HAL_UART_Init                            0x080055d5   Thumb Code   156  stm32f3xx_hal_uart.o(.text.HAL_UART_Init)
    HAL_UART_MspInit                         0x08005671   Thumb Code   136  usart.o(.text.HAL_UART_MspInit)
    HRTIM1_Master_IRQHandler                 0x080056f9   Thumb Code    18  stm32f3xx_it.o(.text.HRTIM1_Master_IRQHandler)
    HardFault_Handler                        0x08006559   Thumb Code     4  stm32f3xx_it.o(.text.HardFault_Handler)
    MX_ADC1_Init                             0x08006849   Thumb Code   322  adc.o(.text.MX_ADC1_Init)
    MX_DMA_Init                              0x0800698d   Thumb Code    56  dma.o(.text.MX_DMA_Init)
    MX_GPIO_Init                             0x080069c5   Thumb Code   150  gpio.o(.text.MX_GPIO_Init)
    MX_HRTIM1_Init                           0x08006a5d   Thumb Code  1346  hrtim.o(.text.MX_HRTIM1_Init)
    MX_I2C1_Init                             0x08006fa1   Thumb Code   118  i2c.o(.text.MX_I2C1_Init)
    MX_TIM17_Init                            0x08007019   Thumb Code    62  tim.o(.text.MX_TIM17_Init)
    MX_USART1_UART_Init                      0x08007059   Thumb Code    68  usart.o(.text.MX_USART1_UART_Init)
    MemManage_Handler                        0x0800709d   Thumb Code     4  stm32f3xx_it.o(.text.MemManage_Handler)
    NMI_Handler                              0x080070a1   Thumb Code     4  stm32f3xx_it.o(.text.NMI_Handler)
    OLED_Clear                               0x08007111   Thumb Code   104  oled.o(.text.OLED_Clear)
    OLED_Display_On                          0x08007179   Thumb Code    22  oled.o(.text.OLED_Display_On)
    OLED_Init                                0x08007191   Thumb Code   202  oled.o(.text.OLED_Init)
    OLED_Set_Pos                             0x0800725d   Thumb Code    56  oled.o(.text.OLED_Set_Pos)
    OLED_ShowChar                            0x08007295   Thumb Code   306  oled.o(.text.OLED_ShowChar)
    OLED_ShowString                          0x080073c9   Thumb Code   116  oled.o(.text.OLED_ShowString)
    OLED_printf                              0x080074ad   Thumb Code    88  oled.o(.text.OLED_printf)
    PID_calc                                 0x08007505   Thumb Code   588  pid.o(.text.PID_calc)
    PID_init                                 0x08007751   Thumb Code   126  pid.o(.text.PID_init)
    PendSV_Handler                           0x080077d1   Thumb Code     2  stm32f3xx_it.o(.text.PendSV_Handler)
    SVC_Handler                              0x080077d5   Thumb Code     2  stm32f3xx_it.o(.text.SVC_Handler)
    SysTick_Handler                          0x0800782d   Thumb Code     8  stm32f3xx_it.o(.text.SysTick_Handler)
    SystemClock_Config                       0x08007835   Thumb Code   170  main.o(.text.SystemClock_Config)
    SystemInit                               0x080078e1   Thumb Code    18  system_stm32f3xx.o(.text.SystemInit)
    TIM1_TRG_COM_TIM17_IRQHandler            0x080078f5   Thumb Code    16  stm32f3xx_it.o(.text.TIM1_TRG_COM_TIM17_IRQHandler)
    TIM_Base_SetConfig                       0x08007905   Thumb Code   304  stm32f3xx_hal_tim.o(.text.TIM_Base_SetConfig)
    UART_AdvFeatureConfig                    0x08007a35   Thumb Code   328  stm32f3xx_hal_uart.o(.text.UART_AdvFeatureConfig)
    UART_CheckIdleState                      0x08007b7d   Thumb Code   154  stm32f3xx_hal_uart.o(.text.UART_CheckIdleState)
    UART_SetConfig                           0x08007c19   Thumb Code   590  stm32f3xx_hal_uart.o(.text.UART_SetConfig)
    UART_WaitOnFlagUntilTimeout              0x08007e69   Thumb Code   244  stm32f3xx_hal_uart.o(.text.UART_WaitOnFlagUntilTimeout)
    UsageFault_Handler                       0x08007f5d   Thumb Code     4  stm32f3xx_it.o(.text.UsageFault_Handler)
    bubble                                   0x08008015   Thumb Code   166  main.o(.text.bubble)
    main                                     0x080080bd   Thumb Code   216  main.o(.text.main)
    _btod_d2e                                0x08008195   Thumb Code    62  btod.o(CL$$btod_d2e)
    _d2e_denorm_low                          0x080081d3   Thumb Code    70  btod.o(CL$$btod_d2e_denorm_low)
    _d2e_norm_op1                            0x08008219   Thumb Code    96  btod.o(CL$$btod_d2e_norm_op1)
    __btod_div_common                        0x08008279   Thumb Code   696  btod.o(CL$$btod_div_common)
    _e2e                                     0x080085b1   Thumb Code   220  btod.o(CL$$btod_e2e)
    _btod_ediv                               0x0800868d   Thumb Code    42  btod.o(CL$$btod_ediv)
    _btod_emul                               0x080086b7   Thumb Code    42  btod.o(CL$$btod_emul)
    __btod_mult_common                       0x080086e1   Thumb Code   580  btod.o(CL$$btod_mult_common)
    __ARM_fpclassify                         0x08008925   Thumb Code    48  fpclassify.o(i.__ARM_fpclassify)
    _is_digit                                0x08008955   Thumb Code    14  __printf_wp.o(i._is_digit)
    _get_lc_numeric                          0x08008965   Thumb Code    44  lc_numeric_c.o(locale$$code)
    _get_lc_ctype                            0x08008991   Thumb Code    44  lc_ctype_c.o(locale$$code)
    _fp_init                                 0x080089bd   Thumb Code    26  fpinit.o(x$fpl$fpinit)
    __fplib_config_fpu_vfp                   0x080089d5   Thumb Code     0  fpinit.o(x$fpl$fpinit)
    __fplib_config_pureend_doubles           0x080089d5   Thumb Code     0  fpinit.o(x$fpl$fpinit)
    _printf_fp_dec                           0x080089d7   Thumb Code     4  printf1.o(x$fpl$printf1)
    _printf_fp_hex                           0x080089db   Thumb Code     4  printf2.o(x$fpl$printf2)
    __I$use$fp                               0x080089de   Number         0  usenofp.o(x$fpl$usenofp)
    AHBPrescTable                            0x08008adc   Data          16  system_stm32f3xx.o(.rodata.AHBPrescTable)
    APBPrescTable                            0x08008aec   Data           8  system_stm32f3xx.o(.rodata.APBPrescTable)
    F6x8                                     0x08008af4   Data         552  oled.o(.rodata.F6x8)
    F8X16                                    0x08008d1c   Data        1520  oled.o(.rodata.F8X16)
    aPLLMULFactorTable                       0x0800930c   Data          16  stm32f3xx_hal_rcc.o(.rodata.aPLLMULFactorTable)
    aPredivFactorTable                       0x0800931c   Data          16  stm32f3xx_hal_rcc.o(.rodata.aPredivFactorTable)
    vol_p_i_d                                0x0800933c   Data          12  main.o(.rodata.vol_p_i_d)
    Region$$Table$$Base                      0x08009348   Number         0  anon$$obj.o(Region$$Table)
    Region$$Table$$Limit                     0x08009368   Number         0  anon$$obj.o(Region$$Table)
    __ctype                                  0x08009391   Data           0  lc_ctype_c.o(locale$$data)
    SystemCoreClock                          0x20000000   Data           4  system_stm32f3xx.o(.data.SystemCoreClock)
    uwTickFreq                               0x2000001c   Data           4  stm32f3xx_hal.o(.data.uwTickFreq)
    uwTickPrio                               0x20000020   Data           4  stm32f3xx_hal.o(.data.uwTickPrio)
    vol_set                                  0x20000024   Data           4  main.o(.data.vol_set)
    __libspace_start                         0x20000028   Data          96  libspace.o(.bss)
    FSBB_mode                                0x20000088   Data           1  main.o(.bss.FSBB_mode)
    __temporary_stack_top$libspace           0x20000088   Data           0  libspace.o(.bss)
    adc_data                                 0x2000008a   Data         240  main.o(.bss.adc_data)
    adc_data_fin                             0x2000017a   Data          12  main.o(.bss.adc_data_fin)
    hadc1                                    0x20000188   Data          84  adc.o(.bss.hadc1)
    hdma_adc1                                0x200001dc   Data          72  adc.o(.bss.hdma_adc1)
    hhrtim1                                  0x20000224   Data         224  hrtim.o(.bss.hhrtim1)
    hi2c1                                    0x20000304   Data          84  i2c.o(.bss.hi2c1)
    htim17                                   0x20000358   Data         112  tim.o(.bss.htim17)
    huart1                                   0x200003c8   Data         132  usart.o(.bss.huart1)
    scop                                     0x2000044c   Data          40  main.o(.bss.scop)
    send_buff                                0x20000474   Data         100  oled.o(.bss.send_buff)
    uwTick                                   0x200004d8   Data           4  stm32f3xx_hal.o(.bss.uwTick)
    vol_out                                  0x200004dc   Data           4  main.o(.bss.vol_out)
    vol_pid                                  0x200004e0   Data          72  main.o(.bss.vol_pid)



==============================================================================

Memory Map of the image

  Image Entry point : 0x08000189

  Load Region LR_IROM1 (Base: 0x08000000, Size: 0x000094c0, Max: 0x00010000, ABSOLUTE)

    Execution Region ER_IROM1 (Exec base: 0x08000000, Load base: 0x08000000, Size: 0x00009494, Max: 0x00010000, ABSOLUTE)

    Exec Addr    Load Addr    Size         Type   Attr      Idx    E Section Name        Object

    0x08000000   0x08000000   0x00000188   Data   RO            3    RESET               startup_stm32f334x8.o
    0x08000188   0x08000188   0x00000008   Code   RO         1733  * !!!main             c_wu.l(__main.o)
    0x08000190   0x08000190   0x00000034   Code   RO         2080    !!!scatter          c_wu.l(__scatter.o)
    0x080001c4   0x080001c4   0x0000001a   Code   RO         2082    !!handler_copy      c_wu.l(__scatter_copy.o)
    0x080001de   0x080001de   0x00000002   PAD
    0x080001e0   0x080001e0   0x0000001c   Code   RO         2084    !!handler_zi        c_wu.l(__scatter_zi.o)
    0x080001fc   0x080001fc   0x00000000   Code   RO         1821    .ARM.Collect$$_printf_percent$$00000000  c_wu.l(_printf_percent.o)
    0x080001fc   0x080001fc   0x00000006   Code   RO         1810    .ARM.Collect$$_printf_percent$$00000001  c_wu.l(_printf_n.o)
    0x08000202   0x08000202   0x00000006   Code   RO         1812    .ARM.Collect$$_printf_percent$$00000002  c_wu.l(_printf_p.o)
    0x08000208   0x08000208   0x00000006   Code   RO         1817    .ARM.Collect$$_printf_percent$$00000003  c_wu.l(_printf_f.o)
    0x0800020e   0x0800020e   0x00000006   Code   RO         1818    .ARM.Collect$$_printf_percent$$00000004  c_wu.l(_printf_e.o)
    0x08000214   0x08000214   0x00000006   Code   RO         1819    .ARM.Collect$$_printf_percent$$00000005  c_wu.l(_printf_g.o)
    0x0800021a   0x0800021a   0x00000006   Code   RO         1820    .ARM.Collect$$_printf_percent$$00000006  c_wu.l(_printf_a.o)
    0x08000220   0x08000220   0x0000000a   Code   RO         1825    .ARM.Collect$$_printf_percent$$00000007  c_wu.l(_printf_ll.o)
    0x0800022a   0x0800022a   0x00000006   Code   RO         1814    .ARM.Collect$$_printf_percent$$00000008  c_wu.l(_printf_i.o)
    0x08000230   0x08000230   0x00000006   Code   RO         1815    .ARM.Collect$$_printf_percent$$00000009  c_wu.l(_printf_d.o)
    0x08000236   0x08000236   0x00000006   Code   RO         1816    .ARM.Collect$$_printf_percent$$0000000A  c_wu.l(_printf_u.o)
    0x0800023c   0x0800023c   0x00000006   Code   RO         1813    .ARM.Collect$$_printf_percent$$0000000B  c_wu.l(_printf_o.o)
    0x08000242   0x08000242   0x00000006   Code   RO         1811    .ARM.Collect$$_printf_percent$$0000000C  c_wu.l(_printf_x.o)
    0x08000248   0x08000248   0x00000006   Code   RO         1822    .ARM.Collect$$_printf_percent$$0000000D  c_wu.l(_printf_lli.o)
    0x0800024e   0x0800024e   0x00000006   Code   RO         1823    .ARM.Collect$$_printf_percent$$0000000E  c_wu.l(_printf_lld.o)
    0x08000254   0x08000254   0x00000006   Code   RO         1824    .ARM.Collect$$_printf_percent$$0000000F  c_wu.l(_printf_llu.o)
    0x0800025a   0x0800025a   0x00000006   Code   RO         1829    .ARM.Collect$$_printf_percent$$00000010  c_wu.l(_printf_llo.o)
    0x08000260   0x08000260   0x00000006   Code   RO         1830    .ARM.Collect$$_printf_percent$$00000011  c_wu.l(_printf_llx.o)
    0x08000266   0x08000266   0x0000000a   Code   RO         1826    .ARM.Collect$$_printf_percent$$00000012  c_wu.l(_printf_l.o)
    0x08000270   0x08000270   0x00000006   Code   RO         1808    .ARM.Collect$$_printf_percent$$00000013  c_wu.l(_printf_c.o)
    0x08000276   0x08000276   0x00000006   Code   RO         1809    .ARM.Collect$$_printf_percent$$00000014  c_wu.l(_printf_s.o)
    0x0800027c   0x0800027c   0x00000006   Code   RO         1827    .ARM.Collect$$_printf_percent$$00000015  c_wu.l(_printf_lc.o)
    0x08000282   0x08000282   0x00000006   Code   RO         1828    .ARM.Collect$$_printf_percent$$00000016  c_wu.l(_printf_ls.o)
    0x08000288   0x08000288   0x00000004   Code   RO         1875    .ARM.Collect$$_printf_percent$$00000017  c_wu.l(_printf_percent_end.o)
    0x0800028c   0x0800028c   0x00000002   Code   RO         1930    .ARM.Collect$$libinit$$00000000  c_wu.l(libinit.o)
    0x0800028e   0x0800028e   0x00000004   Code   RO         1954    .ARM.Collect$$libinit$$00000001  c_wu.l(libinit2.o)
    0x08000292   0x08000292   0x00000000   Code   RO         1957    .ARM.Collect$$libinit$$00000004  c_wu.l(libinit2.o)
    0x08000292   0x08000292   0x00000000   Code   RO         1960    .ARM.Collect$$libinit$$0000000A  c_wu.l(libinit2.o)
    0x08000292   0x08000292   0x00000000   Code   RO         1962    .ARM.Collect$$libinit$$0000000C  c_wu.l(libinit2.o)
    0x08000292   0x08000292   0x00000000   Code   RO         1964    .ARM.Collect$$libinit$$0000000E  c_wu.l(libinit2.o)
    0x08000292   0x08000292   0x00000006   Code   RO         1965    .ARM.Collect$$libinit$$0000000F  c_wu.l(libinit2.o)
    0x08000298   0x08000298   0x00000000   Code   RO         1967    .ARM.Collect$$libinit$$00000011  c_wu.l(libinit2.o)
    0x08000298   0x08000298   0x0000000c   Code   RO         1968    .ARM.Collect$$libinit$$00000012  c_wu.l(libinit2.o)
    0x080002a4   0x080002a4   0x00000000   Code   RO         1969    .ARM.Collect$$libinit$$00000013  c_wu.l(libinit2.o)
    0x080002a4   0x080002a4   0x00000000   Code   RO         1971    .ARM.Collect$$libinit$$00000015  c_wu.l(libinit2.o)
    0x080002a4   0x080002a4   0x0000000a   Code   RO         1972    .ARM.Collect$$libinit$$00000016  c_wu.l(libinit2.o)
    0x080002ae   0x080002ae   0x00000000   Code   RO         1973    .ARM.Collect$$libinit$$00000017  c_wu.l(libinit2.o)
    0x080002ae   0x080002ae   0x00000000   Code   RO         1975    .ARM.Collect$$libinit$$00000019  c_wu.l(libinit2.o)
    0x080002ae   0x080002ae   0x00000000   Code   RO         1977    .ARM.Collect$$libinit$$0000001B  c_wu.l(libinit2.o)
    0x080002ae   0x080002ae   0x00000000   Code   RO         1979    .ARM.Collect$$libinit$$0000001D  c_wu.l(libinit2.o)
    0x080002ae   0x080002ae   0x00000000   Code   RO         1981    .ARM.Collect$$libinit$$0000001F  c_wu.l(libinit2.o)
    0x080002ae   0x080002ae   0x00000000   Code   RO         1983    .ARM.Collect$$libinit$$00000021  c_wu.l(libinit2.o)
    0x080002ae   0x080002ae   0x00000000   Code   RO         1985    .ARM.Collect$$libinit$$00000023  c_wu.l(libinit2.o)
    0x080002ae   0x080002ae   0x00000000   Code   RO         1987    .ARM.Collect$$libinit$$00000025  c_wu.l(libinit2.o)
    0x080002ae   0x080002ae   0x00000000   Code   RO         1991    .ARM.Collect$$libinit$$0000002C  c_wu.l(libinit2.o)
    0x080002ae   0x080002ae   0x00000000   Code   RO         1993    .ARM.Collect$$libinit$$0000002E  c_wu.l(libinit2.o)
    0x080002ae   0x080002ae   0x00000000   Code   RO         1995    .ARM.Collect$$libinit$$00000030  c_wu.l(libinit2.o)
    0x080002ae   0x080002ae   0x00000000   Code   RO         1997    .ARM.Collect$$libinit$$00000032  c_wu.l(libinit2.o)
    0x080002ae   0x080002ae   0x00000002   Code   RO         1998    .ARM.Collect$$libinit$$00000033  c_wu.l(libinit2.o)
    0x080002b0   0x080002b0   0x00000002   Code   RO         2035    .ARM.Collect$$libshutdown$$00000000  c_wu.l(libshutdown.o)
    0x080002b2   0x080002b2   0x00000000   Code   RO         2063    .ARM.Collect$$libshutdown$$00000002  c_wu.l(libshutdown2.o)
    0x080002b2   0x080002b2   0x00000000   Code   RO         2065    .ARM.Collect$$libshutdown$$00000004  c_wu.l(libshutdown2.o)
    0x080002b2   0x080002b2   0x00000000   Code   RO         2068    .ARM.Collect$$libshutdown$$00000007  c_wu.l(libshutdown2.o)
    0x080002b2   0x080002b2   0x00000000   Code   RO         2071    .ARM.Collect$$libshutdown$$0000000A  c_wu.l(libshutdown2.o)
    0x080002b2   0x080002b2   0x00000000   Code   RO         2073    .ARM.Collect$$libshutdown$$0000000C  c_wu.l(libshutdown2.o)
    0x080002b2   0x080002b2   0x00000000   Code   RO         2076    .ARM.Collect$$libshutdown$$0000000F  c_wu.l(libshutdown2.o)
    0x080002b2   0x080002b2   0x00000002   Code   RO         2077    .ARM.Collect$$libshutdown$$00000010  c_wu.l(libshutdown2.o)
    0x080002b4   0x080002b4   0x00000000   Code   RO         1735    .ARM.Collect$$rtentry$$00000000  c_wu.l(__rtentry.o)
    0x080002b4   0x080002b4   0x00000000   Code   RO         1842    .ARM.Collect$$rtentry$$00000002  c_wu.l(__rtentry2.o)
    0x080002b4   0x080002b4   0x00000006   Code   RO         1854    .ARM.Collect$$rtentry$$00000004  c_wu.l(__rtentry4.o)
    0x080002ba   0x080002ba   0x00000000   Code   RO         1844    .ARM.Collect$$rtentry$$00000009  c_wu.l(__rtentry2.o)
    0x080002ba   0x080002ba   0x00000004   Code   RO         1845    .ARM.Collect$$rtentry$$0000000A  c_wu.l(__rtentry2.o)
    0x080002be   0x080002be   0x00000000   Code   RO         1847    .ARM.Collect$$rtentry$$0000000C  c_wu.l(__rtentry2.o)
    0x080002be   0x080002be   0x00000008   Code   RO         1848    .ARM.Collect$$rtentry$$0000000D  c_wu.l(__rtentry2.o)
    0x080002c6   0x080002c6   0x00000002   Code   RO         1939    .ARM.Collect$$rtexit$$00000000  c_wu.l(rtexit.o)
    0x080002c8   0x080002c8   0x00000000   Code   RO         2004    .ARM.Collect$$rtexit$$00000002  c_wu.l(rtexit2.o)
    0x080002c8   0x080002c8   0x00000004   Code   RO         2005    .ARM.Collect$$rtexit$$00000003  c_wu.l(rtexit2.o)
    0x080002cc   0x080002cc   0x00000006   Code   RO         2006    .ARM.Collect$$rtexit$$00000004  c_wu.l(rtexit2.o)
    0x080002d2   0x080002d2   0x00000002   PAD
    0x080002d4   0x080002d4   0x00000040   Code   RO            4    .text               startup_stm32f334x8.o
    0x08000314   0x08000314   0x000000f0   Code   RO         1721    .text               c_wu.l(lludivv7m.o)
    0x08000404   0x08000404   0x00000024   Code   RO         1723    .text               c_wu.l(vsprintf.o)
    0x08000428   0x08000428   0x00000044   Code   RO         1727    .text               c_wu.l(rt_memclr.o)
    0x0800046c   0x0800046c   0x0000004e   Code   RO         1729    .text               c_wu.l(rt_memclr_w.o)
    0x080004ba   0x080004ba   0x00000006   Code   RO         1731    .text               c_wu.l(heapauxi.o)
    0x080004c0   0x080004c0   0x0000004e   Code   RO         1742    .text               c_wu.l(_printf_pad.o)
    0x0800050e   0x0800050e   0x00000024   Code   RO         1744    .text               c_wu.l(_printf_truncate.o)
    0x08000532   0x08000532   0x00000052   Code   RO         1746    .text               c_wu.l(_printf_str.o)
    0x08000584   0x08000584   0x00000078   Code   RO         1748    .text               c_wu.l(_printf_dec.o)
    0x080005fc   0x080005fc   0x00000028   Code   RO         1750    .text               c_wu.l(_printf_charcount.o)
    0x08000624   0x08000624   0x00000030   Code   RO         1752    .text               c_wu.l(_printf_char_common.o)
    0x08000654   0x08000654   0x0000000a   Code   RO         1754    .text               c_wu.l(_sputc.o)
    0x0800065e   0x0800065e   0x00000002   PAD
    0x08000660   0x08000660   0x000000bc   Code   RO         1756    .text               c_wu.l(_printf_wctomb.o)
    0x0800071c   0x0800071c   0x0000007c   Code   RO         1759    .text               c_wu.l(_printf_longlong_dec.o)
    0x08000798   0x08000798   0x00000070   Code   RO         1765    .text               c_wu.l(_printf_oct_int_ll.o)
    0x08000808   0x08000808   0x00000094   Code   RO         1785    .text               c_wu.l(_printf_hex_int_ll_ptr.o)
    0x0800089c   0x0800089c   0x00000188   Code   RO         1805    .text               c_wu.l(__printf_flags_ss_wp.o)
    0x08000a24   0x08000a24   0x0000008a   Code   RO         1858    .text               c_wu.l(lludiv10.o)
    0x08000aae   0x08000aae   0x000000b2   Code   RO         1860    .text               c_wu.l(_printf_intcommon.o)
    0x08000b60   0x08000b60   0x0000041c   Code   RO         1862    .text               c_wu.l(_printf_fp_dec.o)
    0x08000f7c   0x08000f7c   0x000002fc   Code   RO         1866    .text               c_wu.l(_printf_fp_hex.o)
    0x08001278   0x08001278   0x0000002c   Code   RO         1871    .text               c_wu.l(_printf_char.o)
    0x080012a4   0x080012a4   0x0000002c   Code   RO         1873    .text               c_wu.l(_printf_wchar.o)
    0x080012d0   0x080012d0   0x00000048   Code   RO         1876    .text               c_wu.l(_c32rtomb.o)
    0x08001318   0x08001318   0x0000004a   Code   RO         1878    .text               c_wu.l(sys_stackheap_outer.o)
    0x08001362   0x08001362   0x00000002   PAD
    0x08001364   0x08001364   0x00000010   Code   RO         1880    .text               c_wu.l(rt_ctype_table.o)
    0x08001374   0x08001374   0x00000008   Code   RO         1885    .text               c_wu.l(rt_locale_intlibspace.o)
    0x0800137c   0x0800137c   0x00000080   Code   RO         1887    .text               c_wu.l(_printf_fp_infnan.o)
    0x080013fc   0x080013fc   0x000000e4   Code   RO         1889    .text               c_wu.l(bigflt0.o)
    0x080014e0   0x080014e0   0x00000012   Code   RO         1919    .text               c_wu.l(exit.o)
    0x080014f2   0x080014f2   0x00000002   PAD
    0x080014f4   0x080014f4   0x00000008   Code   RO         1936    .text               c_wu.l(libspace.o)
    0x080014fc   0x080014fc   0x00000004   PAD
    0x08001500   0x08001500   0x0000007c   Code   RO         1952    .text               c_wu.l(strcmpv7em.o)
    0x0800157c   0x0800157c   0x0000000c   Code   RO         1999    .text               c_wu.l(sys_exit.o)
    0x08001588   0x08001588   0x00000002   Code   RO         2024    .text               c_wu.l(use_no_semi.o)
    0x0800158a   0x0800158a   0x00000000   Code   RO         2026    .text               c_wu.l(indicate_semi.o)
    0x0800158a   0x0800158a   0x00000002   PAD
    0x0800158c   0x0800158c   0x00000074   Code   RO          301    .text.ADC_DMAConvCplt  stm32f3xx_hal_adc_ex.o
    0x08001600   0x08001600   0x0000002a   Code   RO          305    .text.ADC_DMAError  stm32f3xx_hal_adc_ex.o
    0x0800162a   0x0800162a   0x00000002   PAD
    0x0800162c   0x0800162c   0x00000016   Code   RO          303    .text.ADC_DMAHalfConvCplt  stm32f3xx_hal_adc_ex.o
    0x08001642   0x08001642   0x00000002   PAD
    0x08001644   0x08001644   0x000000c0   Code   RO          279    .text.ADC_Disable   stm32f3xx_hal_adc_ex.o
    0x08001704   0x08001704   0x000000b2   Code   RO          287    .text.ADC_Enable    stm32f3xx_hal_adc_ex.o
    0x080017b6   0x080017b6   0x00000002   PAD
    0x080017b8   0x080017b8   0x00000004   Code   RO          193    .text.BusFault_Handler  stm32f3xx_it.o
    0x080017bc   0x080017bc   0x00000010   Code   RO          205    .text.DMA1_Channel1_IRQHandler  stm32f3xx_it.o
    0x080017cc   0x080017cc   0x00000036   Code   RO          506    .text.DMA_CalcBaseAndBitshift  stm32f3xx_hal_dma.o
    0x08001802   0x08001802   0x00000002   PAD
    0x08001804   0x08001804   0x00000050   Code   RO          512    .text.DMA_SetConfig  stm32f3xx_hal_dma.o
    0x08001854   0x08001854   0x00000002   Code   RO          199    .text.DebugMon_Handler  stm32f3xx_it.o
    0x08001856   0x08001856   0x00000002   PAD
    0x08001858   0x08001858   0x0000000e   Code   RO           79    .text.Error_Handler  main.o
    0x08001866   0x08001866   0x00000002   PAD
    0x08001868   0x08001868   0x000001a0   Code   RO          359    .text.HAL_ADCEx_MultiModeConfigChannel  stm32f3xx_hal_adc_ex.o
    0x08001a08   0x08001a08   0x00000518   Code   RO          353    .text.HAL_ADC_ConfigChannel  stm32f3xx_hal_adc_ex.o
    0x08001f20   0x08001f20   0x0000010c   Code   RO           73    .text.HAL_ADC_ConvCpltCallback  main.o
    0x0800202c   0x0800202c   0x00000008   Code   RO          256    .text.HAL_ADC_ConvHalfCpltCallback  stm32f3xx_hal_adc.o
    0x08002034   0x08002034   0x00000008   Code   RO          260    .text.HAL_ADC_ErrorCallback  stm32f3xx_hal_adc.o
    0x0800203c   0x0800203c   0x00000326   Code   RO          277    .text.HAL_ADC_Init  stm32f3xx_hal_adc_ex.o
    0x08002362   0x08002362   0x00000002   PAD
    0x08002364   0x08002364   0x00000100   Code   RO          108    .text.HAL_ADC_MspInit  adc.o
    0x08002464   0x08002464   0x000001d4   Code   RO          299    .text.HAL_ADC_Start_DMA  stm32f3xx_hal_adc_ex.o
    0x08002638   0x08002638   0x00000134   Code   RO          522    .text.HAL_DMA_IRQHandler  stm32f3xx_hal_dma.o
    0x0800276c   0x0800276c   0x0000007c   Code   RO          504    .text.HAL_DMA_Init  stm32f3xx_hal_dma.o
    0x080027e8   0x080027e8   0x000000b4   Code   RO          514    .text.HAL_DMA_Start_IT  stm32f3xx_hal_dma.o
    0x0800289c   0x0800289c   0x00000042   Code   RO          388    .text.HAL_Delay     stm32f3xx_hal.o
    0x080028de   0x080028de   0x00000002   PAD
    0x080028e0   0x080028e0   0x00000332   Code   RO          481    .text.HAL_GPIO_Init  stm32f3xx_hal_gpio.o
    0x08002c12   0x08002c12   0x00000002   PAD
    0x08002c14   0x08002c14   0x00000028   Code   RO          487    .text.HAL_GPIO_WritePin  stm32f3xx_hal_gpio.o
    0x08002c3c   0x08002c3c   0x0000000c   Code   RO          380    .text.HAL_GetTick   stm32f3xx_hal.o
    0x08002c48   0x08002c48   0x0000014e   Code   RO         1052    .text.HAL_HRTIM_ADCTriggerConfig  stm32f3xx_hal_hrtim.o
    0x08002d96   0x08002d96   0x00000002   PAD
    0x08002d98   0x08002d98   0x00000008   Code   RO         1150    .text.HAL_HRTIM_BurstModePeriodCallback  stm32f3xx_hal_hrtim.o
    0x08002da0   0x08002da0   0x0000000a   Code   RO         1166    .text.HAL_HRTIM_Capture1EventCallback  stm32f3xx_hal_hrtim.o
    0x08002daa   0x08002daa   0x00000002   PAD
    0x08002dac   0x08002dac   0x0000000a   Code   RO         1168    .text.HAL_HRTIM_Capture2EventCallback  stm32f3xx_hal_hrtim.o
    0x08002db6   0x08002db6   0x00000002   PAD
    0x08002db8   0x08002db8   0x0000000a   Code   RO         1158    .text.HAL_HRTIM_Compare1EventCallback  stm32f3xx_hal_hrtim.o
    0x08002dc2   0x08002dc2   0x00000002   PAD
    0x08002dc4   0x08002dc4   0x0000000a   Code   RO         1160    .text.HAL_HRTIM_Compare2EventCallback  stm32f3xx_hal_hrtim.o
    0x08002dce   0x08002dce   0x00000002   PAD
    0x08002dd0   0x08002dd0   0x0000000a   Code   RO         1162    .text.HAL_HRTIM_Compare3EventCallback  stm32f3xx_hal_hrtim.o
    0x08002dda   0x08002dda   0x00000002   PAD
    0x08002ddc   0x08002ddc   0x0000000a   Code   RO         1164    .text.HAL_HRTIM_Compare4EventCallback  stm32f3xx_hal_hrtim.o
    0x08002de6   0x08002de6   0x00000002   PAD
    0x08002de8   0x08002de8   0x0000000a   Code   RO         1172    .text.HAL_HRTIM_CounterResetCallback  stm32f3xx_hal_hrtim.o
    0x08002df2   0x08002df2   0x00000002   PAD
    0x08002df4   0x08002df4   0x00000008   Code   RO         1148    .text.HAL_HRTIM_DLLCalibrationReadyCallback  stm32f3xx_hal_hrtim.o
    0x08002dfc   0x08002dfc   0x000000a6   Code   RO          944    .text.HAL_HRTIM_DLLCalibrationStart  stm32f3xx_hal_hrtim.o
    0x08002ea2   0x08002ea2   0x00000002   PAD
    0x08002ea4   0x08002ea4   0x0000010c   Code   RO         1064    .text.HAL_HRTIM_DeadTimeConfig  stm32f3xx_hal_hrtim.o
    0x08002fb0   0x08002fb0   0x0000000a   Code   RO         1170    .text.HAL_HRTIM_DelayedProtectionCallback  stm32f3xx_hal_hrtim.o
    0x08002fba   0x08002fba   0x00000002   PAD
    0x08002fbc   0x08002fbc   0x00000008   Code   RO         1136    .text.HAL_HRTIM_Fault1Callback  stm32f3xx_hal_hrtim.o
    0x08002fc4   0x08002fc4   0x00000008   Code   RO         1138    .text.HAL_HRTIM_Fault2Callback  stm32f3xx_hal_hrtim.o
    0x08002fcc   0x08002fcc   0x00000008   Code   RO         1140    .text.HAL_HRTIM_Fault3Callback  stm32f3xx_hal_hrtim.o
    0x08002fd4   0x08002fd4   0x00000008   Code   RO         1142    .text.HAL_HRTIM_Fault4Callback  stm32f3xx_hal_hrtim.o
    0x08002fdc   0x08002fdc   0x00000008   Code   RO         1144    .text.HAL_HRTIM_Fault5Callback  stm32f3xx_hal_hrtim.o
    0x08002fe4   0x08002fe4   0x00000038   Code   RO         1128    .text.HAL_HRTIM_IRQHandler  stm32f3xx_hal_hrtim.o
    0x0800301c   0x0800301c   0x00000196   Code   RO          936    .text.HAL_HRTIM_Init  stm32f3xx_hal_hrtim.o
    0x080031b2   0x080031b2   0x00000002   PAD
    0x080031b4   0x080031b4   0x0000004e   Code   RO          133    .text.HAL_HRTIM_MspInit  hrtim.o
    0x08003202   0x08003202   0x00000002   PAD
    0x08003204   0x08003204   0x000000ba   Code   RO          131    .text.HAL_HRTIM_MspPostInit  hrtim.o
    0x080032be   0x080032be   0x00000002   PAD
    0x080032c0   0x080032c0   0x0000000a   Code   RO         1176    .text.HAL_HRTIM_Output1ResetCallback  stm32f3xx_hal_hrtim.o
    0x080032ca   0x080032ca   0x00000002   PAD
    0x080032cc   0x080032cc   0x0000000a   Code   RO         1174    .text.HAL_HRTIM_Output1SetCallback  stm32f3xx_hal_hrtim.o
    0x080032d6   0x080032d6   0x00000002   PAD
    0x080032d8   0x080032d8   0x0000000a   Code   RO         1180    .text.HAL_HRTIM_Output2ResetCallback  stm32f3xx_hal_hrtim.o
    0x080032e2   0x080032e2   0x00000002   PAD
    0x080032e4   0x080032e4   0x0000000a   Code   RO         1178    .text.HAL_HRTIM_Output2SetCallback  stm32f3xx_hal_hrtim.o
    0x080032ee   0x080032ee   0x00000002   PAD
    0x080032f0   0x080032f0   0x00000076   Code   RO          948    .text.HAL_HRTIM_PollForDLLCalibration  stm32f3xx_hal_hrtim.o
    0x08003366   0x08003366   0x00000002   PAD
    0x08003368   0x08003368   0x000000c6   Code   RO           69    .text.HAL_HRTIM_RegistersUpdateCallback  main.o
    0x0800342e   0x0800342e   0x00000002   PAD
    0x08003430   0x08003430   0x0000000a   Code   RO         1156    .text.HAL_HRTIM_RepetitionEventCallback  stm32f3xx_hal_hrtim.o
    0x0800343a   0x0800343a   0x00000002   PAD
    0x0800343c   0x0800343c   0x00000008   Code   RO         1152    .text.HAL_HRTIM_SynchronizationEventCallback  stm32f3xx_hal_hrtim.o
    0x08003444   0x08003444   0x00000008   Code   RO         1146    .text.HAL_HRTIM_SystemFaultCallback  stm32f3xx_hal_hrtim.o
    0x0800344c   0x0800344c   0x00000056   Code   RO          950    .text.HAL_HRTIM_TimeBaseConfig  stm32f3xx_hal_hrtim.o
    0x080034a2   0x080034a2   0x00000002   PAD
    0x080034a4   0x080034a4   0x000002b4   Code   RO         1070    .text.HAL_HRTIM_WaveformCompareConfig  stm32f3xx_hal_hrtim.o
    0x08003758   0x08003758   0x0000005a   Code   RO         1082    .text.HAL_HRTIM_WaveformCountStart  stm32f3xx_hal_hrtim.o
    0x080037b2   0x080037b2   0x00000002   PAD
    0x080037b4   0x080037b4   0x000000de   Code   RO         1086    .text.HAL_HRTIM_WaveformCountStart_IT  stm32f3xx_hal_hrtim.o
    0x08003892   0x08003892   0x00000002   PAD
    0x08003894   0x08003894   0x00000072   Code   RO         1074    .text.HAL_HRTIM_WaveformOutputConfig  stm32f3xx_hal_hrtim.o
    0x08003906   0x08003906   0x00000002   PAD
    0x08003908   0x08003908   0x0000005e   Code   RO         1078    .text.HAL_HRTIM_WaveformOutputStart  stm32f3xx_hal_hrtim.o
    0x08003966   0x08003966   0x00000002   PAD
    0x08003968   0x08003968   0x000000e4   Code   RO         1054    .text.HAL_HRTIM_WaveformTimerConfig  stm32f3xx_hal_hrtim.o
    0x08003a4c   0x08003a4c   0x00000084   Code   RO          892    .text.HAL_I2CEx_ConfigAnalogFilter  stm32f3xx_hal_i2c_ex.o
    0x08003ad0   0x08003ad0   0x0000008e   Code   RO          894    .text.HAL_I2CEx_ConfigDigitalFilter  stm32f3xx_hal_i2c_ex.o
    0x08003b5e   0x08003b5e   0x00000002   PAD
    0x08003b60   0x08003b60   0x000000f4   Code   RO          727    .text.HAL_I2C_Init  stm32f3xx_hal_i2c.o
    0x08003c54   0x08003c54   0x000001fa   Code   RO          735    .text.HAL_I2C_Master_Transmit  stm32f3xx_hal_i2c.o
    0x08003e4e   0x08003e4e   0x00000002   PAD
    0x08003e50   0x08003e50   0x000000d8   Code   RO          147    .text.HAL_I2C_MspInit  i2c.o
    0x08003f28   0x08003f28   0x0000001a   Code   RO          378    .text.HAL_IncTick   stm32f3xx_hal.o
    0x08003f42   0x08003f42   0x00000002   PAD
    0x08003f44   0x08003f44   0x0000002c   Code   RO          368    .text.HAL_Init      stm32f3xx_hal.o
    0x08003f70   0x08003f70   0x00000068   Code   RO          370    .text.HAL_InitTick  stm32f3xx_hal.o
    0x08003fd8   0x08003fd8   0x00000042   Code   RO          218    .text.HAL_MspInit   stm32f3xx_hal_msp.o
    0x0800401a   0x0800401a   0x00000002   PAD
    0x0800401c   0x0800401c   0x00000010   Code   RO          551    .text.HAL_NVIC_EnableIRQ  stm32f3xx_hal_cortex.o
    0x0800402c   0x0800402c   0x0000002e   Code   RO          543    .text.HAL_NVIC_SetPriority  stm32f3xx_hal_cortex.o
    0x0800405a   0x0800405a   0x00000002   PAD
    0x0800405c   0x0800405c   0x00000010   Code   RO          539    .text.HAL_NVIC_SetPriorityGrouping  stm32f3xx_hal_cortex.o
    0x0800406c   0x0800406c   0x00000274   Code   RO          465    .text.HAL_RCCEx_PeriphCLKConfig  stm32f3xx_hal_rcc_ex.o
    0x080042e0   0x080042e0   0x000002f8   Code   RO          432    .text.HAL_RCC_ClockConfig  stm32f3xx_hal_rcc.o
    0x080045d8   0x080045d8   0x0000000c   Code   RO          442    .text.HAL_RCC_GetHCLKFreq  stm32f3xx_hal_rcc.o
    0x080045e4   0x080045e4   0x00000022   Code   RO          444    .text.HAL_RCC_GetPCLK1Freq  stm32f3xx_hal_rcc.o
    0x08004606   0x08004606   0x00000002   PAD
    0x08004608   0x08004608   0x00000022   Code   RO          446    .text.HAL_RCC_GetPCLK2Freq  stm32f3xx_hal_rcc.o
    0x0800462a   0x0800462a   0x00000002   PAD
    0x0800462c   0x0800462c   0x000000c2   Code   RO          434    .text.HAL_RCC_GetSysClockFreq  stm32f3xx_hal_rcc.o
    0x080046ee   0x080046ee   0x00000002   PAD
    0x080046f0   0x080046f0   0x00000a42   Code   RO          430    .text.HAL_RCC_OscConfig  stm32f3xx_hal_rcc.o
    0x08005132   0x08005132   0x00000002   PAD
    0x08005134   0x08005134   0x00000010   Code   RO          563    .text.HAL_SYSTICK_Config  stm32f3xx_hal_cortex.o
    0x08005144   0x08005144   0x00000008   Code   RO         1527    .text.HAL_TIMEx_Break2Callback  stm32f3xx_hal_tim_ex.o
    0x0800514c   0x0800514c   0x00000008   Code   RO         1525    .text.HAL_TIMEx_BreakCallback  stm32f3xx_hal_tim_ex.o
    0x08005154   0x08005154   0x00000008   Code   RO         1521    .text.HAL_TIMEx_CommutCallback  stm32f3xx_hal_tim_ex.o
    0x0800515c   0x0800515c   0x00000084   Code   RO         1196    .text.HAL_TIM_Base_Init  stm32f3xx_hal_tim.o
    0x080051e0   0x080051e0   0x0000004e   Code   RO          161    .text.HAL_TIM_Base_MspInit  tim.o
    0x0800522e   0x0800522e   0x00000002   PAD
    0x08005230   0x08005230   0x000000b4   Code   RO         1210    .text.HAL_TIM_Base_Start_IT  stm32f3xx_hal_tim.o
    0x080052e4   0x080052e4   0x00000008   Code   RO         1332    .text.HAL_TIM_IC_CaptureCallback  stm32f3xx_hal_tim.o
    0x080052ec   0x080052ec   0x000002b4   Code   RO         1330    .text.HAL_TIM_IRQHandler  stm32f3xx_hal_tim.o
    0x080055a0   0x080055a0   0x00000008   Code   RO         1334    .text.HAL_TIM_OC_DelayElapsedCallback  stm32f3xx_hal_tim.o
    0x080055a8   0x080055a8   0x00000008   Code   RO         1336    .text.HAL_TIM_PWM_PulseFinishedCallback  stm32f3xx_hal_tim.o
    0x080055b0   0x080055b0   0x0000001a   Code   RO           67    .text.HAL_TIM_PeriodElapsedCallback  main.o
    0x080055ca   0x080055ca   0x00000002   PAD
    0x080055cc   0x080055cc   0x00000008   Code   RO         1340    .text.HAL_TIM_TriggerCallback  stm32f3xx_hal_tim.o
    0x080055d4   0x080055d4   0x0000009c   Code   RO         1540    .text.HAL_UART_Init  stm32f3xx_hal_uart.o
    0x08005670   0x08005670   0x00000088   Code   RO          175    .text.HAL_UART_MspInit  usart.o
    0x080056f8   0x080056f8   0x00000012   Code   RO          209    .text.HRTIM1_Master_IRQHandler  stm32f3xx_it.o
    0x0800570a   0x0800570a   0x00000002   PAD
    0x0800570c   0x0800570c   0x0000008c   Code   RO         1060    .text.HRTIM_ForceRegistersUpdate  stm32f3xx_hal_hrtim.o
    0x08005798   0x08005798   0x0000017a   Code   RO         1130    .text.HRTIM_HRTIM_ISR  stm32f3xx_hal_hrtim.o
    0x08005912   0x08005912   0x00000002   PAD
    0x08005914   0x08005914   0x00000052   Code   RO          952    .text.HRTIM_MasterBase_Config  stm32f3xx_hal_hrtim.o
    0x08005966   0x08005966   0x00000002   PAD
    0x08005968   0x08005968   0x000000c0   Code   RO         1056    .text.HRTIM_MasterWaveform_Config  stm32f3xx_hal_hrtim.o
    0x08005a28   0x08005a28   0x00000234   Code   RO         1132    .text.HRTIM_Master_ISR  stm32f3xx_hal_hrtim.o
    0x08005c5c   0x08005c5c   0x0000017c   Code   RO          978    .text.HRTIM_OutputConfig  stm32f3xx_hal_hrtim.o
    0x08005dd8   0x08005dd8   0x0000049e   Code   RO         1134    .text.HRTIM_Timer_ISR  stm32f3xx_hal_hrtim.o
    0x08006276   0x08006276   0x00000002   PAD
    0x08006278   0x08006278   0x00000074   Code   RO          954    .text.HRTIM_TimingUnitBase_Config  stm32f3xx_hal_hrtim.o
    0x080062ec   0x080062ec   0x0000026a   Code   RO         1058    .text.HRTIM_TimingUnitWaveform_Config  stm32f3xx_hal_hrtim.o
    0x08006556   0x08006556   0x00000002   PAD
    0x08006558   0x08006558   0x00000004   Code   RO          189    .text.HardFault_Handler  stm32f3xx_it.o
    0x0800655c   0x0800655c   0x00000040   Code   RO          867    .text.I2C_Flush_TXDR  stm32f3xx_hal_i2c.o
    0x0800659c   0x0800659c   0x000000d8   Code   RO          883    .text.I2C_IsAcknowledgeFailed  stm32f3xx_hal_i2c.o
    0x08006674   0x08006674   0x0000004a   Code   RO          739    .text.I2C_TransferConfig  stm32f3xx_hal_i2c.o
    0x080066be   0x080066be   0x00000002   PAD
    0x080066c0   0x080066c0   0x00000080   Code   RO          737    .text.I2C_WaitOnFlagUntilTimeout  stm32f3xx_hal_i2c.o
    0x08006740   0x08006740   0x0000007e   Code   RO          743    .text.I2C_WaitOnSTOPFlagUntilTimeout  stm32f3xx_hal_i2c.o
    0x080067be   0x080067be   0x00000002   PAD
    0x080067c0   0x080067c0   0x00000088   Code   RO          741    .text.I2C_WaitOnTXISFlagUntilTimeout  stm32f3xx_hal_i2c.o
    0x08006848   0x08006848   0x00000142   Code   RO          106    .text.MX_ADC1_Init  adc.o
    0x0800698a   0x0800698a   0x00000002   PAD
    0x0800698c   0x0800698c   0x00000038   Code   RO          121    .text.MX_DMA_Init   dma.o
    0x080069c4   0x080069c4   0x00000096   Code   RO           98    .text.MX_GPIO_Init  gpio.o
    0x08006a5a   0x08006a5a   0x00000002   PAD
    0x08006a5c   0x08006a5c   0x00000542   Code   RO          129    .text.MX_HRTIM1_Init  hrtim.o
    0x08006f9e   0x08006f9e   0x00000002   PAD
    0x08006fa0   0x08006fa0   0x00000076   Code   RO          145    .text.MX_I2C1_Init  i2c.o
    0x08007016   0x08007016   0x00000002   PAD
    0x08007018   0x08007018   0x0000003e   Code   RO          159    .text.MX_TIM17_Init  tim.o
    0x08007056   0x08007056   0x00000002   PAD
    0x08007058   0x08007058   0x00000044   Code   RO          173    .text.MX_USART1_UART_Init  usart.o
    0x0800709c   0x0800709c   0x00000004   Code   RO          191    .text.MemManage_Handler  stm32f3xx_it.o
    0x080070a0   0x080070a0   0x00000004   Code   RO          187    .text.NMI_Handler   stm32f3xx_it.o
    0x080070a4   0x080070a4   0x0000006c   Code   RO          549    .text.NVIC_EncodePriority  stm32f3xx_hal_cortex.o
    0x08007110   0x08007110   0x00000068   Code   RO           19    .text.OLED_Clear    oled.o
    0x08007178   0x08007178   0x00000016   Code   RO           15    .text.OLED_Display_On  oled.o
    0x0800718e   0x0800718e   0x00000002   PAD
    0x08007190   0x08007190   0x000000ca   Code   RO           37    .text.OLED_Init     oled.o
    0x0800725a   0x0800725a   0x00000002   PAD
    0x0800725c   0x0800725c   0x00000038   Code   RO           11    .text.OLED_Set_Pos  oled.o
    0x08007294   0x08007294   0x00000132   Code   RO           25    .text.OLED_ShowChar  oled.o
    0x080073c6   0x080073c6   0x00000002   PAD
    0x080073c8   0x080073c8   0x00000074   Code   RO           31    .text.OLED_ShowString  oled.o
    0x0800743c   0x0800743c   0x00000036   Code   RO           13    .text.OLED_Write_Cmd  oled.o
    0x08007472   0x08007472   0x00000002   PAD
    0x08007474   0x08007474   0x00000036   Code   RO           21    .text.OLED_Write_Dat  oled.o
    0x080074aa   0x080074aa   0x00000002   PAD
    0x080074ac   0x080074ac   0x00000058   Code   RO           35    .text.OLED_printf   oled.o
    0x08007504   0x08007504   0x0000024c   Code   RO           56    .text.PID_calc      pid.o
    0x08007750   0x08007750   0x0000007e   Code   RO           54    .text.PID_init      pid.o
    0x080077ce   0x080077ce   0x00000002   PAD
    0x080077d0   0x080077d0   0x00000002   Code   RO          201    .text.PendSV_Handler  stm32f3xx_it.o
    0x080077d2   0x080077d2   0x00000002   PAD
    0x080077d4   0x080077d4   0x00000002   Code   RO          197    .text.SVC_Handler   stm32f3xx_it.o
    0x080077d6   0x080077d6   0x00000002   PAD
    0x080077d8   0x080077d8   0x00000052   Code   RO          565    .text.SysTick_Config  stm32f3xx_hal_cortex.o
    0x0800782a   0x0800782a   0x00000002   PAD
    0x0800782c   0x0800782c   0x00000008   Code   RO          203    .text.SysTick_Handler  stm32f3xx_it.o
    0x08007834   0x08007834   0x000000aa   Code   RO           77    .text.SystemClock_Config  main.o
    0x080078de   0x080078de   0x00000002   PAD
    0x080078e0   0x080078e0   0x00000012   Code   RO         1706    .text.SystemInit    system_stm32f3xx.o
    0x080078f2   0x080078f2   0x00000002   PAD
    0x080078f4   0x080078f4   0x00000010   Code   RO          207    .text.TIM1_TRG_COM_TIM17_IRQHandler  stm32f3xx_it.o
    0x08007904   0x08007904   0x00000130   Code   RO         1200    .text.TIM_Base_SetConfig  stm32f3xx_hal_tim.o
    0x08007a34   0x08007a34   0x00000148   Code   RO         1546    .text.UART_AdvFeatureConfig  stm32f3xx_hal_uart.o
    0x08007b7c   0x08007b7c   0x0000009a   Code   RO         1548    .text.UART_CheckIdleState  stm32f3xx_hal_uart.o
    0x08007c16   0x08007c16   0x00000002   PAD
    0x08007c18   0x08007c18   0x0000024e   Code   RO         1544    .text.UART_SetConfig  stm32f3xx_hal_uart.o
    0x08007e66   0x08007e66   0x00000002   PAD
    0x08007e68   0x08007e68   0x000000f4   Code   RO         1562    .text.UART_WaitOnFlagUntilTimeout  stm32f3xx_hal_uart.o
    0x08007f5c   0x08007f5c   0x00000004   Code   RO          195    .text.UsageFault_Handler  stm32f3xx_it.o
    0x08007f60   0x08007f60   0x0000002a   Code   RO          553    .text.__NVIC_EnableIRQ  stm32f3xx_hal_cortex.o
    0x08007f8a   0x08007f8a   0x00000002   PAD
    0x08007f8c   0x08007f8c   0x00000010   Code   RO          545    .text.__NVIC_GetPriorityGrouping  stm32f3xx_hal_cortex.o
    0x08007f9c   0x08007f9c   0x0000003a   Code   RO          547    .text.__NVIC_SetPriority  stm32f3xx_hal_cortex.o
    0x08007fd6   0x08007fd6   0x00000002   PAD
    0x08007fd8   0x08007fd8   0x0000003c   Code   RO          541    .text.__NVIC_SetPriorityGrouping  stm32f3xx_hal_cortex.o
    0x08008014   0x08008014   0x000000a6   Code   RO           71    .text.bubble        main.o
    0x080080ba   0x080080ba   0x00000002   PAD
    0x080080bc   0x080080bc   0x000000d8   Code   RO           75    .text.main          main.o
    0x08008194   0x08008194   0x0000003e   Code   RO         1892    CL$$btod_d2e        c_wu.l(btod.o)
    0x080081d2   0x080081d2   0x00000046   Code   RO         1894    CL$$btod_d2e_denorm_low  c_wu.l(btod.o)
    0x08008218   0x08008218   0x00000060   Code   RO         1893    CL$$btod_d2e_norm_op1  c_wu.l(btod.o)
    0x08008278   0x08008278   0x00000338   Code   RO         1902    CL$$btod_div_common  c_wu.l(btod.o)
    0x080085b0   0x080085b0   0x000000dc   Code   RO         1899    CL$$btod_e2e        c_wu.l(btod.o)
    0x0800868c   0x0800868c   0x0000002a   Code   RO         1896    CL$$btod_ediv       c_wu.l(btod.o)
    0x080086b6   0x080086b6   0x0000002a   Code   RO         1895    CL$$btod_emul       c_wu.l(btod.o)
    0x080086e0   0x080086e0   0x00000244   Code   RO         1901    CL$$btod_mult_common  c_wu.l(btod.o)
    0x08008924   0x08008924   0x00000030   Code   RO         1934    i.__ARM_fpclassify  m_wm.l(fpclassify.o)
    0x08008954   0x08008954   0x0000000e   Code   RO         1798    i._is_digit         c_wu.l(__printf_wp.o)
    0x08008962   0x08008962   0x00000002   PAD
    0x08008964   0x08008964   0x0000002c   Code   RO         1917    locale$$code        c_wu.l(lc_numeric_c.o)
    0x08008990   0x08008990   0x0000002c   Code   RO         1946    locale$$code        c_wu.l(lc_ctype_c.o)
    0x080089bc   0x080089bc   0x0000001a   Code   RO         2018    x$fpl$fpinit        fz_wm.l(fpinit.o)
    0x080089d6   0x080089d6   0x00000004   Code   RO         1833    x$fpl$printf1       fz_wm.l(printf1.o)
    0x080089da   0x080089da   0x00000004   Code   RO         1835    x$fpl$printf2       fz_wm.l(printf2.o)
    0x080089de   0x080089de   0x00000000   Code   RO         1933    x$fpl$usenofp       fz_wm.l(usenofp.o)
    0x080089de   0x080089de   0x00000002   PAD
    0x080089e0   0x080089e0   0x00000008   Data   RO         1757    .constdata          c_wu.l(_printf_wctomb.o)
    0x080089e8   0x080089e8   0x00000028   Data   RO         1786    .constdata          c_wu.l(_printf_hex_int_ll_ptr.o)
    0x08008a10   0x08008a10   0x00000011   Data   RO         1806    .constdata          c_wu.l(__printf_flags_ss_wp.o)
    0x08008a21   0x08008a21   0x00000026   Data   RO         1867    .constdata          c_wu.l(_printf_fp_hex.o)
    0x08008a47   0x08008a47   0x00000001   PAD
    0x08008a48   0x08008a48   0x00000094   Data   RO         1890    .constdata          c_wu.l(bigflt0.o)
    0x08008adc   0x08008adc   0x00000010   Data   RO         1711    .rodata.AHBPrescTable  system_stm32f3xx.o
    0x08008aec   0x08008aec   0x00000008   Data   RO         1712    .rodata.APBPrescTable  system_stm32f3xx.o
    0x08008af4   0x08008af4   0x00000228   Data   RO           39    .rodata.F6x8        oled.o
    0x08008d1c   0x08008d1c   0x000005f0   Data   RO           40    .rodata.F8X16       oled.o
    0x0800930c   0x0800930c   0x00000010   Data   RO          456    .rodata.aPLLMULFactorTable  stm32f3xx_hal_rcc.o
    0x0800931c   0x0800931c   0x00000010   Data   RO          457    .rodata.aPredivFactorTable  stm32f3xx_hal_rcc.o
    0x0800932c   0x0800932c   0x0000000d   Data   RO           89    .rodata.str1.1      main.o
    0x08009339   0x08009339   0x00000003   PAD
    0x0800933c   0x0800933c   0x0000000c   Data   RO           83    .rodata.vol_p_i_d   main.o
    0x08009348   0x08009348   0x00000020   Data   RO         2079    Region$$Table       anon$$obj.o
    0x08009368   0x08009368   0x0000001c   Data   RO         1916    locale$$data        c_wu.l(lc_numeric_c.o)
    0x08009384   0x08009384   0x00000110   Data   RO         1945    locale$$data        c_wu.l(lc_ctype_c.o)


    Execution Region RW_IRAM1 (Exec base: 0x20000000, Load base: 0x08009498, Size: 0x00000b28, Max: 0x00003000, ABSOLUTE)

    Exec Addr    Load Addr    Size         Type   Attr      Idx    E Section Name        Object

    0x20000000   0x08009498   0x00000004   Data   RW         1710    .data.SystemCoreClock  system_stm32f3xx.o
    0x20000004   0x0800949c   0x00000018   Data   RW         1188    .data.TimerIdxToTimerId  stm32f3xx_hal_hrtim.o
    0x2000001c   0x080094b4   0x00000004   Data   RW          419    .data.uwTickFreq    stm32f3xx_hal.o
    0x20000020   0x080094b8   0x00000004   Data   RW          418    .data.uwTickPrio    stm32f3xx_hal.o
    0x20000024   0x080094bc   0x00000004   Data   RW           84    .data.vol_set       main.o
    0x20000028        -       0x00000060   Zero   RW         1937    .bss                c_wu.l(libspace.o)
    0x20000088        -       0x00000001   Zero   RW           86    .bss.FSBB_mode      main.o
    0x20000089   0x080094c0   0x00000001   PAD
    0x2000008a        -       0x000000f0   Zero   RW           81    .bss.adc_data       main.o
    0x2000017a        -       0x0000000c   Zero   RW           82    .bss.adc_data_fin   main.o
    0x20000186   0x080094c0   0x00000002   PAD
    0x20000188        -       0x00000054   Zero   RW          112    .bss.hadc1          adc.o
    0x200001dc        -       0x00000048   Zero   RW          113    .bss.hdma_adc1      adc.o
    0x20000224        -       0x000000e0   Zero   RW          137    .bss.hhrtim1        hrtim.o
    0x20000304        -       0x00000054   Zero   RW          151    .bss.hi2c1          i2c.o
    0x20000358        -       0x00000070   Zero   RW          165    .bss.htim17         tim.o
    0x200003c8        -       0x00000084   Zero   RW          179    .bss.huart1         usart.o
    0x2000044c        -       0x00000028   Zero   RW           88    .bss.scop           main.o
    0x20000474        -       0x00000064   Zero   RW           42    .bss.send_buff      oled.o
    0x200004d8        -       0x00000004   Zero   RW          420    .bss.uwTick         stm32f3xx_hal.o
    0x200004dc        -       0x00000004   Zero   RW           85    .bss.vol_out        main.o
    0x200004e0        -       0x00000048   Zero   RW           87    .bss.vol_pid        main.o
    0x20000528        -       0x00000200   Zero   RW            2    HEAP                startup_stm32f334x8.o
    0x20000728        -       0x00000400   Zero   RW            1    STACK               startup_stm32f334x8.o


==============================================================================

Image component sizes


      Code (inc. data)   RO Data    RW Data    ZI Data      Debug   Object Name

       578          0          0          0        156       5265   adc.o
        56          0          0          0          0       2208   dma.o
       150          0          0          0          0       1665   gpio.o
      1610          0          0          0        224       9646   hrtim.o
       334          0          0          0         84       4615   i2c.o
      1058         16         25          4        369      11051   main.o
      1002          0       2072          0        100       3870   oled.o
       714          0          0          0          0       2269   pid.o
        64         26        392          0       1536        812   startup_stm32f334x8.o
       252          0          0          8          4       5793   stm32f3xx_hal.o
        16          0          0          0          0       6353   stm32f3xx_hal_adc.o
      3544          4          0          0          0      19204   stm32f3xx_hal_adc_ex.o
       460          0          0          0          0       7657   stm32f3xx_hal_cortex.o
       746          0          0          0          0       6171   stm32f3xx_hal_dma.o
       858          0          0          0          0       4872   stm32f3xx_hal_gpio.o
      6728         36          0         24          0      43960   stm32f3xx_hal_hrtim.o
      1494          0          0          0          0      32923   stm32f3xx_hal_i2c.o
       274          0          0          0          0       5362   stm32f3xx_hal_i2c_ex.o
        66          0          0          0          0        994   stm32f3xx_hal_msp.o
      3660          0         32          0          0       8061   stm32f3xx_hal_rcc.o
       628          0          0          0          0       3858   stm32f3xx_hal_rcc_ex.o
      1340          0          0          0          0      35611   stm32f3xx_hal_tim.o
        24          0          0          0          0      15253   stm32f3xx_hal_tim_ex.o
      1472         24          0          0          0      19575   stm32f3xx_hal_uart.o
        84          0          0          0          0       1284   stm32f3xx_it.o
        18          0         24          4          0       2078   system_stm32f3xx.o
       140          0          0          0        112       5534   tim.o
       204          0          0          0        132       4483   usart.o

    ----------------------------------------------------------------------
     27720        106       2580         40       2720     270427   Object Totals
         0          0         32          0          0          0   (incl. Generated)
       146          0          3          0          3          0   (incl. Padding)

    ----------------------------------------------------------------------

      Code (inc. data)   RO Data    RW Data    ZI Data      Debug   Library Member Name

         8          0          0          0          0         68   __main.o
       392          4         17          0          0         92   __printf_flags_ss_wp.o
        14          0          0          0          0         68   __printf_wp.o
         0          0          0          0          0          0   __rtentry.o
        12          0          0          0          0          0   __rtentry2.o
         6          0          0          0          0          0   __rtentry4.o
        52          8          0          0          0          0   __scatter.o
        26          0          0          0          0          0   __scatter_copy.o
        28          0          0          0          0          0   __scatter_zi.o
        72          0          0          0          0         96   _c32rtomb.o
         6          0          0          0          0          0   _printf_a.o
         6          0          0          0          0          0   _printf_c.o
        44          0          0          0          0        108   _printf_char.o
        48          6          0          0          0         96   _printf_char_common.o
        40          0          0          0          0         68   _printf_charcount.o
         6          0          0          0          0          0   _printf_d.o
       120         16          0          0          0         92   _printf_dec.o
         6          0          0          0          0          0   _printf_e.o
         6          0          0          0          0          0   _printf_f.o
      1052          0          0          0          0        148   _printf_fp_dec.o
       764          8         38          0          0        100   _printf_fp_hex.o
       128         16          0          0          0         84   _printf_fp_infnan.o
         6          0          0          0          0          0   _printf_g.o
       148          4         40          0          0        160   _printf_hex_int_ll_ptr.o
         6          0          0          0          0          0   _printf_i.o
       178          0          0          0          0         88   _printf_intcommon.o
        10          0          0          0          0          0   _printf_l.o
         6          0          0          0          0          0   _printf_lc.o
        10          0          0          0          0          0   _printf_ll.o
         6          0          0          0          0          0   _printf_lld.o
         6          0          0          0          0          0   _printf_lli.o
         6          0          0          0          0          0   _printf_llo.o
         6          0          0          0          0          0   _printf_llu.o
         6          0          0          0          0          0   _printf_llx.o
       124         16          0          0          0         92   _printf_longlong_dec.o
         6          0          0          0          0          0   _printf_ls.o
         6          0          0          0          0          0   _printf_n.o
         6          0          0          0          0          0   _printf_o.o
       112          8          0          0          0        124   _printf_oct_int_ll.o
         6          0          0          0          0          0   _printf_p.o
        78          0          0          0          0        108   _printf_pad.o
         0          0          0          0          0          0   _printf_percent.o
         4          0          0          0          0          0   _printf_percent_end.o
         6          0          0          0          0          0   _printf_s.o
        82          0          0          0          0         80   _printf_str.o
        36          0          0          0          0         84   _printf_truncate.o
         6          0          0          0          0          0   _printf_u.o
        44          0          0          0          0        108   _printf_wchar.o
       188          6          8          0          0         92   _printf_wctomb.o
         6          0          0          0          0          0   _printf_x.o
        10          0          0          0          0         68   _sputc.o
       228          4        148          0          0         96   bigflt0.o
      1936        128          0          0          0        668   btod.o
        18          0          0          0          0         80   exit.o
         6          0          0          0          0        152   heapauxi.o
         0          0          0          0          0          0   indicate_semi.o
        44         10        272          0          0         76   lc_ctype_c.o
        44         10         28          0          0         76   lc_numeric_c.o
         2          0          0          0          0          0   libinit.o
        34          0          0          0          0          0   libinit2.o
         2          0          0          0          0          0   libshutdown.o
         2          0          0          0          0          0   libshutdown2.o
         8          4          0          0         96         68   libspace.o
       138          0          0          0          0         80   lludiv10.o
       240          0          0          0          0        100   lludivv7m.o
        16          4          0          0          0         76   rt_ctype_table.o
         8          4          0          0          0         68   rt_locale_intlibspace.o
        68          0          0          0          0         68   rt_memclr.o
        78          0          0          0          0         80   rt_memclr_w.o
         2          0          0          0          0          0   rtexit.o
        10          0          0          0          0          0   rtexit2.o
       124          0          0          0          0         88   strcmpv7em.o
        12          4          0          0          0         68   sys_exit.o
        74          0          0          0          0         80   sys_stackheap_outer.o
         2          0          0          0          0         68   use_no_semi.o
        36          4          0          0          0         76   vsprintf.o
        26          0          0          0          0        116   fpinit.o
         4          0          0          0          0        116   printf1.o
         4          0          0          0          0        116   printf2.o
         0          0          0          0          0          0   usenofp.o
        48          0          0          0          0        124   fpclassify.o

    ----------------------------------------------------------------------
      7184        268        552          0         96       4564   Library Totals
        20          4          1          0          0          0   (incl. Padding)

    ----------------------------------------------------------------------

      Code (inc. data)   RO Data    RW Data    ZI Data      Debug   Library Name

      7082        264        551          0         96       4092   c_wu.l
        34          0          0          0          0        348   fz_wm.l
        48          0          0          0          0        124   m_wm.l

    ----------------------------------------------------------------------
      7184        268        552          0         96       4564   Library Totals

    ----------------------------------------------------------------------

==============================================================================


      Code (inc. data)   RO Data    RW Data    ZI Data      Debug   

     34904        374       3132         40       2816     272087   Grand Totals
     34904        374       3132         40       2816     272087   ELF Image Totals
     34904        374       3132         40          0          0   ROM Totals

==============================================================================

    Total RO  Size (Code + RO Data)                38036 (  37.14kB)
    Total RW  Size (RW Data + ZI Data)              2856 (   2.79kB)
    Total ROM Size (Code + RO Data + RW Data)      38076 (  37.18kB)

==============================================================================

