Component: ARM Compiler 6.15 Tool: armlink [5dd79300]

==============================================================================

Section Cross References

    startup_stm32f334x8.o(STACK) refers (Special) to heapauxi.o(.text) for __use_two_region_memory
    startup_stm32f334x8.o(HEAP) refers (Special) to heapauxi.o(.text) for __use_two_region_memory
    startup_stm32f334x8.o(RESET) refers (Special) to heapauxi.o(.text) for __use_two_region_memory
    startup_stm32f334x8.o(RESET) refers to startup_stm32f334x8.o(STACK) for __initial_sp
    startup_stm32f334x8.o(RESET) refers to startup_stm32f334x8.o(.text) for Reset_Handler
    startup_stm32f334x8.o(RESET) refers to stm32f3xx_it.o(.text.NMI_Handler) for NMI_Handler
    startup_stm32f334x8.o(RESET) refers to stm32f3xx_it.o(.text.HardFault_Handler) for HardFault_Handler
    startup_stm32f334x8.o(RESET) refers to stm32f3xx_it.o(.text.MemManage_Handler) for MemManage_Handler
    startup_stm32f334x8.o(RESET) refers to stm32f3xx_it.o(.text.BusFault_Handler) for BusFault_Handler
    startup_stm32f334x8.o(RESET) refers to stm32f3xx_it.o(.text.UsageFault_Handler) for UsageFault_Handler
    startup_stm32f334x8.o(RESET) refers to stm32f3xx_it.o(.text.SVC_Handler) for SVC_Handler
    startup_stm32f334x8.o(RESET) refers to stm32f3xx_it.o(.text.DebugMon_Handler) for DebugMon_Handler
    startup_stm32f334x8.o(RESET) refers to stm32f3xx_it.o(.text.PendSV_Handler) for PendSV_Handler
    startup_stm32f334x8.o(RESET) refers to stm32f3xx_it.o(.text.SysTick_Handler) for SysTick_Handler
    startup_stm32f334x8.o(RESET) refers to stm32f3xx_it.o(.text.DMA1_Channel1_IRQHandler) for DMA1_Channel1_IRQHandler
    startup_stm32f334x8.o(RESET) refers to stm32f3xx_it.o(.text.DMA1_Channel2_IRQHandler) for DMA1_Channel2_IRQHandler
    startup_stm32f334x8.o(RESET) refers to stm32f3xx_it.o(.text.TIM1_TRG_COM_TIM17_IRQHandler) for TIM1_TRG_COM_TIM17_IRQHandler
    startup_stm32f334x8.o(.text) refers (Special) to heapauxi.o(.text) for __use_two_region_memory
    startup_stm32f334x8.o(.text) refers to system_stm32f3xx.o(.text.SystemInit) for SystemInit
    startup_stm32f334x8.o(.text) refers to __main.o(!!!main) for __main
    startup_stm32f334x8.o(.text) refers to startup_stm32f334x8.o(HEAP) for Heap_Mem
    startup_stm32f334x8.o(.text) refers to startup_stm32f334x8.o(STACK) for Stack_Mem
    oled.o(.text.OLED_Set_Pos) refers to oled.o(.text.OLED_Write_Cmd) for OLED_Write_Cmd
    oled.o(.ARM.exidx.text.OLED_Set_Pos) refers to oled.o(.text.OLED_Set_Pos) for [Anonymous Symbol]
    oled.o(.text.OLED_Write_Cmd) refers to i2c.o(.bss.hi2c1) for hi2c1
    oled.o(.text.OLED_Write_Cmd) refers to stm32f3xx_hal_i2c.o(.text.HAL_I2C_Master_Transmit) for HAL_I2C_Master_Transmit
    oled.o(.ARM.exidx.text.OLED_Write_Cmd) refers to oled.o(.text.OLED_Write_Cmd) for [Anonymous Symbol]
    oled.o(.text.OLED_Display_On) refers to oled.o(.text.OLED_Write_Cmd) for OLED_Write_Cmd
    oled.o(.ARM.exidx.text.OLED_Display_On) refers to oled.o(.text.OLED_Display_On) for [Anonymous Symbol]
    oled.o(.text.OLED_Display_Off) refers to oled.o(.text.OLED_Write_Cmd) for OLED_Write_Cmd
    oled.o(.ARM.exidx.text.OLED_Display_Off) refers to oled.o(.text.OLED_Display_Off) for [Anonymous Symbol]
    oled.o(.text.OLED_Clear) refers to oled.o(.text.OLED_Write_Cmd) for OLED_Write_Cmd
    oled.o(.text.OLED_Clear) refers to oled.o(.text.OLED_Write_Dat) for OLED_Write_Dat
    oled.o(.ARM.exidx.text.OLED_Clear) refers to oled.o(.text.OLED_Clear) for [Anonymous Symbol]
    oled.o(.text.OLED_Write_Dat) refers to i2c.o(.bss.hi2c1) for hi2c1
    oled.o(.text.OLED_Write_Dat) refers to stm32f3xx_hal_i2c.o(.text.HAL_I2C_Master_Transmit) for HAL_I2C_Master_Transmit
    oled.o(.ARM.exidx.text.OLED_Write_Dat) refers to oled.o(.text.OLED_Write_Dat) for [Anonymous Symbol]
    oled.o(.text.OLED_On) refers to oled.o(.text.OLED_Write_Cmd) for OLED_Write_Cmd
    oled.o(.text.OLED_On) refers to oled.o(.text.OLED_Write_Dat) for OLED_Write_Dat
    oled.o(.ARM.exidx.text.OLED_On) refers to oled.o(.text.OLED_On) for [Anonymous Symbol]
    oled.o(.text.OLED_ShowChar) refers to oled.o(.text.OLED_Set_Pos) for OLED_Set_Pos
    oled.o(.text.OLED_ShowChar) refers to oled.o(.rodata.F8X16) for F8X16
    oled.o(.text.OLED_ShowChar) refers to oled.o(.text.OLED_Write_Dat) for OLED_Write_Dat
    oled.o(.text.OLED_ShowChar) refers to oled.o(.rodata.F6x8) for F6x8
    oled.o(.ARM.exidx.text.OLED_ShowChar) refers to oled.o(.text.OLED_ShowChar) for [Anonymous Symbol]
    oled.o(.text.OLED_ShowNum) refers to oled.o(.text.oled_pow) for oled_pow
    oled.o(.text.OLED_ShowNum) refers to oled.o(.text.OLED_ShowChar) for OLED_ShowChar
    oled.o(.ARM.exidx.text.OLED_ShowNum) refers to oled.o(.text.OLED_ShowNum) for [Anonymous Symbol]
    oled.o(.ARM.exidx.text.oled_pow) refers to oled.o(.text.oled_pow) for [Anonymous Symbol]
    oled.o(.text.OLED_ShowString) refers to oled.o(.text.OLED_ShowChar) for OLED_ShowChar
[...]
    [Anonymous Symbol]                       0x08003698   Section        0  stm32f3xx_hal_rcc.o(.text.HAL_RCC_GetPCLK1Freq)
    [Anonymous Symbol]                       0x080036bc   Section        0  stm32f3xx_hal_rcc.o(.text.HAL_RCC_GetPCLK2Freq)
    [Anonymous Symbol]                       0x080036e0   Section        0  stm32f3xx_hal_rcc.o(.text.HAL_RCC_GetSysClockFreq)
    [Anonymous Symbol]                       0x080037a8   Section        0  stm32f3xx_hal_rcc.o(.text.HAL_RCC_OscConfig)
    [Anonymous Symbol]                       0x08004270   Section        0  stm32f3xx_hal_cortex.o(.text.HAL_SYSTICK_Config)
    [Anonymous Symbol]                       0x08004280   Section        0  stm32f3xx_hal_tim_ex.o(.text.HAL_TIMEx_Break2Callback)
    [Anonymous Symbol]                       0x08004288   Section        0  stm32f3xx_hal_tim_ex.o(.text.HAL_TIMEx_BreakCallback)
    [Anonymous Symbol]                       0x08004290   Section        0  stm32f3xx_hal_tim_ex.o(.text.HAL_TIMEx_CommutCallback)
    [Anonymous Symbol]                       0x08004298   Section        0  stm32f3xx_hal_tim.o(.text.HAL_TIM_Base_Init)
    [Anonymous Symbol]                       0x0800434c   Section        0  tim.o(.text.HAL_TIM_Base_MspInit)
    [Anonymous Symbol]                       0x0800439c   Section        0  stm32f3xx_hal_tim.o(.text.HAL_TIM_Base_Start_IT)
    [Anonymous Symbol]                       0x0800445c   Section        0  stm32f3xx_hal_tim.o(.text.HAL_TIM_IC_CaptureCallback)
    [Anonymous Symbol]                       0x08004464   Section        0  stm32f3xx_hal_tim.o(.text.HAL_TIM_IRQHandler)
    [Anonymous Symbol]                       0x08004720   Section        0  stm32f3xx_hal_tim.o(.text.HAL_TIM_OC_DelayElapsedCallback)
    [Anonymous Symbol]                       0x08004728   Section        0  stm32f3xx_hal_tim.o(.text.HAL_TIM_PWM_PulseFinishedCallback)
    [Anonymous Symbol]                       0x08004730   Section        0  main.o(.text.HAL_TIM_PeriodElapsedCallback)
    [Anonymous Symbol]                       0x08004770   Section        0  stm32f3xx_hal_tim.o(.text.HAL_TIM_TriggerCallback)
    [Anonymous Symbol]                       0x08004778   Section        0  stm32f3xx_hal_uart.o(.text.HAL_UART_Init)
    [Anonymous Symbol]                       0x08004828   Section        0  usart.o(.text.HAL_UART_MspInit)
    HRTIM_ForceRegistersUpdate               0x080048b1   Thumb Code   140  stm32f3xx_hal_hrtim.o(.text.HRTIM_ForceRegistersUpdate)
    [Anonymous Symbol]                       0x080048b0   Section        0  stm32f3xx_hal_hrtim.o(.text.HRTIM_ForceRegistersUpdate)
    HRTIM_MasterBase_Config                  0x0800493d   Thumb Code    82  stm32f3xx_hal_hrtim.o(.text.HRTIM_MasterBase_Config)
    [Anonymous Symbol]                       0x0800493c   Section        0  stm32f3xx_hal_hrtim.o(.text.HRTIM_MasterBase_Config)
    HRTIM_MasterWaveform_Config              0x08004991   Thumb Code   192  stm32f3xx_hal_hrtim.o(.text.HRTIM_MasterWaveform_Config)
    [Anonymous Symbol]                       0x08004990   Section        0  stm32f3xx_hal_hrtim.o(.text.HRTIM_MasterWaveform_Config)
    HRTIM_OutputConfig                       0x08004a51   Thumb Code   370  stm32f3xx_hal_hrtim.o(.text.HRTIM_OutputConfig)
    [Anonymous Symbol]                       0x08004a50   Section        0  stm32f3xx_hal_hrtim.o(.text.HRTIM_OutputConfig)
    HRTIM_TimingUnitBase_Config              0x08004bc5   Thumb Code   116  stm32f3xx_hal_hrtim.o(.text.HRTIM_TimingUnitBase_Config)
    [Anonymous Symbol]                       0x08004bc4   Section        0  stm32f3xx_hal_hrtim.o(.text.HRTIM_TimingUnitBase_Config)
    HRTIM_TimingUnitWaveform_Config          0x08004c39   Thumb Code   620  stm32f3xx_hal_hrtim.o(.text.HRTIM_TimingUnitWaveform_Config)
    [Anonymous Symbol]                       0x08004c38   Section        0  stm32f3xx_hal_hrtim.o(.text.HRTIM_TimingUnitWaveform_Config)
    [Anonymous Symbol]                       0x08004ea4   Section        0  stm32f3xx_it.o(.text.HardFault_Handler)
    [Anonymous Symbol]                       0x08004ea8   Section        0  adc.o(.text.MX_ADC1_Init)
    [Anonymous Symbol]                       0x08004ffc   Section        0  adc.o(.text.MX_ADC2_Init)
    [Anonymous Symbol]                       0x08005084   Section        0  comp.o(.text.MX_COMP2_Init)
    [Anonymous Symbol]                       0x080050bc   Section        0  comp.o(.text.MX_COMP6_Init)
    [Anonymous Symbol]                       0x080050f4   Section        0  dac.o(.text.MX_DAC1_Init)
    [Anonymous Symbol]                       0x08005148   Section        0  dma.o(.text.MX_DMA_Init)
    [Anonymous Symbol]                       0x08005194   Section        0  gpio.o(.text.MX_GPIO_Init)
    [Anonymous Symbol]                       0x080052a8   Section        0  hrtim.o(.text.MX_HRTIM1_Init)
    [Anonymous Symbol]                       0x08005814   Section        0  i2c.o(.text.MX_I2C1_Init)
    [Anonymous Symbol]                       0x0800588c   Section        0  tim.o(.text.MX_TIM17_Init)
    [Anonymous Symbol]                       0x080058c4   Section        0  usart.o(.text.MX_USART1_UART_Init)
    [Anonymous Symbol]                       0x08005904   Section        0  stm32f3xx_it.o(.text.MemManage_Handler)
    [Anonymous Symbol]                       0x08005908   Section        0  stm32f3xx_it.o(.text.NMI_Handler)
    NVIC_EncodePriority                      0x0800590d   Thumb Code   110  stm32f3xx_hal_cortex.o(.text.NVIC_EncodePriority)
    [Anonymous Symbol]                       0x0800590c   Section        0  stm32f3xx_hal_cortex.o(.text.NVIC_EncodePriority)
    [Anonymous Symbol]                       0x0800597c   Section        0  pid.o(.text.PID_calc)
    [Anonymous Symbol]                       0x08005bb8   Section        0  pid.o(.text.PID_init)
    [Anonymous Symbol]                       0x08005c3c   Section        0  stm32f3xx_it.o(.text.PendSV_Handler)
    [Anonymous Symbol]                       0x08005c40   Section        0  stm32f3xx_it.o(.text.SVC_Handler)
    SysTick_Config                           0x08005c45   Thumb Code    82  stm32f3xx_hal_cortex.o(.text.SysTick_Config)
    [Anonymous Symbol]                       0x08005c44   Section        0  stm32f3xx_hal_cortex.o(.text.SysTick_Config)
    [Anonymous Symbol]                       0x08005c98   Section        0  stm32f3xx_it.o(.text.SysTick_Handler)
    [Anonymous Symbol]                       0x08005ca0   Section        0  main.o(.text.SystemClock_Config)
    [Anonymous Symbol]                       0x08005d54   Section        0  system_stm32f3xx.o(.text.SystemInit)
    [Anonymous Symbol]                       0x08005d68   Section        0  stm32f3xx_it.o(.text.TIM1_TRG_COM_TIM17_IRQHandler)
    [Anonymous Symbol]                       0x08005d78   Section        0  stm32f3xx_hal_tim.o(.text.TIM_Base_SetConfig)
    [Anonymous Symbol]                       0x08005ea8   Section        0  stm32f3xx_hal_uart.o(.text.UART_AdvFeatureConfig)
    [Anonymous Symbol]                       0x08005ff4   Section        0  stm32f3xx_hal_uart.o(.text.UART_CheckIdleState)
    [Anonymous Symbol]                       0x0800609c   Section        0  stm32f3xx_hal_uart.o(.text.UART_SetConfig)
    [Anonymous Symbol]                       0x08006318   Section        0  stm32f3xx_hal_uart.o(.text.UART_WaitOnFlagUntilTimeout)
    [Anonymous Symbol]                       0x08006420   Section        0  stm32f3xx_it.o(.text.UsageFault_Handler)
    __NVIC_EnableIRQ                         0x08006425   Thumb Code    52  stm32f3xx_hal_cortex.o(.text.__NVIC_EnableIRQ)
    [Anonymous Symbol]                       0x08006424   Section        0  stm32f3xx_hal_cortex.o(.text.__NVIC_EnableIRQ)
    __NVIC_GetPriorityGrouping               0x08006459   Thumb Code    16  stm32f3xx_hal_cortex.o(.text.__NVIC_GetPriorityGrouping)
    [Anonymous Symbol]                       0x08006458   Section        0  stm32f3xx_hal_cortex.o(.text.__NVIC_GetPriorityGrouping)
    __NVIC_SetPriority                       0x08006469   Thumb Code    68  stm32f3xx_hal_cortex.o(.text.__NVIC_SetPriority)
    [Anonymous Symbol]                       0x08006468   Section        0  stm32f3xx_hal_cortex.o(.text.__NVIC_SetPriority)
    __NVIC_SetPriorityGrouping               0x080064ad   Thumb Code    60  stm32f3xx_hal_cortex.o(.text.__NVIC_SetPriorityGrouping)
    [Anonymous Symbol]                       0x080064ac   Section        0  stm32f3xx_hal_cortex.o(.text.__NVIC_SetPriorityGrouping)
    [Anonymous Symbol]                       0x080064e8   Section        0  main.o(.text.clarke_amp)
    [Anonymous Symbol]                       0x0800653c   Section        0  main.o(.text.ipark)
    [Anonymous Symbol]                       0x080065a0   Section        0  main.o(.text.main)
    __arm_cp.20_7                            0x080069b0   Number         4  main.o(.text.main)
    __arm_cp.20_8                            0x080069b4   Number         4  main.o(.text.main)
    [Anonymous Symbol]                       0x08006c38   Section        0  main.o(.text.park)
    [Anonymous Symbol]                       0x08006c9c   Section        0  main.o(.text.sector_1)
    [Anonymous Symbol]                       0x08006d44   Section        0  main.o(.text.sector_2)
    [Anonymous Symbol]                       0x08006df0   Section        0  main.o(.text.sector_3)
    [Anonymous Symbol]                       0x08006e9c   Section        0  main.o(.text.sector_4)
    [Anonymous Symbol]                       0x08006f48   Section        0  main.o(.text.sector_5)
    [Anonymous Symbol]                       0x08006ff4   Section        0  main.o(.text.sector_6)
    [Anonymous Symbol]                       0x080070a0   Section        0  main.o(.text.set_PWM)
    i.__hardfp_sqrtf                         0x080070fe   Section        0  sqrtf.o(i.__hardfp_sqrtf)
    $v0                                      0x08007138   Number         0  d2f_clz.o(x$fpl$d2f)
    x$fpl$d2f                                0x08007138   Section      708  d2f_clz.o(x$fpl$d2f)
    $v0                                      0x080073fc   Number         0  dflt_clz.o(x$fpl$dfltn)
    x$fpl$dfltn                              0x080073fc   Section       26  dflt_clz.o(x$fpl$dfltn)
    $v0                                      0x08007416   Number         0  dnaninf.o(x$fpl$dnaninf)
    x$fpl$dnaninf                            0x08007416   Section      258  dnaninf.o(x$fpl$dnaninf)
    $v0                                      0x08007518   Number         0  drenorm_clz.o(x$fpl$drenorm)
    x$fpl$drenorm                            0x08007518   Section      112  drenorm_clz.o(x$fpl$drenorm)
    $v0                                      0x08007588   Number         0  dretinf.o(x$fpl$dretinf)
    x$fpl$dretinf                            0x08007588   Section       12  dretinf.o(x$fpl$dretinf)
    $v0                                      0x08007594   Number         0  dunder_clz.o(x$fpl$dunder)
    x$fpl$dunder                             0x08007594   Section      378  dunder_clz.o(x$fpl$dunder)
    $v0                                      0x08007710   Number         0  except.o(x$fpl$exception)
    x$fpl$exception                          0x08007710   Section      492  except.o(x$fpl$exception)
    $v0                                      0x080078fc   Number         0  f2d.o(x$fpl$f2d)
    x$fpl$f2d                                0x080078fc   Section      122  f2d.o(x$fpl$f2d)
    $v0                                      0x08007976   Number         0  fnaninf.o(x$fpl$fnaninf)
    x$fpl$fnaninf                            0x08007976   Section      242  fnaninf.o(x$fpl$fnaninf)
    $v0                                      0x08007a68   Number         0  fpinit.o(x$fpl$fpinit)
    x$fpl$fpinit                             0x08007a68   Section       22  fpinit.o(x$fpl$fpinit)
    $v0                                      0x08007a7e   Number         0  fretinf.o(x$fpl$fretinf)
    x$fpl$fretinf                            0x08007a7e   Section       10  fretinf.o(x$fpl$fretinf)
    $v0                                      0x08007a88   Number         0  funder_clz.o(x$fpl$funder)
    x$fpl$funder                             0x08007a88   Section      316  funder_clz.o(x$fpl$funder)
    $v0                                      0x08007bc4   Number         0  retnan.o(x$fpl$retnan)
    x$fpl$retnan                             0x08007bc4   Section      178  retnan.o(x$fpl$retnan)
    $v0                                      0x08007c76   Number         0  trapv.o(x$fpl$trapveneer)
    x$fpl$trapveneer                         0x08007c76   Section      126  trapv.o(x$fpl$trapveneer)
    x$fpl$usenofp                            0x08007cf4   Section        0  usenofp.o(x$fpl$usenofp)
    .bss                                     0x20000050   Section       96  libspace.o(.bss)
    HAL_RCC_ADC12_CLK_ENABLED                0x200000b0   Data           4  adc.o(.bss.HAL_RCC_ADC12_CLK_ENABLED)
    [Anonymous Symbol]                       0x200000b0   Section        0  adc.o(.bss.HAL_RCC_ADC12_CLK_ENABLED)
    Heap_Mem                                 0x20000690   Data         512  startup_stm32f334x8.o(HEAP)
    HEAP                                     0x20000690   Section      512  startup_stm32f334x8.o(HEAP)
    Stack_Mem                                0x20000890   Data        1024  startup_stm32f334x8.o(STACK)
    STACK                                    0x20000890   Section     1024  startup_stm32f334x8.o(STACK)
    __initial_sp                             0x20000c90   Data           0  startup_stm32f334x8.o(STACK)

    Global Symbols

    Symbol Name                              Value     Ov Type        Size  Object(Section)

    BuildAttributes$$THM_ISAv4$E$P$D$K$B$S$7EM$VFPi3$EXTD16$VFPS$VFMA$PE$A:L22UL41UL21$X:L11$S22US41US21$IEEE1$IW$~IW$USESV6$~STKCKD$USESV7$~SHL$OTIME$ROPI$IEEEX$EBA8$UX$STANDARDLIB$REQ8$PRES8$EABIv2 0x00000000   Number         0  anon$$obj.o ABSOLUTE
    _printf_flags                            0x00000000   Number         0  printf_stubs.o ABSOLUTE
    _printf_return_value                     0x00000000   Number         0  printf_stubs.o ABSOLUTE
    _printf_sizespec                         0x00000000   Number         0  printf_stubs.o ABSOLUTE
    _printf_widthprec                        0x00000000   Number         0  printf_stubs.o ABSOLUTE
    __ARM_exceptions_init                     - Undefined Weak Reference
    __alloca_initialize                       - Undefined Weak Reference
    __arm_preinit_                            - Undefined Weak Reference
    __cpp_initialize__aeabi_                  - Undefined Weak Reference
    __cxa_finalize                            - Undefined Weak Reference
    __sigvec_lookup                           - Undefined Weak Reference
    _atexit_init                              - Undefined Weak Reference
    _call_atexit_fns                          - Undefined Weak Reference
    _clock_init                               - Undefined Weak Reference
    _fp_trap_big                              - Undefined Weak Reference
    _fp_trap_init                             - Undefined Weak Reference
    _fp_trap_shutdown                         - Undefined Weak Reference
    _get_lc_collate                           - Undefined Weak Reference
    _get_lc_monetary                          - Undefined Weak Reference
    _get_lc_time                              - Undefined Weak Reference
    _getenv_init                              - Undefined Weak Reference
    _handle_redirection                       - Undefined Weak Reference
    _init_alloc                               - Undefined Weak Reference
    _init_user_alloc                          - Undefined Weak Reference
    _initio                                   - Undefined Weak Reference
    _printf_mbtowc                            - Undefined Weak Reference
    _printf_wc                                - Undefined Weak Reference
    _rand_init                                - Undefined Weak Reference
    _signal_finish                            - Undefined Weak Reference
    _signal_init                              - Undefined Weak Reference
    _terminate_alloc                          - Undefined Weak Reference
    _terminate_user_alloc                     - Undefined Weak Reference
    _terminateio                              - Undefined Weak Reference
    __Vectors_Size                           0x00000188   Number         0  startup_stm32f334x8.o ABSOLUTE
    __Vectors                                0x08000000   Data           4  startup_stm32f334x8.o(RESET)
    __Vectors_End                            0x08000188   Data           0  startup_stm32f334x8.o(RESET)
    __main                                   0x08000189   Thumb Code     8  __main.o(!!!main)
    __scatterload                            0x08000191   Thumb Code     0  __scatter.o(!!!scatter)
    __scatterload_rt2                        0x08000191   Thumb Code    44  __scatter.o(!!!scatter)
    __scatterload_rt2_thumb_only             0x08000191   Thumb Code     0  __scatter.o(!!!scatter)
    __scatterload_null                       0x0800019f   Thumb Code     0  __scatter.o(!!!scatter)
    __scatterload_copy                       0x080001c5   Thumb Code    26  __scatter_copy.o(!!handler_copy)
    __scatterload_zeroinit                   0x080001e1   Thumb Code    28  __scatter_zi.o(!!handler_zi)
    __rt_lib_init                            0x080001fd   Thumb Code     0  libinit.o(.ARM.Collect$$libinit$$00000000)
    __rt_lib_init_fp_1                       0x080001ff   Thumb Code     0  libinit2.o(.ARM.Collect$$libinit$$00000001)
    __rt_lib_init_alloca_1                   0x08000203   Thumb Code     0  libinit2.o(.ARM.Collect$$libinit$$0000002E)
    __rt_lib_init_argv_1                     0x08000203   Thumb Code     0  libinit2.o(.ARM.Collect$$libinit$$0000002C)
    __rt_lib_init_atexit_1                   0x08000203   Thumb Code     0  libinit2.o(.ARM.Collect$$libinit$$0000001B)
    __rt_lib_init_clock_1                    0x08000203   Thumb Code     0  libinit2.o(.ARM.Collect$$libinit$$00000021)
    __rt_lib_init_cpp_1                      0x08000203   Thumb Code     0  libinit2.o(.ARM.Collect$$libinit$$00000032)
    __rt_lib_init_exceptions_1               0x08000203   Thumb Code     0  libinit2.o(.ARM.Collect$$libinit$$00000030)
    __rt_lib_init_fp_trap_1                  0x08000203   Thumb Code     0  libinit2.o(.ARM.Collect$$libinit$$0000001F)
    __rt_lib_init_getenv_1                   0x08000203   Thumb Code     0  libinit2.o(.ARM.Collect$$libinit$$00000023)
    __rt_lib_init_heap_1                     0x08000203   Thumb Code     0  libinit2.o(.ARM.Collect$$libinit$$0000000A)
    __rt_lib_init_lc_collate_1               0x08000203   Thumb Code     0  libinit2.o(.ARM.Collect$$libinit$$00000011)
    __rt_lib_init_lc_ctype_1                 0x08000203   Thumb Code     0  libinit2.o(.ARM.Collect$$libinit$$00000013)
    __rt_lib_init_lc_monetary_1              0x08000203   Thumb Code     0  libinit2.o(.ARM.Collect$$libinit$$00000015)
    __rt_lib_init_lc_numeric_1               0x08000203   Thumb Code     0  libinit2.o(.ARM.Collect$$libinit$$00000017)
    __rt_lib_init_lc_time_1                  0x08000203   Thumb Code     0  libinit2.o(.ARM.Collect$$libinit$$00000019)
    __rt_lib_init_preinit_1                  0x08000203   Thumb Code     0  libinit2.o(.ARM.Collect$$libinit$$00000004)
    __rt_lib_init_rand_1                     0x08000203   Thumb Code     0  libinit2.o(.ARM.Collect$$libinit$$0000000E)
    __rt_lib_init_return                     0x08000203   Thumb Code     0  libinit2.o(.ARM.Collect$$libinit$$00000033)
    __rt_lib_init_signal_1                   0x08000203   Thumb Code     0  libinit2.o(.ARM.Collect$$libinit$$0000001D)
    __rt_lib_init_stdio_1                    0x08000203   Thumb Code     0  libinit2.o(.ARM.Collect$$libinit$$00000025)
    __rt_lib_init_user_alloc_1               0x08000203   Thumb Code     0  libinit2.o(.ARM.Collect$$libinit$$0000000C)
    __rt_lib_shutdown                        0x08000205   Thumb Code     0  libshutdown.o(.ARM.Collect$$libshutdown$$00000000)
    __rt_lib_shutdown_cpp_1                  0x08000207   Thumb Code     0  libshutdown2.o(.ARM.Collect$$libshutdown$$00000002)
    __rt_lib_shutdown_fp_trap_1              0x08000207   Thumb Code     0  libshutdown2.o(.ARM.Collect$$libshutdown$$00000007)
    __rt_lib_shutdown_heap_1                 0x08000207   Thumb Code     0  libshutdown2.o(.ARM.Collect$$libshutdown$$0000000F)
    __rt_lib_shutdown_return                 0x08000207   Thumb Code     0  libshutdown2.o(.ARM.Collect$$libshutdown$$00000010)
    __rt_lib_shutdown_signal_1               0x08000207   Thumb Code     0  libshutdown2.o(.ARM.Collect$$libshutdown$$0000000A)
    __rt_lib_shutdown_stdio_1                0x08000207   Thumb Code     0  libshutdown2.o(.ARM.Collect$$libshutdown$$00000004)
    __rt_lib_shutdown_user_alloc_1           0x08000207   Thumb Code     0  libshutdown2.o(.ARM.Collect$$libshutdown$$0000000C)
    __rt_entry                               0x08000209   Thumb Code     0  __rtentry.o(.ARM.Collect$$rtentry$$00000000)
    __rt_entry_presh_1                       0x08000209   Thumb Code     0  __rtentry2.o(.ARM.Collect$$rtentry$$00000002)
    __rt_entry_sh                            0x08000209   Thumb Code     0  __rtentry4.o(.ARM.Collect$$rtentry$$00000004)
    __rt_entry_li                            0x0800020f   Thumb Code     0  __rtentry2.o(.ARM.Collect$$rtentry$$0000000A)
    __rt_entry_postsh_1                      0x0800020f   Thumb Code     0  __rtentry2.o(.ARM.Collect$$rtentry$$00000009)
    __rt_entry_main                          0x08000213   Thumb Code     0  __rtentry2.o(.ARM.Collect$$rtentry$$0000000D)
    __rt_entry_postli_1                      0x08000213   Thumb Code     0  __rtentry2.o(.ARM.Collect$$rtentry$$0000000C)
    __rt_exit                                0x0800021b   Thumb Code     0  rtexit.o(.ARM.Collect$$rtexit$$00000000)
    __rt_exit_ls                             0x0800021d   Thumb Code     0  rtexit2.o(.ARM.Collect$$rtexit$$00000003)
    __rt_exit_prels_1                        0x0800021d   Thumb Code     0  rtexit2.o(.ARM.Collect$$rtexit$$00000002)
    __rt_exit_exit                           0x08000221   Thumb Code     0  rtexit2.o(.ARM.Collect$$rtexit$$00000004)
    Reset_Handler                            0x08000229   Thumb Code     8  startup_stm32f334x8.o(.text)
    ADC1_2_IRQHandler                        0x08000243   Thumb Code     0  startup_stm32f334x8.o(.text)
    CAN_RX0_IRQHandler                       0x08000243   Thumb Code     0  startup_stm32f334x8.o(.text)
    CAN_RX1_IRQHandler                       0x08000243   Thumb Code     0  startup_stm32f334x8.o(.text)
    CAN_SCE_IRQHandler                       0x08000243   Thumb Code     0  startup_stm32f334x8.o(.text)
    CAN_TX_IRQHandler                        0x08000243   Thumb Code     0  startup_stm32f334x8.o(.text)
    COMP2_IRQHandler                         0x08000243   Thumb Code     0  startup_stm32f334x8.o(.text)
    COMP4_6_IRQHandler                       0x08000243   Thumb Code     0  startup_stm32f334x8.o(.text)
    DMA1_Channel3_IRQHandler                 0x08000243   Thumb Code     0  startup_stm32f334x8.o(.text)
    DMA1_Channel4_IRQHandler                 0x08000243   Thumb Code     0  startup_stm32f334x8.o(.text)
    DMA1_Channel5_IRQHandler                 0x08000243   Thumb Code     0  startup_stm32f334x8.o(.text)
    DMA1_Channel6_IRQHandler                 0x08000243   Thumb Code     0  startup_stm32f334x8.o(.text)
    DMA1_Channel7_IRQHandler                 0x08000243   Thumb Code     0  startup_stm32f334x8.o(.text)
    EXTI0_IRQHandler                         0x08000243   Thumb Code     0  startup_stm32f334x8.o(.text)
    EXTI15_10_IRQHandler                     0x08000243   Thumb Code     0  startup_stm32f334x8.o(.text)
    EXTI1_IRQHandler                         0x08000243   Thumb Code     0  startup_stm32f334x8.o(.text)
    EXTI2_TSC_IRQHandler                     0x08000243   Thumb Code     0  startup_stm32f334x8.o(.text)
    EXTI3_IRQHandler                         0x08000243   Thumb Code     0  startup_stm32f334x8.o(.text)
    EXTI4_IRQHandler                         0x08000243   Thumb Code     0  startup_stm32f334x8.o(.text)
    EXTI9_5_IRQHandler                       0x08000243   Thumb Code     0  startup_stm32f334x8.o(.text)
    FLASH_IRQHandler                         0x08000243   Thumb Code     0  startup_stm32f334x8.o(.text)
    FPU_IRQHandler                           0x08000243   Thumb Code     0  startup_stm32f334x8.o(.text)
    HRTIM1_FLT_IRQHandler                    0x08000243   Thumb Code     0  startup_stm32f334x8.o(.text)
    HRTIM1_Master_IRQHandler                 0x08000243   Thumb Code     0  startup_stm32f334x8.o(.text)
    HRTIM1_TIMA_IRQHandler                   0x08000243   Thumb Code     0  startup_stm32f334x8.o(.text)
    HRTIM1_TIMB_IRQHandler                   0x08000243   Thumb Code     0  startup_stm32f334x8.o(.text)
    HRTIM1_TIMC_IRQHandler                   0x08000243   Thumb Code     0  startup_stm32f334x8.o(.text)
    HRTIM1_TIMD_IRQHandler                   0x08000243   Thumb Code     0  startup_stm32f334x8.o(.text)
    HRTIM1_TIME_IRQHandler                   0x08000243   Thumb Code     0  startup_stm32f334x8.o(.text)
    I2C1_ER_IRQHandler                       0x08000243   Thumb Code     0  startup_stm32f334x8.o(.text)
    I2C1_EV_IRQHandler                       0x08000243   Thumb Code     0  startup_stm32f334x8.o(.text)
    PVD_IRQHandler                           0x08000243   Thumb Code     0  startup_stm32f334x8.o(.text)
    RCC_IRQHandler                           0x08000243   Thumb Code     0  startup_stm32f334x8.o(.text)
    RTC_Alarm_IRQHandler                     0x08000243   Thumb Code     0  startup_stm32f334x8.o(.text)
    RTC_WKUP_IRQHandler                      0x08000243   Thumb Code     0  startup_stm32f334x8.o(.text)
    SPI1_IRQHandler                          0x08000243   Thumb Code     0  startup_stm32f334x8.o(.text)
    TAMP_STAMP_IRQHandler                    0x08000243   Thumb Code     0  startup_stm32f334x8.o(.text)
    TIM1_BRK_TIM15_IRQHandler                0x08000243   Thumb Code     0  startup_stm32f334x8.o(.text)
    TIM1_CC_IRQHandler                       0x08000243   Thumb Code     0  startup_stm32f334x8.o(.text)
    TIM1_UP_TIM16_IRQHandler                 0x08000243   Thumb Code     0  startup_stm32f334x8.o(.text)
    TIM2_IRQHandler                          0x08000243   Thumb Code     0  startup_stm32f334x8.o(.text)
    TIM3_IRQHandler                          0x08000243   Thumb Code     0  startup_stm32f334x8.o(.text)
    TIM6_DAC1_IRQHandler                     0x08000243   Thumb Code     0  startup_stm32f334x8.o(.text)
    TIM7_DAC2_IRQHandler                     0x08000243   Thumb Code     0  startup_stm32f334x8.o(.text)
    USART1_IRQHandler                        0x08000243   Thumb Code     0  startup_stm32f334x8.o(.text)
    USART2_IRQHandler                        0x08000243   Thumb Code     0  startup_stm32f334x8.o(.text)
    USART3_IRQHandler                        0x08000243   Thumb Code     0  startup_stm32f334x8.o(.text)
    WWDG_IRQHandler                          0x08000243   Thumb Code     0  startup_stm32f334x8.o(.text)
    __user_initial_stackheap                 0x08000245   Thumb Code     0  startup_stm32f334x8.o(.text)
    __aeabi_uldivmod                         0x08000269   Thumb Code     0  lludivv7m.o(.text)
    _ll_udiv                                 0x08000269   Thumb Code   240  lludivv7m.o(.text)
    __aeabi_memclr4                          0x08000359   Thumb Code     0  rt_memclr_w.o(.text)
    __aeabi_memclr8                          0x08000359   Thumb Code     0  rt_memclr_w.o(.text)
    __rt_memclr_w                            0x08000359   Thumb Code    78  rt_memclr_w.o(.text)
    _memset_w                                0x0800035d   Thumb Code     0  rt_memclr_w.o(.text)
    __use_two_region_memory                  0x080003a7   Thumb Code     2  heapauxi.o(.text)
    __rt_heap_escrow$2region                 0x080003a9   Thumb Code     2  heapauxi.o(.text)
    __rt_heap_expand$2region                 0x080003ab   Thumb Code     2  heapauxi.o(.text)
    __read_errno                             0x080003ad   Thumb Code    10  _rserrno.o(.text)
    __set_errno                              0x080003b7   Thumb Code    12  _rserrno.o(.text)
    __aeabi_errno_addr                       0x080003c5   Thumb Code     8  rt_errno_addr_intlibspace.o(.text)
    __errno$intlibspace                      0x080003c5   Thumb Code     0  rt_errno_addr_intlibspace.o(.text)
    __rt_errno_addr$intlibspace              0x080003c5   Thumb Code     0  rt_errno_addr_intlibspace.o(.text)
    _fp_trap                                 0x080003cd   Thumb Code    44  _fptrap.o(.text)
    __user_libspace                          0x080003fd   Thumb Code     8  libspace.o(.text)
    __user_perproc_libspace                  0x080003fd   Thumb Code     0  libspace.o(.text)
    __user_perthread_libspace                0x080003fd   Thumb Code     0  libspace.o(.text)
    __user_setup_stackheap                   0x08000405   Thumb Code    74  sys_stackheap_outer.o(.text)
    exit                                     0x0800044f   Thumb Code    18  exit.o(.text)
    __rt_SIGFPE                              0x08000461   Thumb Code    14  defsig_fpe_outer.o(.text)
    __sig_exit                               0x0800046f   Thumb Code    10  defsig_exit.o(.text)
    __rt_SIGFPE_inner                        0x08000479   Thumb Code    62  defsig_fpe_inner.o(.text)
    _sys_exit                                0x08000525   Thumb Code     8  sys_exit.o(.text)
    __default_signal_display                 0x08000531   Thumb Code    50  defsig_general.o(.text)
    _ttywrch                                 0x08000563   Thumb Code    14  sys_wrch.o(.text)
    __I$use$semihosting                      0x08000571   Thumb Code     0  use_no_semi.o(.text)
    __use_no_semihosting_swi                 0x08000571   Thumb Code     2  use_no_semi.o(.text)
    __semihosting_library_function           0x08000573   Thumb Code     0  indicate_semi.o(.text)
    BusFault_Handler                         0x080007c1   Thumb Code     4  stm32f3xx_it.o(.text.BusFault_Handler)
    DMA1_Channel1_IRQHandler                 0x080007c5   Thumb Code    16  stm32f3xx_it.o(.text.DMA1_Channel1_IRQHandler)
    DMA1_Channel2_IRQHandler                 0x080007d5   Thumb Code    16  stm32f3xx_it.o(.text.DMA1_Channel2_IRQHandler)
    DebugMon_Handler                         0x08000871   Thumb Code     2  stm32f3xx_it.o(.text.DebugMon_Handler)
    Error_Handler                            0x08000875   Thumb Code    14  main.o(.text.Error_Handler)
    HAL_ADCEx_MultiModeConfigChannel         0x08000885   Thumb Code   452  stm32f3xx_hal_adc_ex.o(.text.HAL_ADCEx_MultiModeConfigChannel)
    HAL_ADC_ConfigChannel                    0x08000a49   Thumb Code  1338  stm32f3xx_hal_adc_ex.o(.text.HAL_ADC_ConfigChannel)
    HAL_ADC_ConvCpltCallback                 0x08000f85   Thumb Code     8  stm32f3xx_hal_adc.o(.text.HAL_ADC_ConvCpltCallback)
    HAL_ADC_ConvHalfCpltCallback             0x08000f8d   Thumb Code     8  stm32f3xx_hal_adc.o(.text.HAL_ADC_ConvHalfCpltCallback)
    HAL_ADC_ErrorCallback                    0x08000f95   Thumb Code     8  stm32f3xx_hal_adc.o(.text.HAL_ADC_ErrorCallback)
    HAL_ADC_Init                             0x08000f9d   Thumb Code   854  stm32f3xx_hal_adc_ex.o(.text.HAL_ADC_Init)
    HAL_ADC_MspInit                          0x080012f5   Thumb Code   480  adc.o(.text.HAL_ADC_MspInit)
    HAL_ADC_Start_DMA                        0x080014d5   Thumb Code   500  stm32f3xx_hal_adc_ex.o(.text.HAL_ADC_Start_DMA)
    HAL_COMP_Init                            0x080016c9   Thumb Code   306  stm32f3xx_hal_comp.o(.text.HAL_COMP_Init)
    HAL_COMP_MspInit                         0x080017fd   Thumb Code   170  comp.o(.text.HAL_COMP_MspInit)
    HAL_DAC_ConfigChannel                    0x080018a9   Thumb Code   246  stm32f3xx_hal_dac_ex.o(.text.HAL_DAC_ConfigChannel)
    HAL_DAC_Init                             0x080019a1   Thumb Code    78  stm32f3xx_hal_dac.o(.text.HAL_DAC_Init)
    HAL_DAC_MspInit                          0x080019f1   Thumb Code    58  dac.o(.text.HAL_DAC_MspInit)
    HAL_DMA_IRQHandler                       0x08001a2d   Thumb Code   326  stm32f3xx_hal_dma.o(.text.HAL_DMA_IRQHandler)
    HAL_DMA_Init                             0x08001b75   Thumb Code   138  stm32f3xx_hal_dma.o(.text.HAL_DMA_Init)
    HAL_DMA_Start_IT                         0x08001c01   Thumb Code   204  stm32f3xx_hal_dma.o(.text.HAL_DMA_Start_IT)
    HAL_GPIO_Init                            0x08001ccd   Thumb Code   830  stm32f3xx_hal_gpio.o(.text.HAL_GPIO_Init)
    HAL_GPIO_TogglePin                       0x0800200d   Thumb Code    42  stm32f3xx_hal_gpio.o(.text.HAL_GPIO_TogglePin)
    HAL_GPIO_WritePin                        0x08002039   Thumb Code    50  stm32f3xx_hal_gpio.o(.text.HAL_GPIO_WritePin)
    HAL_GetTick                              0x0800206d   Thumb Code    12  stm32f3xx_hal.o(.text.HAL_GetTick)
    HAL_HRTIM_ADCTriggerConfig               0x08002079   Thumb Code   344  stm32f3xx_hal_hrtim.o(.text.HAL_HRTIM_ADCTriggerConfig)
    HAL_HRTIM_DLLCalibrationStart            0x080021d1   Thumb Code   174  stm32f3xx_hal_hrtim.o(.text.HAL_HRTIM_DLLCalibrationStart)
    HAL_HRTIM_DeadTimeConfig                 0x08002281   Thumb Code   276  stm32f3xx_hal_hrtim.o(.text.HAL_HRTIM_DeadTimeConfig)
    HAL_HRTIM_Init                           0x08002395   Thumb Code   416  stm32f3xx_hal_hrtim.o(.text.HAL_HRTIM_Init)
    HAL_HRTIM_MspInit                        0x08002535   Thumb Code    58  hrtim.o(.text.HAL_HRTIM_MspInit)
    HAL_HRTIM_MspPostInit                    0x08002571   Thumb Code   188  hrtim.o(.text.HAL_HRTIM_MspPostInit)
    HAL_HRTIM_PollForDLLCalibration          0x0800262d   Thumb Code   128  stm32f3xx_hal_hrtim.o(.text.HAL_HRTIM_PollForDLLCalibration)
    HAL_HRTIM_TimeBaseConfig                 0x080026ad   Thumb Code    92  stm32f3xx_hal_hrtim.o(.text.HAL_HRTIM_TimeBaseConfig)
    HAL_HRTIM_WaveformCompareConfig          0x08002709   Thumb Code   708  stm32f3xx_hal_hrtim.o(.text.HAL_HRTIM_WaveformCompareConfig)
    HAL_HRTIM_WaveformCountStart             0x080029cd   Thumb Code    96  stm32f3xx_hal_hrtim.o(.text.HAL_HRTIM_WaveformCountStart)
    HAL_HRTIM_WaveformOutputConfig           0x08002a2d   Thumb Code   122  stm32f3xx_hal_hrtim.o(.text.HAL_HRTIM_WaveformOutputConfig)
    HAL_HRTIM_WaveformOutputStart            0x08002aa9   Thumb Code   100  stm32f3xx_hal_hrtim.o(.text.HAL_HRTIM_WaveformOutputStart)
    HAL_HRTIM_WaveformTimerConfig            0x08002b0d   Thumb Code   236  stm32f3xx_hal_hrtim.o(.text.HAL_HRTIM_WaveformTimerConfig)
    HAL_I2CEx_ConfigAnalogFilter             0x08002bf9   Thumb Code   152  stm32f3xx_hal_i2c_ex.o(.text.HAL_I2CEx_ConfigAnalogFilter)
    HAL_I2CEx_ConfigDigitalFilter            0x08002c91   Thumb Code   162  stm32f3xx_hal_i2c_ex.o(.text.HAL_I2CEx_ConfigDigitalFilter)
    HAL_I2C_Init                             0x08002d35   Thumb Code   264  stm32f3xx_hal_i2c.o(.text.HAL_I2C_Init)
    HAL_I2C_MspInit                          0x08002e3d   Thumb Code   310  i2c.o(.text.HAL_I2C_MspInit)
    HAL_IncTick                              0x08002f75   Thumb Code    26  stm32f3xx_hal.o(.text.HAL_IncTick)
    HAL_Init                                 0x08002f91   Thumb Code    46  stm32f3xx_hal.o(.text.HAL_Init)
    HAL_InitTick                             0x08002fc1   Thumb Code   114  stm32f3xx_hal.o(.text.HAL_InitTick)
    HAL_MspInit                              0x08003035   Thumb Code    66  stm32f3xx_hal_msp.o(.text.HAL_MspInit)
    HAL_NVIC_EnableIRQ                       0x08003079   Thumb Code    24  stm32f3xx_hal_cortex.o(.text.HAL_NVIC_EnableIRQ)
    HAL_NVIC_SetPriority                     0x08003091   Thumb Code    64  stm32f3xx_hal_cortex.o(.text.HAL_NVIC_SetPriority)
    HAL_NVIC_SetPriorityGrouping             0x080030d1   Thumb Code    16  stm32f3xx_hal_cortex.o(.text.HAL_NVIC_SetPriorityGrouping)
    HAL_RCCEx_PeriphCLKConfig                0x080030e1   Thumb Code   650  stm32f3xx_hal_rcc_ex.o(.text.HAL_RCCEx_PeriphCLKConfig)
    HAL_RCC_ClockConfig                      0x0800336d   Thumb Code   798  stm32f3xx_hal_rcc.o(.text.HAL_RCC_ClockConfig)
    HAL_RCC_GetHCLKFreq                      0x0800368d   Thumb Code    12  stm32f3xx_hal_rcc.o(.text.HAL_RCC_GetHCLKFreq)
    HAL_RCC_GetPCLK1Freq                     0x08003699   Thumb Code    34  stm32f3xx_hal_rcc.o(.text.HAL_RCC_GetPCLK1Freq)
    HAL_RCC_GetPCLK2Freq                     0x080036bd   Thumb Code    34  stm32f3xx_hal_rcc.o(.text.HAL_RCC_GetPCLK2Freq)
    HAL_RCC_GetSysClockFreq                  0x080036e1   Thumb Code   198  stm32f3xx_hal_rcc.o(.text.HAL_RCC_GetSysClockFreq)
    HAL_RCC_OscConfig                        0x080037a9   Thumb Code  2758  stm32f3xx_hal_rcc.o(.text.HAL_RCC_OscConfig)
    HAL_SYSTICK_Config                       0x08004271   Thumb Code    16  stm32f3xx_hal_cortex.o(.text.HAL_SYSTICK_Config)
    HAL_TIMEx_Break2Callback                 0x08004281   Thumb Code     8  stm32f3xx_hal_tim_ex.o(.text.HAL_TIMEx_Break2Callback)
    HAL_TIMEx_BreakCallback                  0x08004289   Thumb Code     8  stm32f3xx_hal_tim_ex.o(.text.HAL_TIMEx_BreakCallback)
    HAL_TIMEx_CommutCallback                 0x08004291   Thumb Code     8  stm32f3xx_hal_tim_ex.o(.text.HAL_TIMEx_CommutCallback)
    HAL_TIM_Base_Init                        0x08004299   Thumb Code   178  stm32f3xx_hal_tim.o(.text.HAL_TIM_Base_Init)
    HAL_TIM_Base_MspInit                     0x0800434d   Thumb Code    80  tim.o(.text.HAL_TIM_Base_MspInit)
    HAL_TIM_Base_Start_IT                    0x0800439d   Thumb Code   190  stm32f3xx_hal_tim.o(.text.HAL_TIM_Base_Start_IT)
    HAL_TIM_IC_CaptureCallback               0x0800445d   Thumb Code     8  stm32f3xx_hal_tim.o(.text.HAL_TIM_IC_CaptureCallback)
    HAL_TIM_IRQHandler                       0x08004465   Thumb Code   700  stm32f3xx_hal_tim.o(.text.HAL_TIM_IRQHandler)
    HAL_TIM_OC_DelayElapsedCallback          0x08004721   Thumb Code     8  stm32f3xx_hal_tim.o(.text.HAL_TIM_OC_DelayElapsedCallback)
    HAL_TIM_PWM_PulseFinishedCallback        0x08004729   Thumb Code     8  stm32f3xx_hal_tim.o(.text.HAL_TIM_PWM_PulseFinishedCallback)
    HAL_TIM_PeriodElapsedCallback            0x08004731   Thumb Code    62  main.o(.text.HAL_TIM_PeriodElapsedCallback)
    HAL_TIM_TriggerCallback                  0x08004771   Thumb Code     8  stm32f3xx_hal_tim.o(.text.HAL_TIM_TriggerCallback)
    HAL_UART_Init                            0x08004779   Thumb Code   174  stm32f3xx_hal_uart.o(.text.HAL_UART_Init)
    HAL_UART_MspInit                         0x08004829   Thumb Code   136  usart.o(.text.HAL_UART_MspInit)
    HardFault_Handler                        0x08004ea5   Thumb Code     4  stm32f3xx_it.o(.text.HardFault_Handler)
    MX_ADC1_Init                             0x08004ea9   Thumb Code   340  adc.o(.text.MX_ADC1_Init)
    MX_ADC2_Init                             0x08004ffd   Thumb Code   134  adc.o(.text.MX_ADC2_Init)
    MX_COMP2_Init                            0x08005085   Thumb Code    54  comp.o(.text.MX_COMP2_Init)
    MX_COMP6_Init                            0x080050bd   Thumb Code    54  comp.o(.text.MX_COMP6_Init)
    MX_DAC1_Init                             0x080050f5   Thumb Code    84  dac.o(.text.MX_DAC1_Init)
    MX_DMA_Init                              0x08005149   Thumb Code    76  dma.o(.text.MX_DMA_Init)
    MX_GPIO_Init                             0x08005195   Thumb Code   274  gpio.o(.text.MX_GPIO_Init)
    MX_HRTIM1_Init                           0x080052a9   Thumb Code  1388  hrtim.o(.text.MX_HRTIM1_Init)
    MX_I2C1_Init                             0x08005815   Thumb Code   118  i2c.o(.text.MX_I2C1_Init)
    MX_TIM17_Init                            0x0800588d   Thumb Code    56  tim.o(.text.MX_TIM17_Init)
    MX_USART1_UART_Init                      0x080058c5   Thumb Code    64  usart.o(.text.MX_USART1_UART_Init)
    MemManage_Handler                        0x08005905   Thumb Code     4  stm32f3xx_it.o(.text.MemManage_Handler)
    NMI_Handler                              0x08005909   Thumb Code     4  stm32f3xx_it.o(.text.NMI_Handler)
    PID_calc                                 0x0800597d   Thumb Code   570  pid.o(.text.PID_calc)
    PID_init                                 0x08005bb9   Thumb Code   130  pid.o(.text.PID_init)
    PendSV_Handler                           0x08005c3d   Thumb Code     2  stm32f3xx_it.o(.text.PendSV_Handler)
    SVC_Handler                              0x08005c41   Thumb Code     2  stm32f3xx_it.o(.text.SVC_Handler)
    SysTick_Handler                          0x08005c99   Thumb Code     8  stm32f3xx_it.o(.text.SysTick_Handler)
    SystemClock_Config                       0x08005ca1   Thumb Code   180  main.o(.text.SystemClock_Config)
    SystemInit                               0x08005d55   Thumb Code    18  system_stm32f3xx.o(.text.SystemInit)
    TIM1_TRG_COM_TIM17_IRQHandler            0x08005d69   Thumb Code    16  stm32f3xx_it.o(.text.TIM1_TRG_COM_TIM17_IRQHandler)
    TIM_Base_SetConfig                       0x08005d79   Thumb Code   304  stm32f3xx_hal_tim.o(.text.TIM_Base_SetConfig)
    UART_AdvFeatureConfig                    0x08005ea9   Thumb Code   330  stm32f3xx_hal_uart.o(.text.UART_AdvFeatureConfig)
    UART_CheckIdleState                      0x08005ff5   Thumb Code   168  stm32f3xx_hal_uart.o(.text.UART_CheckIdleState)
    UART_SetConfig                           0x0800609d   Thumb Code   634  stm32f3xx_hal_uart.o(.text.UART_SetConfig)
    UART_WaitOnFlagUntilTimeout              0x08006319   Thumb Code   264  stm32f3xx_hal_uart.o(.text.UART_WaitOnFlagUntilTimeout)
    UsageFault_Handler                       0x08006421   Thumb Code     4  stm32f3xx_it.o(.text.UsageFault_Handler)
    clarke_amp                               0x080064e9   Thumb Code    84  main.o(.text.clarke_amp)
    ipark                                    0x0800653d   Thumb Code    98  main.o(.text.ipark)
    main                                     0x080065a1   Thumb Code  1688  main.o(.text.main)
    park                                     0x08006c39   Thumb Code    98  main.o(.text.park)
    sector_1                                 0x08006c9d   Thumb Code   168  main.o(.text.sector_1)
    sector_2                                 0x08006d45   Thumb Code   170  main.o(.text.sector_2)
    sector_3                                 0x08006df1   Thumb Code   170  main.o(.text.sector_3)
    sector_4                                 0x08006e9d   Thumb Code   170  main.o(.text.sector_4)
    sector_5                                 0x08006f49   Thumb Code   170  main.o(.text.sector_5)
    sector_6                                 0x08006ff5   Thumb Code   172  main.o(.text.sector_6)
    set_PWM                                  0x080070a1   Thumb Code    94  main.o(.text.set_PWM)
    __hardfp_sqrtf                           0x080070ff   Thumb Code    58  sqrtf.o(i.__hardfp_sqrtf)
    __aeabi_d2f                              0x08007139   Thumb Code     0  d2f_clz.o(x$fpl$d2f)
    _d2f                                     0x08007139   Thumb Code   700  d2f_clz.o(x$fpl$d2f)
    __dflt_normalise                         0x080073fd   Thumb Code    26  dflt_clz.o(x$fpl$dfltn)
    __fpl_dnaninf                            0x08007417   Thumb Code   258  dnaninf.o(x$fpl$dnaninf)
    __fpl_drenorm2                           0x08007519   Thumb Code   106  drenorm_clz.o(x$fpl$drenorm)
    __fpl_drenorm1                           0x08007583   Thumb Code     6  drenorm_clz.o(x$fpl$drenorm)
    __fpl_dretinf                            0x08007589   Thumb Code    12  dretinf.o(x$fpl$dretinf)
    __dunder                                 0x08007595   Thumb Code   314  dunder_clz.o(x$fpl$dunder)
    __dunder_d                               0x080076cf   Thumb Code    64  dunder_clz.o(x$fpl$dunder)
    __fpl_exception                          0x08007711   Thumb Code   454  except.o(x$fpl$exception)
    __aeabi_f2d                              0x080078fd   Thumb Code     0  f2d.o(x$fpl$f2d)
    _f2d                                     0x080078fd   Thumb Code   122  f2d.o(x$fpl$f2d)
    __fpl_fnaninf                            0x08007977   Thumb Code   242  fnaninf.o(x$fpl$fnaninf)
    _fp_init                                 0x08007a69   Thumb Code    22  fpinit.o(x$fpl$fpinit)
    __fplib_config_fpu_vfp                   0x08007a7d   Thumb Code     0  fpinit.o(x$fpl$fpinit)
    __fplib_config_pureend_doubles           0x08007a7d   Thumb Code     0  fpinit.o(x$fpl$fpinit)
    __fpl_fretinf                            0x08007a7f   Thumb Code    10  fretinf.o(x$fpl$fretinf)
    __funder                                 0x08007a89   Thumb Code   254  funder_clz.o(x$fpl$funder)
    __funder_d                               0x08007b87   Thumb Code    62  funder_clz.o(x$fpl$funder)
    __fpl_return_NaN                         0x08007bc5   Thumb Code   178  retnan.o(x$fpl$retnan)
    _fp_trapveneer                           0x08007c77   Thumb Code    36  trapv.o(x$fpl$trapveneer)
    __fpl_cmpreturn                          0x08007c9b   Thumb Code    90  trapv.o(x$fpl$trapveneer)
    AHBPrescTable                            0x08007cf4   Data          16  system_stm32f3xx.o(.rodata.AHBPrescTable)
    __I$use$fp                               0x08007cf4   Number         0  usenofp.o(x$fpl$usenofp)
    APBPrescTable                            0x08007d04   Data           8  system_stm32f3xx.o(.rodata.APBPrescTable)
    aPLLMULFactorTable                       0x08007d0c   Data          16  stm32f3xx_hal_rcc.o(.rodata.aPLLMULFactorTable)
    aPredivFactorTable                       0x08007d1c   Data          16  stm32f3xx_hal_rcc.o(.rodata.aPredivFactorTable)
    curr_d_p_i_d                             0x08007d2c   Data          12  main.o(.rodata.curr_d_p_i_d)
    curr_q_p_i_d                             0x08007d38   Data          12  main.o(.rodata.curr_q_p_i_d)
    vol_DC_p_i_d                             0x08007d44   Data          12  main.o(.rodata.vol_DC_p_i_d)
    vol_d_p_i_d                              0x08007d50   Data          12  main.o(.rodata.vol_d_p_i_d)
    vol_q_p_i_d                              0x08007d5c   Data          12  main.o(.rodata.vol_q_p_i_d)
    Region$$Table$$Base                      0x08007d68   Number         0  anon$$obj.o(Region$$Table)
    Region$$Table$$Limit                     0x08007d88   Number         0  anon$$obj.o(Region$$Table)
    SystemCoreClock                          0x20000000   Data           4  system_stm32f3xx.o(.data.SystemCoreClock)
    T                                        0x20000004   Data           2  main.o(.data.T)
    V_DC                                     0x20000008   Data           4  main.o(.data.V_DC)
    abc_curr_out_samp                        0x2000000c   Data          12  main.o(.data.abc_curr_out_samp)
    abc_vol_out_samp                         0x20000018   Data          12  main.o(.data.abc_vol_out_samp)
    al_be_curr_out_samp                      0x20000024   Data           8  main.o(.data.al_be_curr_out_samp)
    al_be_vol_out_samp                       0x2000002c   Data           8  main.o(.data.al_be_vol_out_samp)
    curr_set                                 0x20000034   Data           4  main.o(.data.curr_set)
    dq_curr_out_samp                         0x20000038   Data           8  main.o(.data.dq_curr_out_samp)
    dq_vol_set_open_loop                     0x20000040   Data           8  main.o(.data.dq_vol_set_open_loop)
    pwm_need_cal_flag                        0x20000048   Data           1  main.o(.data.pwm_need_cal_flag)
    sector                                   0x20000049   Data           1  main.o(.data.sector)
    uwTickFreq                               0x2000004a   Data           1  stm32f3xx_hal.o(.data.uwTickFreq)
    uwTickPrio                               0x2000004c   Data           4  stm32f3xx_hal.o(.data.uwTickPrio)
    __libspace_start                         0x20000050   Data          96  libspace.o(.bss)
    __temporary_stack_top$libspace           0x200000b0   Data           0  libspace.o(.bss)
    T0                                       0x200000b4   Data           2  main.o(.bss.T0)
    T7                                       0x200000b6   Data           2  main.o(.bss.T7)
    T_nex                                    0x200000b8   Data           2  main.o(.bss.T_nex)
    T_per                                    0x200000ba   Data           2  main.o(.bss.T_per)
    X                                        0x200000bc   Data           4  main.o(.bss.X)
    Y                                        0x200000c0   Data           4  main.o(.bss.Y)
    Z                                        0x200000c4   Data           4  main.o(.bss.Z)
    adc_data                                 0x200000c8   Data          12  main.o(.bss.adc_data)
    al_be_curr_pid_out                       0x200000d4   Data           8  main.o(.bss.al_be_curr_pid_out)
    cail_res                                 0x200000dc   Data          12  main.o(.bss.cail_res)
    cail_time                                0x200000e8   Data           1  main.o(.bss.cail_time)
    cos_temp                                 0x200000ec   Data           4  main.o(.bss.cos_temp)
    curr_d_pid                               0x200000f0   Data          72  main.o(.bss.curr_d_pid)
    curr_d_samp_ave_filter                   0x20000138   Data          52  main.o(.bss.curr_d_samp_ave_filter)
    curr_q_pid                               0x2000016c   Data          72  main.o(.bss.curr_q_pid)
    curr_q_samp_ave_filter                   0x200001b4   Data          52  main.o(.bss.curr_q_samp_ave_filter)
    dq_curr_pid_out                          0x200001e8   Data           8  main.o(.bss.dq_curr_pid_out)
    hadc1                                    0x200001f0   Data          80  adc.o(.bss.hadc1)
    hadc2                                    0x20000240   Data          80  adc.o(.bss.hadc2)
    hcomp2                                   0x20000290   Data          48  comp.o(.bss.hcomp2)
    hcomp6                                   0x200002c0   Data          48  comp.o(.bss.hcomp6)
    hdac1                                    0x200002f0   Data          20  dac.o(.bss.hdac1)
    hdma_adc1                                0x20000304   Data          68  adc.o(.bss.hdma_adc1)
    hdma_i2c1_tx                             0x20000348   Data          68  i2c.o(.bss.hdma_i2c1_tx)
    hhrtim1                                  0x2000038c   Data         220  hrtim.o(.bss.hhrtim1)
    hi2c1                                    0x20000468   Data          76  i2c.o(.bss.hi2c1)
    htim17                                   0x200004b4   Data          76  tim.o(.bss.htim17)
    huart1                                   0x20000500   Data         132  usart.o(.bss.huart1)
    pwm                                      0x20000584   Data          16  main.o(.bss.pwm)
    sector_fun                               0x20000594   Data          24  main.o(.bss.sector_fun)
    sin_cos_temp                             0x200005ac   Data           4  main.o(.bss.sin_cos_temp)
    sin_temp                                 0x200005b0   Data           4  main.o(.bss.sin_temp)
    uwTick                                   0x200005b4   Data           4  stm32f3xx_hal.o(.bss.uwTick)
    vol_DC_pid                               0x200005b8   Data          72  main.o(.bss.vol_DC_pid)
    vol_d_pid                                0x20000600   Data          72  main.o(.bss.vol_d_pid)
    vol_q_pid                                0x20000648   Data          72  main.o(.bss.vol_q_pid)



==============================================================================

Memory Map of the image

  Image Entry point : 0x08000189

  Load Region LR_IROM1 (Base: 0x08000000, Size: 0x00007dd8, Max: 0x00010000, ABSOLUTE)

    Execution Region ER_IROM1 (Exec base: 0x08000000, Load base: 0x08000000, Size: 0x00007d88, Max: 0x00010000, ABSOLUTE)

    Exec Addr    Load Addr    Size         Type   Attr      Idx    E Section Name        Object

    0x08000000   0x08000000   0x00000188   Data   RO            3    RESET               startup_stm32f334x8.o
    0x08000188   0x08000188   0x00000008   Code   RO         2137  * !!!main             c_w.l(__main.o)
    0x08000190   0x08000190   0x00000034   Code   RO         2529    !!!scatter          c_w.l(__scatter.o)
    0x080001c4   0x080001c4   0x0000001a   Code   RO         2531    !!handler_copy      c_w.l(__scatter_copy.o)
    0x080001de   0x080001de   0x00000002   PAD
    0x080001e0   0x080001e0   0x0000001c   Code   RO         2533    !!handler_zi        c_w.l(__scatter_zi.o)
    0x080001fc   0x080001fc   0x00000002   Code   RO         2381    .ARM.Collect$$libinit$$00000000  c_w.l(libinit.o)
    0x080001fe   0x080001fe   0x00000004   Code   RO         2403    .ARM.Collect$$libinit$$00000001  c_w.l(libinit2.o)
    0x08000202   0x08000202   0x00000000   Code   RO         2406    .ARM.Collect$$libinit$$00000004  c_w.l(libinit2.o)
    0x08000202   0x08000202   0x00000000   Code   RO         2409    .ARM.Collect$$libinit$$0000000A  c_w.l(libinit2.o)
    0x08000202   0x08000202   0x00000000   Code   RO         2411    .ARM.Collect$$libinit$$0000000C  c_w.l(libinit2.o)
    0x08000202   0x08000202   0x00000000   Code   RO         2413    .ARM.Collect$$libinit$$0000000E  c_w.l(libinit2.o)
    0x08000202   0x08000202   0x00000000   Code   RO         2416    .ARM.Collect$$libinit$$00000011  c_w.l(libinit2.o)
    0x08000202   0x08000202   0x00000000   Code   RO         2418    .ARM.Collect$$libinit$$00000013  c_w.l(libinit2.o)
    0x08000202   0x08000202   0x00000000   Code   RO         2420    .ARM.Collect$$libinit$$00000015  c_w.l(libinit2.o)
    0x08000202   0x08000202   0x00000000   Code   RO         2422    .ARM.Collect$$libinit$$00000017  c_w.l(libinit2.o)
    0x08000202   0x08000202   0x00000000   Code   RO         2424    .ARM.Collect$$libinit$$00000019  c_w.l(libinit2.o)
    0x08000202   0x08000202   0x00000000   Code   RO         2426    .ARM.Collect$$libinit$$0000001B  c_w.l(libinit2.o)
    0x08000202   0x08000202   0x00000000   Code   RO         2428    .ARM.Collect$$libinit$$0000001D  c_w.l(libinit2.o)
    0x08000202   0x08000202   0x00000000   Code   RO         2430    .ARM.Collect$$libinit$$0000001F  c_w.l(libinit2.o)
    0x08000202   0x08000202   0x00000000   Code   RO         2432    .ARM.Collect$$libinit$$00000021  c_w.l(libinit2.o)
    0x08000202   0x08000202   0x00000000   Code   RO         2434    .ARM.Collect$$libinit$$00000023  c_w.l(libinit2.o)
    0x08000202   0x08000202   0x00000000   Code   RO         2436    .ARM.Collect$$libinit$$00000025  c_w.l(libinit2.o)
    0x08000202   0x08000202   0x00000000   Code   RO         2440    .ARM.Collect$$libinit$$0000002C  c_w.l(libinit2.o)
    0x08000202   0x08000202   0x00000000   Code   RO         2442    .ARM.Collect$$libinit$$0000002E  c_w.l(libinit2.o)
    0x08000202   0x08000202   0x00000000   Code   RO         2444    .ARM.Collect$$libinit$$00000030  c_w.l(libinit2.o)
    0x08000202   0x08000202   0x00000000   Code   RO         2446    .ARM.Collect$$libinit$$00000032  c_w.l(libinit2.o)
    0x08000202   0x08000202   0x00000002   Code   RO         2447    .ARM.Collect$$libinit$$00000033  c_w.l(libinit2.o)
    0x08000204   0x08000204   0x00000002   Code   RO         2484    .ARM.Collect$$libshutdown$$00000000  c_w.l(libshutdown.o)
    0x08000206   0x08000206   0x00000000   Code   RO         2512    .ARM.Collect$$libshutdown$$00000002  c_w.l(libshutdown2.o)
    0x08000206   0x08000206   0x00000000   Code   RO         2514    .ARM.Collect$$libshutdown$$00000004  c_w.l(libshutdown2.o)
    0x08000206   0x08000206   0x00000000   Code   RO         2517    .ARM.Collect$$libshutdown$$00000007  c_w.l(libshutdown2.o)
    0x08000206   0x08000206   0x00000000   Code   RO         2520    .ARM.Collect$$libshutdown$$0000000A  c_w.l(libshutdown2.o)
    0x08000206   0x08000206   0x00000000   Code   RO         2522    .ARM.Collect$$libshutdown$$0000000C  c_w.l(libshutdown2.o)
    0x08000206   0x08000206   0x00000000   Code   RO         2525    .ARM.Collect$$libshutdown$$0000000F  c_w.l(libshutdown2.o)
    0x08000206   0x08000206   0x00000002   Code   RO         2526    .ARM.Collect$$libshutdown$$00000010  c_w.l(libshutdown2.o)
    0x08000208   0x08000208   0x00000000   Code   RO         2149    .ARM.Collect$$rtentry$$00000000  c_w.l(__rtentry.o)
    0x08000208   0x08000208   0x00000000   Code   RO         2279    .ARM.Collect$$rtentry$$00000002  c_w.l(__rtentry2.o)
    0x08000208   0x08000208   0x00000006   Code   RO         2291    .ARM.Collect$$rtentry$$00000004  c_w.l(__rtentry4.o)
    0x0800020e   0x0800020e   0x00000000   Code   RO         2281    .ARM.Collect$$rtentry$$00000009  c_w.l(__rtentry2.o)
    0x0800020e   0x0800020e   0x00000004   Code   RO         2282    .ARM.Collect$$rtentry$$0000000A  c_w.l(__rtentry2.o)
    0x08000212   0x08000212   0x00000000   Code   RO         2284    .ARM.Collect$$rtentry$$0000000C  c_w.l(__rtentry2.o)
    0x08000212   0x08000212   0x00000008   Code   RO         2285    .ARM.Collect$$rtentry$$0000000D  c_w.l(__rtentry2.o)
    0x0800021a   0x0800021a   0x00000002   Code   RO         2388    .ARM.Collect$$rtexit$$00000000  c_w.l(rtexit.o)
    0x0800021c   0x0800021c   0x00000000   Code   RO         2453    .ARM.Collect$$rtexit$$00000002  c_w.l(rtexit2.o)
    0x0800021c   0x0800021c   0x00000004   Code   RO         2454    .ARM.Collect$$rtexit$$00000003  c_w.l(rtexit2.o)
    0x08000220   0x08000220   0x00000006   Code   RO         2455    .ARM.Collect$$rtexit$$00000004  c_w.l(rtexit2.o)
    0x08000226   0x08000226   0x00000002   PAD
    0x08000228   0x08000228   0x00000040   Code   RO            4    .text               startup_stm32f334x8.o
    0x08000268   0x08000268   0x000000f0   Code   RO         2125    .text               c_w.l(lludivv7m.o)
    0x08000358   0x08000358   0x0000004e   Code   RO         2133    .text               c_w.l(rt_memclr_w.o)
    0x080003a6   0x080003a6   0x00000006   Code   RO         2135    .text               c_w.l(heapauxi.o)
    0x080003ac   0x080003ac   0x00000016   Code   RO         2154    .text               c_w.l(_rserrno.o)
    0x080003c2   0x080003c2   0x00000002   PAD
    0x080003c4   0x080003c4   0x00000008   Code   RO         2298    .text               c_w.l(rt_errno_addr_intlibspace.o)
    0x080003cc   0x080003cc   0x00000030   Code   RO         2302    .text               c_w.l(_fptrap.o)
    0x080003fc   0x080003fc   0x00000008   Code   RO         2326    .text               c_w.l(libspace.o)
    0x08000404   0x08000404   0x0000004a   Code   RO         2329    .text               c_w.l(sys_stackheap_outer.o)
    0x0800044e   0x0800044e   0x00000012   Code   RO         2370    .text               c_w.l(exit.o)
    0x08000460   0x08000460   0x0000000e   Code   RO         2372    .text               c_w.l(defsig_fpe_outer.o)
    0x0800046e   0x0800046e   0x0000000a   Code   RO         2397    .text               c_w.l(defsig_exit.o)
    0x08000478   0x08000478   0x000000ac   Code   RO         2399    .text               c_w.l(defsig_fpe_inner.o)
    0x08000524   0x08000524   0x0000000c   Code   RO         2448    .text               c_w.l(sys_exit.o)
    0x08000530   0x08000530   0x00000032   Code   RO         2463    .text               c_w.l(defsig_general.o)
    0x08000562   0x08000562   0x0000000e   Code   RO         2469    .text               c_w.l(sys_wrch.o)
    0x08000570   0x08000570   0x00000002   Code   RO         2473    .text               c_w.l(use_no_semi.o)
    0x08000572   0x08000572   0x00000000   Code   RO         2475    .text               c_w.l(indicate_semi.o)
    0x08000572   0x08000572   0x00000002   PAD
    0x08000574   0x08000574   0x0000007c   Code   RO          423    .text.ADC_DMAConvCplt  stm32f3xx_hal_adc_ex.o
    0x080005f0   0x080005f0   0x0000002a   Code   RO          427    .text.ADC_DMAError  stm32f3xx_hal_adc_ex.o
    0x0800061a   0x0800061a   0x00000002   PAD
    0x0800061c   0x0800061c   0x00000016   Code   RO          425    .text.ADC_DMAHalfConvCplt  stm32f3xx_hal_adc_ex.o
    0x08000632   0x08000632   0x00000002   PAD
    0x08000634   0x08000634   0x000000ca   Code   RO          401    .text.ADC_Disable   stm32f3xx_hal_adc_ex.o
    0x080006fe   0x080006fe   0x00000002   PAD
    0x08000700   0x08000700   0x000000be   Code   RO          409    .text.ADC_Enable    stm32f3xx_hal_adc_ex.o
    0x080007be   0x080007be   0x00000002   PAD
    0x080007c0   0x080007c0   0x00000004   Code   RO          315    .text.BusFault_Handler  stm32f3xx_it.o
    0x080007c4   0x080007c4   0x00000010   Code   RO          327    .text.DMA1_Channel1_IRQHandler  stm32f3xx_it.o
    0x080007d4   0x080007d4   0x00000010   Code   RO          329    .text.DMA1_Channel2_IRQHandler  stm32f3xx_it.o
    0x080007e4   0x080007e4   0x00000036   Code   RO          628    .text.DMA_CalcBaseAndBitshift  stm32f3xx_hal_dma.o
    0x0800081a   0x0800081a   0x00000002   PAD
    0x0800081c   0x0800081c   0x00000052   Code   RO          634    .text.DMA_SetConfig  stm32f3xx_hal_dma.o
    0x0800086e   0x0800086e   0x00000002   PAD
    0x08000870   0x08000870   0x00000002   Code   RO          321    .text.DebugMon_Handler  stm32f3xx_it.o
    0x08000872   0x08000872   0x00000002   PAD
    0x08000874   0x08000874   0x0000000e   Code   RO          111    .text.Error_Handler  main.o
    0x08000882   0x08000882   0x00000002   PAD
    0x08000884   0x08000884   0x000001c4   Code   RO          481    .text.HAL_ADCEx_MultiModeConfigChannel  stm32f3xx_hal_adc_ex.o
    0x08000a48   0x08000a48   0x0000053a   Code   RO          475    .text.HAL_ADC_ConfigChannel  stm32f3xx_hal_adc_ex.o
    0x08000f82   0x08000f82   0x00000002   PAD
    0x08000f84   0x08000f84   0x00000008   Code   RO          376    .text.HAL_ADC_ConvCpltCallback  stm32f3xx_hal_adc.o
    0x08000f8c   0x08000f8c   0x00000008   Code   RO          378    .text.HAL_ADC_ConvHalfCpltCallback  stm32f3xx_hal_adc.o
    0x08000f94   0x08000f94   0x00000008   Code   RO          382    .text.HAL_ADC_ErrorCallback  stm32f3xx_hal_adc.o
    0x08000f9c   0x08000f9c   0x00000356   Code   RO          399    .text.HAL_ADC_Init  stm32f3xx_hal_adc_ex.o
    0x080012f2   0x080012f2   0x00000002   PAD
    0x080012f4   0x080012f4   0x000001e0   Code   RO          196    .text.HAL_ADC_MspInit  adc.o
    0x080014d4   0x080014d4   0x000001f4   Code   RO          421    .text.HAL_ADC_Start_DMA  stm32f3xx_hal_adc_ex.o
    0x080016c8   0x080016c8   0x00000132   Code   RO         1058    .text.HAL_COMP_Init  stm32f3xx_hal_comp.o
    0x080017fa   0x080017fa   0x00000002   PAD
    0x080017fc   0x080017fc   0x000000aa   Code   RO          215    .text.HAL_COMP_MspInit  comp.o
    0x080018a6   0x080018a6   0x00000002   PAD
    0x080018a8   0x080018a8   0x000000f6   Code   RO         1164    .text.HAL_DAC_ConfigChannel  stm32f3xx_hal_dac_ex.o
    0x0800199e   0x0800199e   0x00000002   PAD
    0x080019a0   0x080019a0   0x0000004e   Code   RO         1093    .text.HAL_DAC_Init  stm32f3xx_hal_dac.o
    0x080019ee   0x080019ee   0x00000002   PAD
    0x080019f0   0x080019f0   0x0000003a   Code   RO          230    .text.HAL_DAC_MspInit  dac.o
    0x08001a2a   0x08001a2a   0x00000002   PAD
    0x08001a2c   0x08001a2c   0x00000146   Code   RO          644    .text.HAL_DMA_IRQHandler  stm32f3xx_hal_dma.o
    0x08001b72   0x08001b72   0x00000002   PAD
    0x08001b74   0x08001b74   0x0000008a   Code   RO          626    .text.HAL_DMA_Init  stm32f3xx_hal_dma.o
    0x08001bfe   0x08001bfe   0x00000002   PAD
    0x08001c00   0x08001c00   0x000000cc   Code   RO          636    .text.HAL_DMA_Start_IT  stm32f3xx_hal_dma.o
    0x08001ccc   0x08001ccc   0x0000033e   Code   RO          603    .text.HAL_GPIO_Init  stm32f3xx_hal_gpio.o
    0x0800200a   0x0800200a   0x00000002   PAD
    0x0800200c   0x0800200c   0x0000002a   Code   RO          611    .text.HAL_GPIO_TogglePin  stm32f3xx_hal_gpio.o
    0x08002036   0x08002036   0x00000002   PAD
    0x08002038   0x08002038   0x00000032   Code   RO          609    .text.HAL_GPIO_WritePin  stm32f3xx_hal_gpio.o
    0x0800206a   0x0800206a   0x00000002   PAD
    0x0800206c   0x0800206c   0x0000000c   Code   RO          502    .text.HAL_GetTick   stm32f3xx_hal.o
    0x08002078   0x08002078   0x00000158   Code   RO         1299    .text.HAL_HRTIM_ADCTriggerConfig  stm32f3xx_hal_hrtim.o
    0x080021d0   0x080021d0   0x000000ae   Code   RO         1191    .text.HAL_HRTIM_DLLCalibrationStart  stm32f3xx_hal_hrtim.o
    0x0800227e   0x0800227e   0x00000002   PAD
    0x08002280   0x08002280   0x00000114   Code   RO         1311    .text.HAL_HRTIM_DeadTimeConfig  stm32f3xx_hal_hrtim.o
    0x08002394   0x08002394   0x000001a0   Code   RO         1183    .text.HAL_HRTIM_Init  stm32f3xx_hal_hrtim.o
    0x08002534   0x08002534   0x0000003a   Code   RO          254    .text.HAL_HRTIM_MspInit  hrtim.o
    0x0800256e   0x0800256e   0x00000002   PAD
    0x08002570   0x08002570   0x000000bc   Code   RO          252    .text.HAL_HRTIM_MspPostInit  hrtim.o
    0x0800262c   0x0800262c   0x00000080   Code   RO         1195    .text.HAL_HRTIM_PollForDLLCalibration  stm32f3xx_hal_hrtim.o
    0x080026ac   0x080026ac   0x0000005c   Code   RO         1197    .text.HAL_HRTIM_TimeBaseConfig  stm32f3xx_hal_hrtim.o
    0x08002708   0x08002708   0x000002c4   Code   RO         1317    .text.HAL_HRTIM_WaveformCompareConfig  stm32f3xx_hal_hrtim.o
    0x080029cc   0x080029cc   0x00000060   Code   RO         1329    .text.HAL_HRTIM_WaveformCountStart  stm32f3xx_hal_hrtim.o
    0x08002a2c   0x08002a2c   0x0000007a   Code   RO         1321    .text.HAL_HRTIM_WaveformOutputConfig  stm32f3xx_hal_hrtim.o
    0x08002aa6   0x08002aa6   0x00000002   PAD
    0x08002aa8   0x08002aa8   0x00000064   Code   RO         1325    .text.HAL_HRTIM_WaveformOutputStart  stm32f3xx_hal_hrtim.o
    0x08002b0c   0x08002b0c   0x000000ec   Code   RO         1301    .text.HAL_HRTIM_WaveformTimerConfig  stm32f3xx_hal_hrtim.o
    0x08002bf8   0x08002bf8   0x00000098   Code   RO         1014    .text.HAL_I2CEx_ConfigAnalogFilter  stm32f3xx_hal_i2c_ex.o
    0x08002c90   0x08002c90   0x000000a2   Code   RO         1016    .text.HAL_I2CEx_ConfigDigitalFilter  stm32f3xx_hal_i2c_ex.o
    0x08002d32   0x08002d32   0x00000002   PAD
    0x08002d34   0x08002d34   0x00000108   Code   RO          849    .text.HAL_I2C_Init  stm32f3xx_hal_i2c.o
    0x08002e3c   0x08002e3c   0x00000136   Code   RO          268    .text.HAL_I2C_MspInit  i2c.o
    0x08002f72   0x08002f72   0x00000002   PAD
    0x08002f74   0x08002f74   0x0000001a   Code   RO          500    .text.HAL_IncTick   stm32f3xx_hal.o
    0x08002f8e   0x08002f8e   0x00000002   PAD
    0x08002f90   0x08002f90   0x0000002e   Code   RO          490    .text.HAL_Init      stm32f3xx_hal.o
    0x08002fbe   0x08002fbe   0x00000002   PAD
    0x08002fc0   0x08002fc0   0x00000072   Code   RO          492    .text.HAL_InitTick  stm32f3xx_hal.o
    0x08003032   0x08003032   0x00000002   PAD
    0x08003034   0x08003034   0x00000042   Code   RO          340    .text.HAL_MspInit   stm32f3xx_hal_msp.o
    0x08003076   0x08003076   0x00000002   PAD
    0x08003078   0x08003078   0x00000018   Code   RO          673    .text.HAL_NVIC_EnableIRQ  stm32f3xx_hal_cortex.o
    0x08003090   0x08003090   0x00000040   Code   RO          665    .text.HAL_NVIC_SetPriority  stm32f3xx_hal_cortex.o
    0x080030d0   0x080030d0   0x00000010   Code   RO          661    .text.HAL_NVIC_SetPriorityGrouping  stm32f3xx_hal_cortex.o
    0x080030e0   0x080030e0   0x0000028a   Code   RO          587    .text.HAL_RCCEx_PeriphCLKConfig  stm32f3xx_hal_rcc_ex.o
    0x0800336a   0x0800336a   0x00000002   PAD
    0x0800336c   0x0800336c   0x0000031e   Code   RO          554    .text.HAL_RCC_ClockConfig  stm32f3xx_hal_rcc.o
    0x0800368a   0x0800368a   0x00000002   PAD
    0x0800368c   0x0800368c   0x0000000c   Code   RO          564    .text.HAL_RCC_GetHCLKFreq  stm32f3xx_hal_rcc.o
    0x08003698   0x08003698   0x00000022   Code   RO          566    .text.HAL_RCC_GetPCLK1Freq  stm32f3xx_hal_rcc.o
    0x080036ba   0x080036ba   0x00000002   PAD
    0x080036bc   0x080036bc   0x00000022   Code   RO          568    .text.HAL_RCC_GetPCLK2Freq  stm32f3xx_hal_rcc.o
    0x080036de   0x080036de   0x00000002   PAD
    0x080036e0   0x080036e0   0x000000c6   Code   RO          556    .text.HAL_RCC_GetSysClockFreq  stm32f3xx_hal_rcc.o
    0x080037a6   0x080037a6   0x00000002   PAD
    0x080037a8   0x080037a8   0x00000ac6   Code   RO          552    .text.HAL_RCC_OscConfig  stm32f3xx_hal_rcc.o
    0x0800426e   0x0800426e   0x00000002   PAD
    0x08004270   0x08004270   0x00000010   Code   RO          685    .text.HAL_SYSTICK_Config  stm32f3xx_hal_cortex.o
    0x08004280   0x08004280   0x00000008   Code   RO         1774    .text.HAL_TIMEx_Break2Callback  stm32f3xx_hal_tim_ex.o
    0x08004288   0x08004288   0x00000008   Code   RO         1772    .text.HAL_TIMEx_BreakCallback  stm32f3xx_hal_tim_ex.o
    0x08004290   0x08004290   0x00000008   Code   RO         1768    .text.HAL_TIMEx_CommutCallback  stm32f3xx_hal_tim_ex.o
    0x08004298   0x08004298   0x000000b2   Code   RO         1443    .text.HAL_TIM_Base_Init  stm32f3xx_hal_tim.o
    0x0800434a   0x0800434a   0x00000002   PAD
    0x0800434c   0x0800434c   0x00000050   Code   RO          283    .text.HAL_TIM_Base_MspInit  tim.o
    0x0800439c   0x0800439c   0x000000be   Code   RO         1457    .text.HAL_TIM_Base_Start_IT  stm32f3xx_hal_tim.o
    0x0800445a   0x0800445a   0x00000002   PAD
    0x0800445c   0x0800445c   0x00000008   Code   RO         1579    .text.HAL_TIM_IC_CaptureCallback  stm32f3xx_hal_tim.o
    0x08004464   0x08004464   0x000002bc   Code   RO         1577    .text.HAL_TIM_IRQHandler  stm32f3xx_hal_tim.o
    0x08004720   0x08004720   0x00000008   Code   RO         1581    .text.HAL_TIM_OC_DelayElapsedCallback  stm32f3xx_hal_tim.o
    0x08004728   0x08004728   0x00000008   Code   RO         1583    .text.HAL_TIM_PWM_PulseFinishedCallback  stm32f3xx_hal_tim.o
    0x08004730   0x08004730   0x0000003e   Code   RO           91    .text.HAL_TIM_PeriodElapsedCallback  main.o
    0x0800476e   0x0800476e   0x00000002   PAD
    0x08004770   0x08004770   0x00000008   Code   RO         1587    .text.HAL_TIM_TriggerCallback  stm32f3xx_hal_tim.o
    0x08004778   0x08004778   0x000000ae   Code   RO         1787    .text.HAL_UART_Init  stm32f3xx_hal_uart.o
    0x08004826   0x08004826   0x00000002   PAD
    0x08004828   0x08004828   0x00000088   Code   RO          297    .text.HAL_UART_MspInit  usart.o
    0x080048b0   0x080048b0   0x0000008c   Code   RO         1307    .text.HRTIM_ForceRegistersUpdate  stm32f3xx_hal_hrtim.o
    0x0800493c   0x0800493c   0x00000052   Code   RO         1199    .text.HRTIM_MasterBase_Config  stm32f3xx_hal_hrtim.o
    0x0800498e   0x0800498e   0x00000002   PAD
    0x08004990   0x08004990   0x000000c0   Code   RO         1303    .text.HRTIM_MasterWaveform_Config  stm32f3xx_hal_hrtim.o
    0x08004a50   0x08004a50   0x00000172   Code   RO         1225    .text.HRTIM_OutputConfig  stm32f3xx_hal_hrtim.o
    0x08004bc2   0x08004bc2   0x00000002   PAD
    0x08004bc4   0x08004bc4   0x00000074   Code   RO         1201    .text.HRTIM_TimingUnitBase_Config  stm32f3xx_hal_hrtim.o
    0x08004c38   0x08004c38   0x0000026c   Code   RO         1305    .text.HRTIM_TimingUnitWaveform_Config  stm32f3xx_hal_hrtim.o
    0x08004ea4   0x08004ea4   0x00000004   Code   RO          311    .text.HardFault_Handler  stm32f3xx_it.o
    0x08004ea8   0x08004ea8   0x00000154   Code   RO          192    .text.MX_ADC1_Init  adc.o
    0x08004ffc   0x08004ffc   0x00000086   Code   RO          194    .text.MX_ADC2_Init  adc.o
    0x08005082   0x08005082   0x00000002   PAD
    0x08005084   0x08005084   0x00000036   Code   RO          211    .text.MX_COMP2_Init  comp.o
    0x080050ba   0x080050ba   0x00000002   PAD
    0x080050bc   0x080050bc   0x00000036   Code   RO          213    .text.MX_COMP6_Init  comp.o
    0x080050f2   0x080050f2   0x00000002   PAD
    0x080050f4   0x080050f4   0x00000054   Code   RO          228    .text.MX_DAC1_Init  dac.o
    0x08005148   0x08005148   0x0000004c   Code   RO          242    .text.MX_DMA_Init   dma.o
    0x08005194   0x08005194   0x00000112   Code   RO          184    .text.MX_GPIO_Init  gpio.o
    0x080052a6   0x080052a6   0x00000002   PAD
    0x080052a8   0x080052a8   0x0000056c   Code   RO          250    .text.MX_HRTIM1_Init  hrtim.o
    0x08005814   0x08005814   0x00000076   Code   RO          266    .text.MX_I2C1_Init  i2c.o
    0x0800588a   0x0800588a   0x00000002   PAD
    0x0800588c   0x0800588c   0x00000038   Code   RO          281    .text.MX_TIM17_Init  tim.o
    0x080058c4   0x080058c4   0x00000040   Code   RO          295    .text.MX_USART1_UART_Init  usart.o
    0x08005904   0x08005904   0x00000004   Code   RO          313    .text.MemManage_Handler  stm32f3xx_it.o
    0x08005908   0x08005908   0x00000004   Code   RO          309    .text.NMI_Handler   stm32f3xx_it.o
    0x0800590c   0x0800590c   0x0000006e   Code   RO          671    .text.NVIC_EncodePriority  stm32f3xx_hal_cortex.o
    0x0800597a   0x0800597a   0x00000002   PAD
    0x0800597c   0x0800597c   0x0000023a   Code   RO           56    .text.PID_calc      pid.o
    0x08005bb6   0x08005bb6   0x00000002   PAD
    0x08005bb8   0x08005bb8   0x00000082   Code   RO           54    .text.PID_init      pid.o
    0x08005c3a   0x08005c3a   0x00000002   PAD
    0x08005c3c   0x08005c3c   0x00000002   Code   RO          323    .text.PendSV_Handler  stm32f3xx_it.o
    0x08005c3e   0x08005c3e   0x00000002   PAD
    0x08005c40   0x08005c40   0x00000002   Code   RO          319    .text.SVC_Handler   stm32f3xx_it.o
    0x08005c42   0x08005c42   0x00000002   PAD
    0x08005c44   0x08005c44   0x00000052   Code   RO          687    .text.SysTick_Config  stm32f3xx_hal_cortex.o
    0x08005c96   0x08005c96   0x00000002   PAD
    0x08005c98   0x08005c98   0x00000008   Code   RO          325    .text.SysTick_Handler  stm32f3xx_it.o
    0x08005ca0   0x08005ca0   0x000000b4   Code   RO          109    .text.SystemClock_Config  main.o
    0x08005d54   0x08005d54   0x00000012   Code   RO         1953    .text.SystemInit    system_stm32f3xx.o
    0x08005d66   0x08005d66   0x00000002   PAD
    0x08005d68   0x08005d68   0x00000010   Code   RO          331    .text.TIM1_TRG_COM_TIM17_IRQHandler  stm32f3xx_it.o
    0x08005d78   0x08005d78   0x00000130   Code   RO         1447    .text.TIM_Base_SetConfig  stm32f3xx_hal_tim.o
    0x08005ea8   0x08005ea8   0x0000014a   Code   RO         1793    .text.UART_AdvFeatureConfig  stm32f3xx_hal_uart.o
    0x08005ff2   0x08005ff2   0x00000002   PAD
    0x08005ff4   0x08005ff4   0x000000a8   Code   RO         1795    .text.UART_CheckIdleState  stm32f3xx_hal_uart.o
    0x0800609c   0x0800609c   0x0000027a   Code   RO         1791    .text.UART_SetConfig  stm32f3xx_hal_uart.o
    0x08006316   0x08006316   0x00000002   PAD
    0x08006318   0x08006318   0x00000108   Code   RO         1809    .text.UART_WaitOnFlagUntilTimeout  stm32f3xx_hal_uart.o
    0x08006420   0x08006420   0x00000004   Code   RO          317    .text.UsageFault_Handler  stm32f3xx_it.o
    0x08006424   0x08006424   0x00000034   Code   RO          675    .text.__NVIC_EnableIRQ  stm32f3xx_hal_cortex.o
    0x08006458   0x08006458   0x00000010   Code   RO          667    .text.__NVIC_GetPriorityGrouping  stm32f3xx_hal_cortex.o
    0x08006468   0x08006468   0x00000044   Code   RO          669    .text.__NVIC_SetPriority  stm32f3xx_hal_cortex.o
    0x080064ac   0x080064ac   0x0000003c   Code   RO          663    .text.__NVIC_SetPriorityGrouping  stm32f3xx_hal_cortex.o
    0x080064e8   0x080064e8   0x00000054   Code   RO           71    .text.clarke_amp    main.o
    0x0800653c   0x0800653c   0x00000062   Code   RO           81    .text.ipark         main.o
    0x0800659e   0x0800659e   0x00000002   PAD
    0x080065a0   0x080065a0   0x00000698   Code   RO          107    .text.main          main.o
    0x08006c38   0x08006c38   0x00000062   Code   RO           79    .text.park          main.o
    0x08006c9a   0x08006c9a   0x00000002   PAD
    0x08006c9c   0x08006c9c   0x000000a8   Code   RO           95    .text.sector_1      main.o
    0x08006d44   0x08006d44   0x000000aa   Code   RO           97    .text.sector_2      main.o
    0x08006dee   0x08006dee   0x00000002   PAD
    0x08006df0   0x08006df0   0x000000aa   Code   RO           99    .text.sector_3      main.o
    0x08006e9a   0x08006e9a   0x00000002   PAD
    0x08006e9c   0x08006e9c   0x000000aa   Code   RO          101    .text.sector_4      main.o
    0x08006f46   0x08006f46   0x00000002   PAD
    0x08006f48   0x08006f48   0x000000aa   Code   RO          103    .text.sector_5      main.o
    0x08006ff2   0x08006ff2   0x00000002   PAD
    0x08006ff4   0x08006ff4   0x000000ac   Code   RO          105    .text.sector_6      main.o
    0x080070a0   0x080070a0   0x0000005e   Code   RO           89    .text.set_PWM       main.o
    0x080070fe   0x080070fe   0x0000003a   Code   RO         2143    i.__hardfp_sqrtf    m_wm.l(sqrtf.o)
    0x08007138   0x08007138   0x000002c4   Code   RO         2139    x$fpl$d2f           g_wm.l(d2f_clz.o)
    0x080073fc   0x080073fc   0x0000001a   Code   RO         2251    x$fpl$dfltn         g_wm.l(dflt_clz.o)
    0x08007416   0x08007416   0x00000102   Code   RO         2255    x$fpl$dnaninf       g_wm.l(dnaninf.o)
    0x08007518   0x08007518   0x00000070   Code   RO         2382    x$fpl$drenorm       g_wm.l(drenorm_clz.o)
    0x08007588   0x08007588   0x0000000c   Code   RO         2257    x$fpl$dretinf       g_wm.l(dretinf.o)
    0x08007594   0x08007594   0x0000017a   Code   RO         2322    x$fpl$dunder        g_wm.l(dunder_clz.o)
    0x0800770e   0x0800770e   0x00000002   PAD
    0x08007710   0x08007710   0x000001ec   Code   RO         2259    x$fpl$exception     g_wm.l(except.o)
    0x080078fc   0x080078fc   0x0000007a   Code   RO         2141    x$fpl$f2d           g_wm.l(f2d.o)
    0x08007976   0x08007976   0x000000f2   Code   RO         2261    x$fpl$fnaninf       g_wm.l(fnaninf.o)
    0x08007a68   0x08007a68   0x00000016   Code   RO         2467    x$fpl$fpinit        g_wm.l(fpinit.o)
    0x08007a7e   0x08007a7e   0x0000000a   Code   RO         2263    x$fpl$fretinf       g_wm.l(fretinf.o)
    0x08007a88   0x08007a88   0x0000013c   Code   RO         2265    x$fpl$funder        g_wm.l(funder_clz.o)
    0x08007bc4   0x08007bc4   0x000000b2   Code   RO         2324    x$fpl$retnan        g_wm.l(retnan.o)
    0x08007c76   0x08007c76   0x0000007e   Code   RO         2275    x$fpl$trapveneer    g_wm.l(trapv.o)
    0x08007cf4   0x08007cf4   0x00000000   Code   RO         2277    x$fpl$usenofp       g_wm.l(usenofp.o)
    0x08007cf4   0x08007cf4   0x00000010   Data   RO         1958    .rodata.AHBPrescTable  system_stm32f3xx.o
    0x08007d04   0x08007d04   0x00000008   Data   RO         1959    .rodata.APBPrescTable  system_stm32f3xx.o
    0x08007d0c   0x08007d0c   0x00000010   Data   RO          578    .rodata.aPLLMULFactorTable  stm32f3xx_hal_rcc.o
    0x08007d1c   0x08007d1c   0x00000010   Data   RO          579    .rodata.aPredivFactorTable  stm32f3xx_hal_rcc.o
    0x08007d2c   0x08007d2c   0x0000000c   Data   RO          121    .rodata.curr_d_p_i_d  main.o
    0x08007d38   0x08007d38   0x0000000c   Data   RO          120    .rodata.curr_q_p_i_d  main.o
    0x08007d44   0x08007d44   0x0000000c   Data   RO          124    .rodata.vol_DC_p_i_d  main.o
    0x08007d50   0x08007d50   0x0000000c   Data   RO          122    .rodata.vol_d_p_i_d  main.o
    0x08007d5c   0x08007d5c   0x0000000c   Data   RO          123    .rodata.vol_q_p_i_d  main.o
    0x08007d68   0x08007d68   0x00000020   Data   RO         2528    Region$$Table       anon$$obj.o


    Execution Region RW_IRAM1 (Exec base: 0x20000000, Load base: 0x08007d88, Size: 0x00000c90, Max: 0x00003000, ABSOLUTE)

    Exec Addr    Load Addr    Size         Type   Attr      Idx    E Section Name        Object

    0x20000000   0x08007d88   0x00000004   Data   RW         1957    .data.SystemCoreClock  system_stm32f3xx.o
    0x20000004   0x08007d8c   0x00000002   Data   RW          148    .data.T             main.o
    0x20000006   0x08007d8e   0x00000002   PAD
    0x20000008   0x08007d90   0x00000004   Data   RW          147    .data.V_DC          main.o
    0x2000000c   0x08007d94   0x0000000c   Data   RW          139    .data.abc_curr_out_samp  main.o
    0x20000018   0x08007da0   0x0000000c   Data   RW          142    .data.abc_vol_out_samp  main.o
    0x20000024   0x08007dac   0x00000008   Data   RW          140    .data.al_be_curr_out_samp  main.o
    0x2000002c   0x08007db4   0x00000008   Data   RW          143    .data.al_be_vol_out_samp  main.o
    0x20000034   0x08007dbc   0x00000004   Data   RW          137    .data.curr_set      main.o
    0x20000038   0x08007dc0   0x00000008   Data   RW          141    .data.dq_curr_out_samp  main.o
    0x20000040   0x08007dc8   0x00000008   Data   RW          136    .data.dq_vol_set_open_loop  main.o
    0x20000048   0x08007dd0   0x00000001   Data   RW          149    .data.pwm_need_cal_flag  main.o
    0x20000049   0x08007dd1   0x00000001   Data   RW          146    .data.sector        main.o
    0x2000004a   0x08007dd2   0x00000001   Data   RW          541    .data.uwTickFreq    stm32f3xx_hal.o
    0x2000004b   0x08007dd3   0x00000001   PAD
    0x2000004c   0x08007dd4   0x00000004   Data   RW          540    .data.uwTickPrio    stm32f3xx_hal.o
    0x20000050        -       0x00000060   Zero   RW         2327    .bss                c_w.l(libspace.o)
    0x200000b0        -       0x00000004   Zero   RW          202    .bss.HAL_RCC_ADC12_CLK_ENABLED  adc.o
    0x200000b4        -       0x00000002   Zero   RW          163    .bss.T0             main.o
    0x200000b6        -       0x00000002   Zero   RW          162    .bss.T7             main.o
    0x200000b8        -       0x00000002   Zero   RW          161    .bss.T_nex          main.o
    0x200000ba        -       0x00000002   Zero   RW          159    .bss.T_per          main.o
    0x200000bc        -       0x00000004   Zero   RW          164    .bss.X              main.o
    0x200000c0        -       0x00000004   Zero   RW          158    .bss.Y              main.o
    0x200000c4        -       0x00000004   Zero   RW          160    .bss.Z              main.o
    0x200000c8        -       0x0000000c   Zero   RW          118    .bss.adc_data       main.o
    0x200000d4        -       0x00000008   Zero   RW          169    .bss.al_be_curr_pid_out  main.o
    0x200000dc        -       0x0000000c   Zero   RW          150    .bss.cail_res       main.o
    0x200000e8        -       0x00000001   Zero   RW          166    .bss.cail_time      main.o
    0x200000e9   0x08007dd8   0x00000003   PAD
    0x200000ec        -       0x00000004   Zero   RW          151    .bss.cos_temp       main.o
    0x200000f0        -       0x00000048   Zero   RW          155    .bss.curr_d_pid     main.o
    0x20000138        -       0x00000034   Zero   RW          116    .bss.curr_d_samp_ave_filter  main.o
    0x2000016c        -       0x00000048   Zero   RW          156    .bss.curr_q_pid     main.o
    0x200001b4        -       0x00000034   Zero   RW          117    .bss.curr_q_samp_ave_filter  main.o
    0x200001e8        -       0x00000008   Zero   RW          168    .bss.dq_curr_pid_out  main.o
    0x200001f0        -       0x00000050   Zero   RW          200    .bss.hadc1          adc.o
    0x20000240        -       0x00000050   Zero   RW          201    .bss.hadc2          adc.o
    0x20000290        -       0x00000030   Zero   RW          219    .bss.hcomp2         comp.o
    0x200002c0        -       0x00000030   Zero   RW          220    .bss.hcomp6         comp.o
    0x200002f0        -       0x00000014   Zero   RW          234    .bss.hdac1          dac.o
    0x20000304        -       0x00000044   Zero   RW          203    .bss.hdma_adc1      adc.o
    0x20000348        -       0x00000044   Zero   RW          273    .bss.hdma_i2c1_tx   i2c.o
    0x2000038c        -       0x000000dc   Zero   RW          258    .bss.hhrtim1        hrtim.o
    0x20000468        -       0x0000004c   Zero   RW          272    .bss.hi2c1          i2c.o
    0x200004b4        -       0x0000004c   Zero   RW          287    .bss.htim17         tim.o
    0x20000500        -       0x00000084   Zero   RW          301    .bss.huart1         usart.o
    0x20000584        -       0x00000010   Zero   RW          138    .bss.pwm            main.o
    0x20000594        -       0x00000018   Zero   RW          165    .bss.sector_fun     main.o
    0x200005ac        -       0x00000004   Zero   RW          167    .bss.sin_cos_temp   main.o
    0x200005b0        -       0x00000004   Zero   RW          152    .bss.sin_temp       main.o
    0x200005b4        -       0x00000004   Zero   RW          542    .bss.uwTick         stm32f3xx_hal.o
    0x200005b8        -       0x00000048   Zero   RW          157    .bss.vol_DC_pid     main.o
    0x20000600        -       0x00000048   Zero   RW          153    .bss.vol_d_pid      main.o
    0x20000648        -       0x00000048   Zero   RW          154    .bss.vol_q_pid      main.o
    0x20000690        -       0x00000200   Zero   RW            2    HEAP                startup_stm32f334x8.o
    0x20000890        -       0x00000400   Zero   RW            1    STACK               startup_stm32f334x8.o


==============================================================================

Image component sizes


      Code (inc. data)   RO Data    RW Data    ZI Data      Debug   Object Name

       954          0          0          0        232       5831   adc.o
       278          0          0          0         96       3059   comp.o
       142          0          0          0         20       3328   dac.o
        76          0          0          0          0       2215   dma.o
       274          0          0          0          0       1746   gpio.o
      1634          0          0          0        220       8258   hrtim.o
       428          0          0          0        144       5143   i2c.o
      3338         36         60         68        577      13073   main.o
       700          0          0          0          0       2235   pid.o
        64         26        392          0       1536        812   startup_stm32f334x8.o
       198          0          0          5          4       5870   stm32f3xx_hal.o
        24          0          0          0          0       6414   stm32f3xx_hal_adc.o
      3724          4          0          0          0      19278   stm32f3xx_hal_adc_ex.o
       306          0          0          0          0       4991   stm32f3xx_hal_comp.o
       508          0          0          0          0       7716   stm32f3xx_hal_cortex.o
        78          0          0          0          0       5167   stm32f3xx_hal_dac.o
       246          0          0          0          0       6769   stm32f3xx_hal_dac_ex.o
       804          0          0          0          0       6215   stm32f3xx_hal_dma.o
       922          0          0          0          0       4905   stm32f3xx_hal_gpio.o
      4212         36          0          0          0      44190   stm32f3xx_hal_hrtim.o
       264          0          0          0          0      33112   stm32f3xx_hal_i2c.o
       314          0          0          0          0       5371   stm32f3xx_hal_i2c_ex.o
        66          0          0          0          0        991   stm32f3xx_hal_msp.o
      3834          0         32          0          0       8086   stm32f3xx_hal_rcc.o
       650          0          0          0          0       3860   stm32f3xx_hal_rcc_ex.o
      1404          0          0          0          0      35888   stm32f3xx_hal_tim.o
        24          0          0          0          0      15361   stm32f3xx_hal_tim_ex.o
      1570         24          0          0          0      19688   stm32f3xx_hal_uart.o
        82          0          0          0          0       1303   stm32f3xx_it.o
        18          0         24          4          0       2080   system_stm32f3xx.o
       136          0          0          0         76       5562   tim.o
       200          0          0          0        132       4483   usart.o

    ----------------------------------------------------------------------
     27594        126        540         80       3040     293000   Object Totals
         0          0         32          0          0          0   (incl. Generated)
       122          0          0          3          3          0   (incl. Padding)

    ----------------------------------------------------------------------

      Code (inc. data)   RO Data    RW Data    ZI Data      Debug   Library Member Name

         8          0          0          0          0         68   __main.o
         0          0          0          0          0          0   __rtentry.o
        12          0          0          0          0          0   __rtentry2.o
         6          0          0          0          0          0   __rtentry4.o
        52          8          0          0          0          0   __scatter.o
        26          0          0          0          0          0   __scatter_copy.o
        28          0          0          0          0          0   __scatter_zi.o
        48          4          0          0          0         84   _fptrap.o
        22          0          0          0          0        100   _rserrno.o
        10          0          0          0          0         68   defsig_exit.o
       172        110          0          0          0         76   defsig_fpe_inner.o
        14          0          0          0          0         80   defsig_fpe_outer.o
        50          0          0          0          0         88   defsig_general.o
        18          0          0          0          0         80   exit.o
         6          0          0          0          0        152   heapauxi.o
         0          0          0          0          0          0   indicate_semi.o
         2          0          0          0          0          0   libinit.o
         6          0          0          0          0          0   libinit2.o
         2          0          0          0          0          0   libshutdown.o
         2          0          0          0          0          0   libshutdown2.o
         8          4          0          0         96         68   libspace.o
       240          0          0          0          0        100   lludivv7m.o
         8          4          0          0          0         68   rt_errno_addr_intlibspace.o
        78          0          0          0          0         80   rt_memclr_w.o
         2          0          0          0          0          0   rtexit.o
        10          0          0          0          0          0   rtexit2.o
        12          4          0          0          0         68   sys_exit.o
        74          0          0          0          0         80   sys_stackheap_outer.o
        14          0          0          0          0         76   sys_wrch.o
         2          0          0          0          0         68   use_no_semi.o
       708         16          0          0          0        140   d2f_clz.o
        26          0          0          0          0        116   dflt_clz.o
       258          4          0          0          0        156   dnaninf.o
       112          0          0          0          0        160   drenorm_clz.o
        12          0          0          0          0        116   dretinf.o
       378          0          0          0          0        168   dunder_clz.o
       492         36          0          0          0        152   except.o
       122          8          0          0          0        132   f2d.o
       242          4          0          0          0        148   fnaninf.o
        22          0          0          0          0        116   fpinit.o
        10          0          0          0          0        116   fretinf.o
       316          0          0          0          0        132   funder_clz.o
       178          0          0          0          0        116   retnan.o
       126          0          0          0          0        148   trapv.o
         0          0          0          0          0          0   usenofp.o
        58          0          0          0          0        136   sqrtf.o

    ----------------------------------------------------------------------
      4002        202          0          0         96       3456   Library Totals
        10          0          0          0          0          0   (incl. Padding)

    ----------------------------------------------------------------------

      Code (inc. data)   RO Data    RW Data    ZI Data      Debug   Library Name

       932        134          0          0         96       1404   c_w.l
      3002         68          0          0          0       1916   g_wm.l
        58          0          0          0          0        136   m_wm.l

    ----------------------------------------------------------------------
      4002        202          0          0         96       3456   Library Totals

    ----------------------------------------------------------------------

==============================================================================


      Code (inc. data)   RO Data    RW Data    ZI Data      Debug   

     31596        328        540         80       3136     294000   Grand Totals
     31596        328        540         80       3136     294000   ELF Image Totals
     31596        328        540         80          0          0   ROM Totals

==============================================================================

    Total RO  Size (Code + RO Data)                32136 (  31.38kB)
    Total RW  Size (RW Data + ZI Data)              3216 (   3.14kB)
    Total ROM Size (Code + RO Data + RW Data)      32216 (  31.46kB)

==============================================================================

